Archive member included to satisfy reference by file (symbol)

/usr/lib/gcc/arm-none-eabi/5.2.0/armv7-m/libgcc.a(_lshrdi3.o)
                              ./Drivers/STM32F1xx_HAL_Driver/Src/stm32f1xx_hal_flash.o (__aeabi_llsr)
/usr/lib/gcc/arm-none-eabi/5.2.0/../../../../arm-none-eabi/lib/armv7-m/libg.a(lib_a-memset.o)
                              ./Drivers/STM32F1xx_HAL_Driver/Src/stm32f1xx_hal_rcc.o (memset)
/usr/lib/gcc/arm-none-eabi/5.2.0/../../../../arm-none-eabi/lib/armv7-m/libg.a(lib_a-strcpy.o)
                              ./Src/main.o (strcpy)
/usr/lib/gcc/arm-none-eabi/5.2.0/../../../../arm-none-eabi/lib/armv7-m/libg.a(lib_a-strlen.o)
                              ./Src/logging.o (strlen)

Allocating common symbols
Common symbol       size              file

uartsend_new        0x1               ./Src/main.o
schedTasks          0x40              ./Src/main.o
frequency           0x40              ./Src/moistureMeasure.o
ptrTimer3Ref        0x4               ./Src/moistureMeasure.o
spisend             0x10              ./Src/main.o
spirecv             0x10              ./Src/main.o
pFlash              0x20              ./Drivers/STM32F1xx_HAL_Driver/Src/stm32f1xx_hal_flash.o
spiRecvIdx          0x1               ./Src/spicomm.o
uartsend            0x10              ./Src/main.o
htim3               0x3c              ./Src/main.o
huart1              0x40              ./Src/main.o
spiRecvBuf          0x7f0             ./Src/spicomm.o
Timer3Channel       0x4               ./Src/moistureMeasure.o
hspi1               0x58              ./Src/main.o
htim2               0x3c              ./Src/main.o
spiSendBuf          0x7f0             ./Src/spicomm.o
cycleTicker         0x4               ./Src/main.o

Discarded input sections

 .text          0x0000000000000000        0x0 ./Src/_write.o
 .data          0x0000000000000000        0x0 ./Src/_write.o
 .bss           0x0000000000000000        0x0 ./Src/_write.o
 .debug_line    0x0000000000000000        0x0 ./Src/_write.o
 .debug_str     0x0000000000000000       0xce ./Src/_write.o
 .comment       0x0000000000000000       0x1e ./Src/_write.o
 .ARM.attributes
                0x0000000000000000       0x33 ./Src/_write.o
 .text          0x0000000000000000        0x0 ./Src/isr_moisture.o
 .data          0x0000000000000000        0x0 ./Src/isr_moisture.o
 .bss           0x0000000000000000        0x0 ./Src/isr_moisture.o
 .text.getFrequencyOfChannel
                0x0000000000000000        0xc ./Src/isr_moisture.o
 .text.HAL_TIM_IC_CaptureCallback
                0x0000000000000000       0x88 ./Src/isr_moisture.o
 .bss.Capture   0x0000000000000000        0x4 ./Src/isr_moisture.o
 .bss.TIM1Freq  0x0000000000000000        0x8 ./Src/isr_moisture.o
 .bss.CaptureNumber
                0x0000000000000000        0x2 ./Src/isr_moisture.o
 .bss.IC3ReadValue1
                0x0000000000000000        0x2 ./Src/isr_moisture.o
 .bss.IC3ReadValue2
                0x0000000000000000        0x2 ./Src/isr_moisture.o
 .debug_info    0x0000000000000000      0x5a4 ./Src/isr_moisture.o
 .debug_abbrev  0x0000000000000000      0x181 ./Src/isr_moisture.o
 .debug_loc     0x0000000000000000       0x21 ./Src/isr_moisture.o
 .debug_aranges
                0x0000000000000000       0x28 ./Src/isr_moisture.o
 .debug_ranges  0x0000000000000000       0x18 ./Src/isr_moisture.o
 .debug_line    0x0000000000000000      0x1c0 ./Src/isr_moisture.o
 .debug_str     0x0000000000000000      0x5cb ./Src/isr_moisture.o
 .comment       0x0000000000000000       0x1e ./Src/isr_moisture.o
 .debug_frame   0x0000000000000000       0x3c ./Src/isr_moisture.o
 .ARM.attributes
                0x0000000000000000       0x33 ./Src/isr_moisture.o
 .text          0x0000000000000000        0x0 ./Src/logging.o
 .data          0x0000000000000000        0x0 ./Src/logging.o
 .bss           0x0000000000000000        0x0 ./Src/logging.o
 .text.logSetDestination
                0x0000000000000000        0xc ./Src/logging.o
 .text          0x0000000000000000        0x0 ./Src/main.o
 .data          0x0000000000000000        0x0 ./Src/main.o
 .bss           0x0000000000000000        0x0 ./Src/main.o
 .text.schedInit
                0x0000000000000000       0x1c ./Src/main.o
 .text          0x0000000000000000        0x0 ./Src/moistureMeasure.o
 .data          0x0000000000000000        0x0 ./Src/moistureMeasure.o
 .bss           0x0000000000000000        0x0 ./Src/moistureMeasure.o
 .text.getMoisture
                0x0000000000000000        0x4 ./Src/moistureMeasure.o
 .text.printMoisture
                0x0000000000000000       0x28 ./Src/moistureMeasure.o
 .text.EnableMeasureInterrupt
                0x0000000000000000       0x12 ./Src/moistureMeasure.o
 .text.MeasureInit
                0x0000000000000000       0x28 ./Src/moistureMeasure.o
 .text.startSensorCapture
                0x0000000000000000       0x24 ./Src/moistureMeasure.o
 .text.initMoistureMeasure
                0x0000000000000000       0x24 ./Src/moistureMeasure.o
[...]
Memory Configuration

Name             Origin             Length             Attributes
FLASH            0x0000000008000000 0x0000000000010000 xr
RAM              0x0000000020000000 0x0000000000005000 xrw
*default*        0x0000000000000000 0xffffffffffffffff

Linker script and memory map

LOAD ./Src/_write.o
LOAD ./Src/isr_moisture.o
LOAD ./Src/logging.o
LOAD ./Src/main.o
LOAD ./Src/moistureMeasure.o
LOAD ./Src/motors.o
LOAD ./Src/printf.o
LOAD ./Src/spicomm.o
LOAD ./Src/startup_stm32f103xb.o
LOAD ./Src/stm32f1xx_hal_msp.o
LOAD ./Src/stm32f1xx_it.o
LOAD ./Drivers/STM32F1xx_HAL_Driver/Src/stm32f1xx_hal.o
LOAD ./Drivers/STM32F1xx_HAL_Driver/Src/stm32f1xx_hal_cortex.o
LOAD ./Drivers/STM32F1xx_HAL_Driver/Src/stm32f1xx_hal_dma.o
LOAD ./Drivers/STM32F1xx_HAL_Driver/Src/stm32f1xx_hal_flash.o
LOAD ./Drivers/STM32F1xx_HAL_Driver/Src/stm32f1xx_hal_flash_ex.o
LOAD ./Drivers/STM32F1xx_HAL_Driver/Src/stm32f1xx_hal_gpio.o
LOAD ./Drivers/STM32F1xx_HAL_Driver/Src/stm32f1xx_hal_gpio_ex.o
LOAD ./Drivers/STM32F1xx_HAL_Driver/Src/stm32f1xx_hal_pwr.o
LOAD ./Drivers/STM32F1xx_HAL_Driver/Src/stm32f1xx_hal_rcc.o
LOAD ./Drivers/STM32F1xx_HAL_Driver/Src/stm32f1xx_hal_rcc_ex.o
LOAD ./Drivers/STM32F1xx_HAL_Driver/Src/stm32f1xx_hal_spi.o
LOAD ./Drivers/STM32F1xx_HAL_Driver/Src/stm32f1xx_hal_spi_ex.o
LOAD ./Drivers/STM32F1xx_HAL_Driver/Src/stm32f1xx_hal_tim.o
LOAD ./Drivers/STM32F1xx_HAL_Driver/Src/stm32f1xx_hal_tim_ex.o
LOAD ./Drivers/STM32F1xx_HAL_Driver/Src/stm32f1xx_hal_uart.o
LOAD ./Drivers/STM32F1xx_HAL_Driver/Src/stm32f1xx_hal_usart.o
LOAD ./Drivers/CMSIS/Device/ST/STM32F1xx/Source/Templates/system_stm32f1xx.o
LOAD /usr/lib/gcc/arm-none-eabi/5.2.0/../../../../arm-none-eabi/lib/armv7-m/libstdc++.a
LOAD /usr/lib/gcc/arm-none-eabi/5.2.0/../../../../arm-none-eabi/lib/armv7-m/libm.a
START GROUP
LOAD /usr/lib/gcc/arm-none-eabi/5.2.0/armv7-m/libgcc.a
LOAD /usr/lib/gcc/arm-none-eabi/5.2.0/../../../../arm-none-eabi/lib/armv7-m/libg.a
LOAD /usr/lib/gcc/arm-none-eabi/5.2.0/../../../../arm-none-eabi/lib/armv7-m/libc.a
END GROUP
                0x0000000020005000                _estack = 0x20005000
                0x0000000000000200                _Min_Heap_Size = 0x200
                0x0000000000000400                _Min_Stack_Size = 0x400

.isr_vector     0x0000000008000000      0x10c
                0x0000000008000000                . = ALIGN (0x4)
 *(.isr_vector)
 .isr_vector    0x0000000008000000      0x10c ./Src/startup_stm32f103xb.o
                0x0000000008000000                g_pfnVectors
                0x000000000800010c                . = ALIGN (0x4)

.text           0x000000000800010c     0x2504
                0x000000000800010c                . = ALIGN (0x4)
 *(.text)
 *(.text*)
 .text.log      0x000000000800010c       0x4c ./Src/logging.o
                0x000000000800010c                log
 .text.schedTrap
                0x0000000008000158        0xc ./Src/main.o
                0x0000000008000158                schedTrap
 .text.ledBink  0x0000000008000164       0x2c ./Src/main.o
                0x0000000008000164                ledBink
 .text.uartTest
                0x0000000008000190       0x28 ./Src/main.o
                0x0000000008000190                uartTest
 .text.IncCycleTicker
                0x00000000080001b8       0x10 ./Src/main.o
                0x00000000080001b8                IncCycleTicker
 .text.cycleError
                0x00000000080001c8        0xc ./Src/main.o
                0x00000000080001c8                cycleError
 .text.schedAddTask
                0x00000000080001d4       0x38 ./Src/main.o
                0x00000000080001d4                schedAddTask
 .text.SystemClock_Config
                0x000000000800020c       0x62 ./Src/main.o
                0x000000000800020c                SystemClock_Config
 *fill*         0x000000000800026e        0x2 
 .text.startup.main
                0x0000000008000270      0x24c ./Src/main.o
                0x0000000008000270                main
 .text.PrintChar
                0x00000000080004bc       0x1c ./Src/printf.o
                0x00000000080004bc                PrintChar
 .text.PutString
                0x00000000080004d8       0x18 ./Src/printf.o
                0x00000000080004d8                PutString
 .text.PutUnsignedInt
                0x00000000080004f0       0x44 ./Src/printf.o
                0x00000000080004f0                PutUnsignedInt
 .text.PutSignedInt
                0x0000000008000534       0x68 ./Src/printf.o
                0x0000000008000534                PutSignedInt
 .text.PutHexa  0x000000000800059c       0x50 ./Src/printf.o
                0x000000000800059c                PutHexa
 .text.vsnprintf
                0x00000000080005ec      0x110 ./Src/printf.o
                0x00000000080005ec                vsnprintf
 .text.vsprintf
                0x00000000080006fc       0x10 ./Src/printf.o
                0x00000000080006fc                vsprintf
 .text.fputc    0x000000000800070c       0x28 ./Src/printf.o
                0x000000000800070c                fputc
 .text.fputs    0x0000000008000734       0x1e ./Src/printf.o
                0x0000000008000734                fputs
 *fill*         0x0000000008000752        0x2 
 .text.vfprintf
                0x0000000008000754       0x78 ./Src/printf.o
                0x0000000008000754                vfprintf
 .text.vprintf  0x00000000080007cc       0x14 ./Src/printf.o
                0x00000000080007cc                vprintf
 .text.printf   0x00000000080007e0       0x1a ./Src/printf.o
                0x00000000080007e0                printf
 *fill*         0x00000000080007fa        0x2 
 .text.spiQueueInit
                0x00000000080007fc       0x4c ./Src/spicomm.o
                0x00000000080007fc                spiQueueInit
 .text.HAL_SPI_RxCpltCallback
                0x0000000008000848       0x10 ./Src/spicomm.o
                0x0000000008000848                HAL_SPI_RxCpltCallback
 .text.HAL_SPI_TxRxCpltCallback
                0x0000000008000858       0x34 ./Src/spicomm.o
                0x0000000008000858                HAL_SPI_TxRxCpltCallback
 .text.Reset_Handler
                0x000000000800088c       0x44 ./Src/startup_stm32f103xb.o
                0x000000000800088c                Reset_Handler
 .text.Default_Handler
                0x00000000080008d0        0x2 ./Src/startup_stm32f103xb.o
                0x00000000080008d0                RTC_Alarm_IRQHandler
                0x00000000080008d0                EXTI2_IRQHandler
                0x00000000080008d0                DebugMon_Handler
                0x00000000080008d0                TIM1_CC_IRQHandler
                0x00000000080008d0                HardFault_Handler
                0x00000000080008d0                PVD_IRQHandler
                0x00000000080008d0                PendSV_Handler
                0x00000000080008d0                NMI_Handler
                0x00000000080008d0                EXTI3_IRQHandler
                0x00000000080008d0                EXTI0_IRQHandler
                0x00000000080008d0                I2C2_EV_IRQHandler
                0x00000000080008d0                UsageFault_Handler
                0x00000000080008d0                ADC1_2_IRQHandler
                0x00000000080008d0                TAMPER_IRQHandler
                0x00000000080008d0                DMA1_Channel4_IRQHandler
                0x00000000080008d0                USART3_IRQHandler
                0x00000000080008d0                RTC_IRQHandler
                0x00000000080008d0                DMA1_Channel7_IRQHandler
                0x00000000080008d0                CAN1_RX1_IRQHandler
                0x00000000080008d0                TIM4_IRQHandler
                0x00000000080008d0                I2C1_EV_IRQHandler
                0x00000000080008d0                DMA1_Channel6_IRQHandler
                0x00000000080008d0                TIM3_IRQHandler
                0x00000000080008d0                RCC_IRQHandler
                0x00000000080008d0                TIM1_TRG_COM_IRQHandler
                0x00000000080008d0                DMA1_Channel1_IRQHandler
                0x00000000080008d0                Default_Handler
                0x00000000080008d0                EXTI15_10_IRQHandler
                0x00000000080008d0                EXTI9_5_IRQHandler
                0x00000000080008d0                SPI2_IRQHandler
                0x00000000080008d0                MemManage_Handler
                0x00000000080008d0                SVC_Handler
                0x00000000080008d0                DMA1_Channel5_IRQHandler
                0x00000000080008d0                EXTI4_IRQHandler
                0x00000000080008d0                USB_LP_CAN1_RX0_IRQHandler
                0x00000000080008d0                USB_HP_CAN1_TX_IRQHandler
                0x00000000080008d0                DMA1_Channel3_IRQHandler
                0x00000000080008d0                TIM1_UP_IRQHandler
                0x00000000080008d0                WWDG_IRQHandler
                0x00000000080008d0                TIM2_IRQHandler
                0x00000000080008d0                TIM1_BRK_IRQHandler
                0x00000000080008d0                EXTI1_IRQHandler
                0x00000000080008d0                USART2_IRQHandler
                0x00000000080008d0                I2C2_ER_IRQHandler
                0x00000000080008d0                DMA1_Channel2_IRQHandler
                0x00000000080008d0                CAN1_SCE_IRQHandler
                0x00000000080008d0                FLASH_IRQHandler
                0x00000000080008d0                BusFault_Handler
                0x00000000080008d0                I2C1_ER_IRQHandler
                0x00000000080008d0                USBWakeUp_IRQHandler
 *fill*         0x00000000080008d2        0x2 
 .text.HAL_MspInit
                0x00000000080008d4       0x44 ./Src/stm32f1xx_hal_msp.o
                0x00000000080008d4                HAL_MspInit
 .text.HAL_SPI_MspInit
                0x0000000008000918       0x64 ./Src/stm32f1xx_hal_msp.o
                0x0000000008000918                HAL_SPI_MspInit
 .text.HAL_TIM_Base_MspInit
                0x000000000800097c       0x3c ./Src/stm32f1xx_hal_msp.o
                0x000000000800097c                HAL_TIM_Base_MspInit
 .text.HAL_TIM_IC_MspInit
                0x00000000080009b8       0x40 ./Src/stm32f1xx_hal_msp.o
                0x00000000080009b8                HAL_TIM_IC_MspInit
 .text.HAL_UART_MspInit
                0x00000000080009f8       0x68 ./Src/stm32f1xx_hal_msp.o
                0x00000000080009f8                HAL_UART_MspInit
 .text.SysTick_Handler
                0x0000000008000a60       0x12 ./Src/stm32f1xx_it.o
                0x0000000008000a60                SysTick_Handler
 *fill*         0x0000000008000a72        0x2 
 .text.SPI1_IRQHandler
                0x0000000008000a74       0x20 ./Src/stm32f1xx_it.o
                0x0000000008000a74                SPI1_IRQHandler
 .text.USART1_IRQHandler
                0x0000000008000a94        0xc ./Src/stm32f1xx_it.o
                0x0000000008000a94                USART1_IRQHandler
 .text.HAL_InitTick
                0x0000000008000aa0       0x24 ./Drivers/STM32F1xx_HAL_Driver/Src/stm32f1xx_hal.o
                0x0000000008000aa0                HAL_InitTick
 .text.HAL_Init
                0x0000000008000ac4       0x24 ./Drivers/STM32F1xx_HAL_Driver/Src/stm32f1xx_hal.o
                0x0000000008000ac4                HAL_Init
 .text.HAL_IncTick
                0x0000000008000ae8       0x10 ./Drivers/STM32F1xx_HAL_Driver/Src/stm32f1xx_hal.o
                0x0000000008000ae8                HAL_IncTick
 .text.HAL_GetTick
                0x0000000008000af8        0xc ./Drivers/STM32F1xx_HAL_Driver/Src/stm32f1xx_hal.o
                0x0000000008000af8                HAL_GetTick
 .text.HAL_Delay
                0x0000000008000b04       0x1a ./Drivers/STM32F1xx_HAL_Driver/Src/stm32f1xx_hal.o
                0x0000000008000b04                HAL_Delay
 *fill*         0x0000000008000b1e        0x2 
 .text.HAL_NVIC_SetPriorityGrouping
                0x0000000008000b20       0x24 ./Drivers/STM32F1xx_HAL_Driver/Src/stm32f1xx_hal_cortex.o
                0x0000000008000b20                HAL_NVIC_SetPriorityGrouping
 .text.HAL_NVIC_SetPriority
                0x0000000008000b44       0x68 ./Drivers/STM32F1xx_HAL_Driver/Src/stm32f1xx_hal_cortex.o
                0x0000000008000b44                HAL_NVIC_SetPriority
 .text.HAL_NVIC_EnableIRQ
                0x0000000008000bac       0x18 ./Drivers/STM32F1xx_HAL_Driver/Src/stm32f1xx_hal_cortex.o
                0x0000000008000bac                HAL_NVIC_EnableIRQ
 .text.HAL_SYSTICK_Config
                0x0000000008000bc4       0x2c ./Drivers/STM32F1xx_HAL_Driver/Src/stm32f1xx_hal_cortex.o
                0x0000000008000bc4                HAL_SYSTICK_Config
 .text.HAL_SYSTICK_CLKSourceConfig
                0x0000000008000bf0       0x18 ./Drivers/STM32F1xx_HAL_Driver/Src/stm32f1xx_hal_cortex.o
                0x0000000008000bf0                HAL_SYSTICK_CLKSourceConfig
 .text.HAL_SYSTICK_Callback
                0x0000000008000c08        0x2 ./Drivers/STM32F1xx_HAL_Driver/Src/stm32f1xx_hal_cortex.o
                0x0000000008000c08                HAL_SYSTICK_Callback
 .text.HAL_SYSTICK_IRQHandler
                0x0000000008000c0a        0x8 ./Drivers/STM32F1xx_HAL_Driver/Src/stm32f1xx_hal_cortex.o
                0x0000000008000c0a                HAL_SYSTICK_IRQHandler
 *fill*         0x0000000008000c12        0x2 
 .text.HAL_GPIO_Init
                0x0000000008000c14      0x1b0 ./Drivers/STM32F1xx_HAL_Driver/Src/stm32f1xx_hal_gpio.o
                0x0000000008000c14                HAL_GPIO_Init
 .text.HAL_GPIO_WritePin
                0x0000000008000dc4        0x8 ./Drivers/STM32F1xx_HAL_Driver/Src/stm32f1xx_hal_gpio.o
                0x0000000008000dc4                HAL_GPIO_WritePin
 .text.HAL_GPIO_TogglePin
                0x0000000008000dcc        0x8 ./Drivers/STM32F1xx_HAL_Driver/Src/stm32f1xx_hal_gpio.o
                0x0000000008000dcc                HAL_GPIO_TogglePin
 .text.HAL_RCC_OscConfig
                0x0000000008000dd4      0x584 ./Drivers/STM32F1xx_HAL_Driver/Src/stm32f1xx_hal_rcc.o
                0x0000000008000dd4                HAL_RCC_OscConfig
 .text.HAL_RCC_ClockConfig
                0x0000000008001358      0x1dc ./Drivers/STM32F1xx_HAL_Driver/Src/stm32f1xx_hal_rcc.o
                0x0000000008001358                HAL_RCC_ClockConfig
 .text.HAL_RCC_GetSysClockFreq
                0x0000000008001534       0x90 ./Drivers/STM32F1xx_HAL_Driver/Src/stm32f1xx_hal_rcc.o
                0x0000000008001534                HAL_RCC_GetSysClockFreq
 .text.HAL_RCC_GetHCLKFreq
                0x00000000080015c4       0x34 ./Drivers/STM32F1xx_HAL_Driver/Src/stm32f1xx_hal_rcc.o
                0x00000000080015c4                HAL_RCC_GetHCLKFreq
 .text.HAL_RCC_GetPCLK1Freq
                0x00000000080015f8       0x2c ./Drivers/STM32F1xx_HAL_Driver/Src/stm32f1xx_hal_rcc.o
                0x00000000080015f8                HAL_RCC_GetPCLK1Freq
 .text.HAL_RCC_GetPCLK2Freq
                0x0000000008001624       0x2c ./Drivers/STM32F1xx_HAL_Driver/Src/stm32f1xx_hal_rcc.o
                0x0000000008001624                HAL_RCC_GetPCLK2Freq
 .text.SPI_WaitOnFlagUntilTimeout
                0x0000000008001650       0x92 ./Drivers/STM32F1xx_HAL_Driver/Src/stm32f1xx_hal_spi.o
 *fill*         0x00000000080016e2        0x2 
 .text.HAL_SPI_TransmitReceive_IT
                0x00000000080016e4       0xb0 ./Drivers/STM32F1xx_HAL_Driver/Src/stm32f1xx_hal_spi.o
                0x00000000080016e4                HAL_SPI_TransmitReceive_IT
 .text.HAL_SPI_TxCpltCallback
                0x0000000008001794        0x2 ./Drivers/STM32F1xx_HAL_Driver/Src/stm32f1xx_hal_spi.o
                0x0000000008001794                HAL_SPI_TxCpltCallback
 .text.HAL_SPI_ErrorCallback
                0x0000000008001796        0x2 ./Drivers/STM32F1xx_HAL_Driver/Src/stm32f1xx_hal_spi.o
                0x0000000008001796                HAL_SPI_ErrorCallback
 .text.SPI_TxISR
                0x0000000008001798       0xc2 ./Drivers/STM32F1xx_HAL_Driver/Src/stm32f1xx_hal_spi.o
 .text.HAL_SPI_IRQHandler
                0x000000000800185a       0xa6 ./Drivers/STM32F1xx_HAL_Driver/Src/stm32f1xx_hal_spi.o
                0x000000000800185a                HAL_SPI_IRQHandler
 .text.SPI_RxCloseIRQHandler
                0x0000000008001900       0xee ./Drivers/STM32F1xx_HAL_Driver/Src/stm32f1xx_hal_spi.o
 .text.SPI_2LinesRxISR
                0x00000000080019ee       0x2a ./Drivers/STM32F1xx_HAL_Driver/Src/stm32f1xx_hal_spi.o
 .text.HAL_SPI_Init
                0x0000000008001a18       0x7c ./Drivers/STM32F1xx_HAL_Driver/Src/stm32f1xx_hal_spi_ex.o
                0x0000000008001a18                HAL_SPI_Init
 .text.SPI_ISCRCErrorValid
                0x0000000008001a94        0x4 ./Drivers/STM32F1xx_HAL_Driver/Src/stm32f1xx_hal_spi_ex.o
                0x0000000008001a94                SPI_ISCRCErrorValid
 .text.TIM_OC1_SetConfig
                0x0000000008001a98       0x50 ./Drivers/STM32F1xx_HAL_Driver/Src/stm32f1xx_hal_tim.o
 .text.TIM_OC3_SetConfig
                0x0000000008001ae8       0x58 ./Drivers/STM32F1xx_HAL_Driver/Src/stm32f1xx_hal_tim.o
 .text.TIM_OC4_SetConfig
                0x0000000008001b40       0x44 ./Drivers/STM32F1xx_HAL_Driver/Src/stm32f1xx_hal_tim.o
 .text.HAL_TIM_PWM_MspInit
                0x0000000008001b84        0x2 ./Drivers/STM32F1xx_HAL_Driver/Src/stm32f1xx_hal_tim.o
                0x0000000008001b84                HAL_TIM_PWM_MspInit
 .text.HAL_TIM_ConfigClockSource
                0x0000000008001b86      0x174 ./Drivers/STM32F1xx_HAL_Driver/Src/stm32f1xx_hal_tim.o
                0x0000000008001b86                HAL_TIM_ConfigClockSource
 *fill*         0x0000000008001cfa        0x2 
 .text.TIM_Base_SetConfig
                0x0000000008001cfc       0x68 ./Drivers/STM32F1xx_HAL_Driver/Src/stm32f1xx_hal_tim.o
                0x0000000008001cfc                TIM_Base_SetConfig
 .text.HAL_TIM_Base_Init
                0x0000000008001d64       0x34 ./Drivers/STM32F1xx_HAL_Driver/Src/stm32f1xx_hal_tim.o
                0x0000000008001d64                HAL_TIM_Base_Init
 .text.HAL_TIM_PWM_Init
                0x0000000008001d98       0x34 ./Drivers/STM32F1xx_HAL_Driver/Src/stm32f1xx_hal_tim.o
                0x0000000008001d98                HAL_TIM_PWM_Init
 .text.HAL_TIM_IC_Init
                0x0000000008001dcc       0x34 ./Drivers/STM32F1xx_HAL_Driver/Src/stm32f1xx_hal_tim.o
                0x0000000008001dcc                HAL_TIM_IC_Init
 .text.TIM_OC2_SetConfig
                0x0000000008001e00       0x58 ./Drivers/STM32F1xx_HAL_Driver/Src/stm32f1xx_hal_tim.o
                0x0000000008001e00                TIM_OC2_SetConfig
 .text.HAL_TIM_PWM_ConfigChannel
                0x0000000008001e58       0xc6 ./Drivers/STM32F1xx_HAL_Driver/Src/stm32f1xx_hal_tim.o
                0x0000000008001e58                HAL_TIM_PWM_ConfigChannel
 *fill*         0x0000000008001f1e        0x2 
 .text.TIM_TI1_SetConfig
                0x0000000008001f20       0x54 ./Drivers/STM32F1xx_HAL_Driver/Src/stm32f1xx_hal_tim.o
                0x0000000008001f20                TIM_TI1_SetConfig
 .text.HAL_TIM_IC_ConfigChannel
                0x0000000008001f74      0x114 ./Drivers/STM32F1xx_HAL_Driver/Src/stm32f1xx_hal_tim.o
                0x0000000008001f74                HAL_TIM_IC_ConfigChannel
 .text.HAL_TIMEx_MasterConfigSynchronization
                0x0000000008002088       0x44 ./Drivers/STM32F1xx_HAL_Driver/Src/stm32f1xx_hal_tim_ex.o
                0x0000000008002088                HAL_TIMEx_MasterConfigSynchronization
 .text.UART_SetConfig
                0x00000000080020cc       0xc0 ./Drivers/STM32F1xx_HAL_Driver/Src/stm32f1xx_hal_uart.o
 .text.UART_WaitOnFlagUntilTimeout.constprop.1
                0x000000000800218c       0x60 ./Drivers/STM32F1xx_HAL_Driver/Src/stm32f1xx_hal_uart.o
 .text.HAL_UART_Init
                0x00000000080021ec       0x58 ./Drivers/STM32F1xx_HAL_Driver/Src/stm32f1xx_hal_uart.o
                0x00000000080021ec                HAL_UART_Init
 .text.HAL_UART_Transmit
                0x0000000008002244       0xb8 ./Drivers/STM32F1xx_HAL_Driver/Src/stm32f1xx_hal_uart.o
                0x0000000008002244                HAL_UART_Transmit
 .text.HAL_UART_TxCpltCallback
                0x00000000080022fc        0x2 ./Drivers/STM32F1xx_HAL_Driver/Src/stm32f1xx_hal_uart.o
                0x00000000080022fc                HAL_UART_TxCpltCallback
 .text.HAL_UART_RxCpltCallback
                0x00000000080022fe        0x2 ./Drivers/STM32F1xx_HAL_Driver/Src/stm32f1xx_hal_uart.o
                0x00000000080022fe                HAL_UART_RxCpltCallback
 .text.HAL_UART_ErrorCallback
                0x0000000008002300        0x2 ./Drivers/STM32F1xx_HAL_Driver/Src/stm32f1xx_hal_uart.o
                0x0000000008002300                HAL_UART_ErrorCallback
 .text.HAL_UART_IRQHandler
                0x0000000008002302      0x1aa ./Drivers/STM32F1xx_HAL_Driver/Src/stm32f1xx_hal_uart.o
                0x0000000008002302                HAL_UART_IRQHandler
 .text.SystemInit
                0x00000000080024ac       0x4c ./Drivers/CMSIS/Device/ST/STM32F1xx/Source/Templates/system_stm32f1xx.o
                0x00000000080024ac                SystemInit
 .text.strcpy   0x00000000080024f8       0xbc /usr/lib/gcc/arm-none-eabi/5.2.0/../../../../arm-none-eabi/lib/armv7-m/libg.a(lib_a-strcpy.o)
                0x00000000080024f8                strcpy
 .text.strlen   0x00000000080025b4       0x5c /usr/lib/gcc/arm-none-eabi/5.2.0/../../../../arm-none-eabi/lib/armv7-m/libg.a(lib_a-strlen.o)
                0x00000000080025b4                strlen
 *(.glue_7)
 .glue_7        0x0000000008002610        0x0 linker stubs
 *(.glue_7t)
 .glue_7t       0x0000000008002610        0x0 linker stubs
 *(.eh_frame)
 *(.init)
 *(.fini)
                0x0000000008002610                . = ALIGN (0x4)
                0x0000000008002610                _etext = .

.vfp11_veneer   0x0000000008002610        0x0
 .vfp11_veneer  0x0000000008002610        0x0 linker stubs

.v4_bx          0x0000000008002610        0x0
 .v4_bx         0x0000000008002610        0x0 linker stubs

.iplt           0x0000000008002610        0x0
 .iplt          0x0000000008002610        0x0 ./Src/isr_moisture.o

.rodata         0x0000000008002610       0xfc
                0x0000000008002610                . = ALIGN (0x4)
 *(.rodata)
 .rodata        0x0000000008002610       0x12 ./Drivers/STM32F1xx_HAL_Driver/Src/stm32f1xx_hal_rcc.o
 *(.rodata*)
 .rodata.str1.1
                0x0000000008002622       0x15 ./Src/logging.o
 .rodata.str1.1
                0x0000000008002637       0x95 ./Src/main.o
 .rodata.str1.1
                0x00000000080026cc       0x24 ./Src/printf.o
 .rodata.str1.1
                0x00000000080026f0        0xb ./Src/spicomm.o
 .rodata.aAPBAHBPrescTable
                0x00000000080026fb       0x10 ./Drivers/STM32F1xx_HAL_Driver/Src/stm32f1xx_hal_rcc.o
                0x00000000080026fb                aAPBAHBPrescTable
                0x000000000800270c                . = ALIGN (0x4)
 *fill*         0x000000000800270b        0x1 

.rel.dyn        0x000000000800270c        0x0
 .rel.iplt      0x000000000800270c        0x0 ./Src/isr_moisture.o

.ARM.extab
 *(.ARM.extab* .gnu.linkonce.armextab.*)

.ARM            0x000000000800270c        0x0
                0x000000000800270c                __exidx_start = .
 *(.ARM.exidx*)
                0x000000000800270c                __exidx_end = .

.preinit_array  0x000000000800270c        0x0
                [!provide]                        PROVIDE (__preinit_array_start, .)
 *(.preinit_array*)
                [!provide]                        PROVIDE (__preinit_array_end, .)

.init_array     0x000000000800270c        0x0
                [!provide]                        PROVIDE (__init_array_start, .)
 *(SORT(.init_array.*))
 *(.init_array*)
                [!provide]                        PROVIDE (__init_array_end, .)

.fini_array     0x000000000800270c        0x0
                [!provide]                        PROVIDE (__fini_array_start, .)
 *(SORT(.fini_array.*))
 *(.fini_array*)
                [!provide]                        PROVIDE (__fini_array_end, .)
                0x000000000800270c                _sidata = LOADADDR (.data)

.data           0x0000000020000000      0x434 load address 0x000000000800270c
                0x0000000020000000                . = ALIGN (0x4)
                0x0000000020000000                _sdata = .
 *(.data)
 *(.data*)
 .data._impure_ptr
                0x0000000020000000        0x4 ./Src/printf.o
                0x0000000020000000                _impure_ptr
 .data.MAX_STRING_SIZE
                0x0000000020000004        0x1 ./Src/printf.o
                0x0000000020000004                MAX_STRING_SIZE
 *fill*         0x0000000020000005        0x3 
 .data.r        0x0000000020000008      0x428 ./Src/printf.o
                0x0000000020000008                r
 .data.SystemCoreClock
                0x0000000020000430        0x4 ./Drivers/CMSIS/Device/ST/STM32F1xx/Source/Templates/system_stm32f1xx.o
                0x0000000020000430                SystemCoreClock
                0x0000000020000434                . = ALIGN (0x4)
                0x0000000020000434                _edata = .

.igot.plt       0x0000000020000434        0x0 load address 0x0000000008002b40
 .igot.plt      0x0000000020000434        0x0 ./Src/isr_moisture.o
                0x0000000020000434                . = ALIGN (0x4)

.bss            0x0000000020000434     0x1178 load address 0x0000000008002b40
                0x0000000020000434                _sbss = .
                0x0000000020000434                __bss_start__ = _sbss
 *(.bss)
 *(.bss*)
 .bss.log_destination
                0x0000000020000434        0x1 ./Src/logging.o
                0x0000000020000434                log_destination
 *fill*         0x0000000020000435        0x3 
 .bss.uwTick    0x0000000020000438        0x4 ./Drivers/STM32F1xx_HAL_Driver/Src/stm32f1xx_hal.o
 .bss.uCRCErrorWorkaroundCheck
                0x000000002000043c        0x1 ./Drivers/STM32F1xx_HAL_Driver/Src/stm32f1xx_hal_spi_ex.o
                0x000000002000043c                uCRCErrorWorkaroundCheck
 *(COMMON)
 *fill*         0x000000002000043d        0x3 
 COMMON         0x0000000020000440      0x188 ./Src/main.o
                0x0000000020000440                uartsend_new
                0x0000000020000444                schedTasks
                0x0000000020000484                spisend
                0x0000000020000494                spirecv
                0x00000000200004a4                uartsend
                0x00000000200004b4                htim3
                0x00000000200004f0                huart1
                0x0000000020000530                hspi1
                0x0000000020000588                htim2
                0x00000000200005c4                cycleTicker
 COMMON         0x00000000200005c8      0xfe1 ./Src/spicomm.o
                0x00000000200005c8                spiRecvIdx
                0x00000000200005c9                spiRecvBuf
                0x0000000020000db9                spiSendBuf
                0x00000000200015ac                . = ALIGN (0x4)
 *fill*         0x00000000200015a9        0x3 
                0x00000000200015ac                _ebss = .
                0x00000000200015ac                __bss_end__ = _ebss

._user_heap_stack
                0x00000000200015ac      0x604 load address 0x0000000008002b40
                0x00000000200015b0                . = ALIGN (0x8)
 *fill*         0x00000000200015ac        0x4 
                [!provide]                        PROVIDE (end, .)
                [!provide]                        PROVIDE (_end, .)
                0x00000000200017b0                . = (. + _Min_Heap_Size)
 *fill*         0x00000000200015b0      0x200 
                0x0000000020001bb0                . = (. + _Min_Stack_Size)
 *fill*         0x00000000200017b0      0x400 
                0x0000000020001bb0                . = ALIGN (0x8)

/DISCARD/
 libc.a(*)
 libm.a(*)
 libgcc.a(*)

.ARM.attributes
                0x0000000000000000       0x31
 *(.ARM.attributes)
 .ARM.attributes
                0x0000000000000000       0x33 ./Src/logging.o
 .ARM.attributes
                0x0000000000000033       0x33 ./Src/main.o
 .ARM.attributes
                0x0000000000000066       0x33 ./Src/printf.o
 .ARM.attributes
                0x0000000000000099       0x33 ./Src/spicomm.o
 .ARM.attributes
                0x00000000000000cc       0x21 ./Src/startup_stm32f103xb.o
 .ARM.attributes
                0x00000000000000ed       0x33 ./Src/stm32f1xx_hal_msp.o
 .ARM.attributes
                0x0000000000000120       0x33 ./Src/stm32f1xx_it.o
 .ARM.attributes
                0x0000000000000153       0x33 ./Drivers/STM32F1xx_HAL_Driver/Src/stm32f1xx_hal.o
 .ARM.attributes
                0x0000000000000186       0x33 ./Drivers/STM32F1xx_HAL_Driver/Src/stm32f1xx_hal_cortex.o
 .ARM.attributes
                0x00000000000001b9       0x33 ./Drivers/STM32F1xx_HAL_Driver/Src/stm32f1xx_hal_gpio.o
 .ARM.attributes
                0x00000000000001ec       0x33 ./Drivers/STM32F1xx_HAL_Driver/Src/stm32f1xx_hal_rcc.o
 .ARM.attributes
                0x000000000000021f       0x33 ./Drivers/STM32F1xx_HAL_Driver/Src/stm32f1xx_hal_spi.o
 .ARM.attributes
                0x0000000000000252       0x33 ./Drivers/STM32F1xx_HAL_Driver/Src/stm32f1xx_hal_spi_ex.o
 .ARM.attributes
                0x0000000000000285       0x33 ./Drivers/STM32F1xx_HAL_Driver/Src/stm32f1xx_hal_tim.o
 .ARM.attributes
                0x00000000000002b8       0x33 ./Drivers/STM32F1xx_HAL_Driver/Src/stm32f1xx_hal_tim_ex.o
 .ARM.attributes
                0x00000000000002eb       0x33 ./Drivers/STM32F1xx_HAL_Driver/Src/stm32f1xx_hal_uart.o
 .ARM.attributes
                0x000000000000031e       0x33 ./Drivers/CMSIS/Device/ST/STM32F1xx/Source/Templates/system_stm32f1xx.o
 .ARM.attributes
                0x0000000000000351       0x2d /usr/lib/gcc/arm-none-eabi/5.2.0/../../../../arm-none-eabi/lib/armv7-m/libg.a(lib_a-strcpy.o)
 .ARM.attributes
                0x000000000000037e       0x2d /usr/lib/gcc/arm-none-eabi/5.2.0/../../../../arm-none-eabi/lib/armv7-m/libg.a(lib_a-strlen.o)
OUTPUT(WaterCtrl_V1.elf elf32-littlearm)

.debug_info     0x0000000000000000     0xe3c7
 .debug_info    0x0000000000000000      0x15e ./Src/logging.o
 .debug_info    0x000000000000015e     0x1699 ./Src/main.o
 .debug_info    0x00000000000017f7     0x15c4 ./Src/printf.o
 .debug_info    0x0000000000002dbb      0x6ce ./Src/spicomm.o
 .debug_info    0x0000000000003489       0x73 ./Src/startup_stm32f103xb.o
 .debug_info    0x00000000000034fc     0x1015 ./Src/stm32f1xx_hal_msp.o
 .debug_info    0x0000000000004511      0x80d ./Src/stm32f1xx_it.o
 .debug_info    0x0000000000004d1e      0x67d ./Drivers/STM32F1xx_HAL_Driver/Src/stm32f1xx_hal.o
 .debug_info    0x000000000000539b      0xbeb ./Drivers/STM32F1xx_HAL_Driver/Src/stm32f1xx_hal_cortex.o
 .debug_info    0x0000000000005f86      0x5fa ./Drivers/STM32F1xx_HAL_Driver/Src/stm32f1xx_hal_gpio.o
 .debug_info    0x0000000000006580     0x1477 ./Drivers/STM32F1xx_HAL_Driver/Src/stm32f1xx_hal_rcc.o
 .debug_info    0x00000000000079f7     0x143f ./Drivers/STM32F1xx_HAL_Driver/Src/stm32f1xx_hal_spi.o
 .debug_info    0x0000000000008e36      0x58d ./Drivers/STM32F1xx_HAL_Driver/Src/stm32f1xx_hal_spi_ex.o
 .debug_info    0x00000000000093c3     0x2db3 ./Drivers/STM32F1xx_HAL_Driver/Src/stm32f1xx_hal_tim.o
 .debug_info    0x000000000000c176      0xe9b ./Drivers/STM32F1xx_HAL_Driver/Src/stm32f1xx_hal_tim_ex.o
 .debug_info    0x000000000000d011     0x101a ./Drivers/STM32F1xx_HAL_Driver/Src/stm32f1xx_hal_uart.o
 .debug_info    0x000000000000e02b      0x39c ./Drivers/CMSIS/Device/ST/STM32F1xx/Source/Templates/system_stm32f1xx.o

.debug_abbrev   0x0000000000000000     0x255c
 .debug_abbrev  0x0000000000000000      0x128 ./Src/logging.o
 .debug_abbrev  0x0000000000000128      0x335 ./Src/main.o
 .debug_abbrev  0x000000000000045d      0x3dc ./Src/printf.o
 .debug_abbrev  0x0000000000000839      0x1e9 ./Src/spicomm.o
 .debug_abbrev  0x0000000000000a22       0x12 ./Src/startup_stm32f103xb.o
 .debug_abbrev  0x0000000000000a34      0x1d0 ./Src/stm32f1xx_hal_msp.o
 .debug_abbrev  0x0000000000000c04      0x178 ./Src/stm32f1xx_it.o
 .debug_abbrev  0x0000000000000d7c      0x230 ./Drivers/STM32F1xx_HAL_Driver/Src/stm32f1xx_hal.o
 .debug_abbrev  0x0000000000000fac      0x2f7 ./Drivers/STM32F1xx_HAL_Driver/Src/stm32f1xx_hal_cortex.o
 .debug_abbrev  0x00000000000012a3      0x1c8 ./Drivers/STM32F1xx_HAL_Driver/Src/stm32f1xx_hal_gpio.o
 .debug_abbrev  0x000000000000146b      0x30b ./Drivers/STM32F1xx_HAL_Driver/Src/stm32f1xx_hal_rcc.o
 .debug_abbrev  0x0000000000001776      0x309 ./Drivers/STM32F1xx_HAL_Driver/Src/stm32f1xx_hal_spi.o
 .debug_abbrev  0x0000000000001a7f      0x15d ./Drivers/STM32F1xx_HAL_Driver/Src/stm32f1xx_hal_spi_ex.o
 .debug_abbrev  0x0000000000001bdc      0x332 ./Drivers/STM32F1xx_HAL_Driver/Src/stm32f1xx_hal_tim.o
 .debug_abbrev  0x0000000000001f0e      0x270 ./Drivers/STM32F1xx_HAL_Driver/Src/stm32f1xx_hal_tim_ex.o
 .debug_abbrev  0x000000000000217e      0x2bc ./Drivers/STM32F1xx_HAL_Driver/Src/stm32f1xx_hal_uart.o
 .debug_abbrev  0x000000000000243a      0x122 ./Drivers/CMSIS/Device/ST/STM32F1xx/Source/Templates/system_stm32f1xx.o

.debug_loc      0x0000000000000000     0x7845
 .debug_loc     0x0000000000000000       0x71 ./Src/logging.o
 .debug_loc     0x0000000000000071       0xc6 ./Src/main.o
 .debug_loc     0x0000000000000137      0xb53 ./Src/printf.o
 .debug_loc     0x0000000000000c8a       0x8c ./Src/spicomm.o
 .debug_loc     0x0000000000000d16      0x134 ./Src/stm32f1xx_hal_msp.o
 .debug_loc     0x0000000000000e4a       0x6f ./Drivers/STM32F1xx_HAL_Driver/Src/stm32f1xx_hal.o
 .debug_loc     0x0000000000000eb9      0x46d ./Drivers/STM32F1xx_HAL_Driver/Src/stm32f1xx_hal_cortex.o
 .debug_loc     0x0000000000001326      0x2e8 ./Drivers/STM32F1xx_HAL_Driver/Src/stm32f1xx_hal_gpio.o
 .debug_loc     0x000000000000160e      0xcd0 ./Drivers/STM32F1xx_HAL_Driver/Src/stm32f1xx_hal_rcc.o
 .debug_loc     0x00000000000022de      0xff9 ./Drivers/STM32F1xx_HAL_Driver/Src/stm32f1xx_hal_spi.o
 .debug_loc     0x00000000000032d7       0x63 ./Drivers/STM32F1xx_HAL_Driver/Src/stm32f1xx_hal_spi_ex.o
 .debug_loc     0x000000000000333a     0x2f27 ./Drivers/STM32F1xx_HAL_Driver/Src/stm32f1xx_hal_tim.o
 .debug_loc     0x0000000000006261      0x7b7 ./Drivers/STM32F1xx_HAL_Driver/Src/stm32f1xx_hal_tim_ex.o
 .debug_loc     0x0000000000006a18      0xd82 ./Drivers/STM32F1xx_HAL_Driver/Src/stm32f1xx_hal_uart.o
 .debug_loc     0x000000000000779a       0xab ./Drivers/CMSIS/Device/ST/STM32F1xx/Source/Templates/system_stm32f1xx.o

.debug_aranges  0x0000000000000000      0x9c8
 .debug_aranges
                0x0000000000000000       0x28 ./Src/logging.o
 .debug_aranges
                0x0000000000000028       0x60 ./Src/main.o
 .debug_aranges
                0x0000000000000088       0xa0 ./Src/printf.o
 .debug_aranges
                0x0000000000000128       0x30 ./Src/spicomm.o
 .debug_aranges
                0x0000000000000158       0x28 ./Src/startup_stm32f103xb.o
 .debug_aranges
                0x0000000000000180       0x60 ./Src/stm32f1xx_hal_msp.o
 .debug_aranges
                0x00000000000001e0       0x30 ./Src/stm32f1xx_it.o
 .debug_aranges
                0x0000000000000210       0xa8 ./Drivers/STM32F1xx_HAL_Driver/Src/stm32f1xx_hal.o
 .debug_aranges
                0x00000000000002b8       0x90 ./Drivers/STM32F1xx_HAL_Driver/Src/stm32f1xx_hal_cortex.o
 .debug_aranges
                0x0000000000000348       0x58 ./Drivers/STM32F1xx_HAL_Driver/Src/stm32f1xx_hal_gpio.o
 .debug_aranges
                0x00000000000003a0       0x88 ./Drivers/STM32F1xx_HAL_Driver/Src/stm32f1xx_hal_rcc.o
 .debug_aranges
                0x0000000000000428      0x110 ./Drivers/STM32F1xx_HAL_Driver/Src/stm32f1xx_hal_spi.o
 .debug_aranges
                0x0000000000000538       0x28 ./Drivers/STM32F1xx_HAL_Driver/Src/stm32f1xx_hal_spi_ex.o
 .debug_aranges
                0x0000000000000560      0x250 ./Drivers/STM32F1xx_HAL_Driver/Src/stm32f1xx_hal_tim.o
 .debug_aranges
                0x00000000000007b0       0xe8 ./Drivers/STM32F1xx_HAL_Driver/Src/stm32f1xx_hal_tim_ex.o
 .debug_aranges
                0x0000000000000898      0x108 ./Drivers/STM32F1xx_HAL_Driver/Src/stm32f1xx_hal_uart.o
 .debug_aranges
                0x00000000000009a0       0x28 ./Drivers/CMSIS/Device/ST/STM32F1xx/Source/Templates/system_stm32f1xx.o

.debug_ranges   0x0000000000000000      0xe38
 .debug_ranges  0x0000000000000000       0x48 ./Src/logging.o
 .debug_ranges  0x0000000000000048      0x188 ./Src/main.o
 .debug_ranges  0x00000000000001d0       0xc0 ./Src/printf.o
 .debug_ranges  0x0000000000000290       0x20 ./Src/spicomm.o
 .debug_ranges  0x00000000000002b0       0x20 ./Src/startup_stm32f103xb.o
 .debug_ranges  0x00000000000002d0       0xf0 ./Src/stm32f1xx_hal_msp.o
 .debug_ranges  0x00000000000003c0       0x20 ./Src/stm32f1xx_it.o
 .debug_ranges  0x00000000000003e0       0x98 ./Drivers/STM32F1xx_HAL_Driver/Src/stm32f1xx_hal.o
 .debug_ranges  0x0000000000000478      0x130 ./Drivers/STM32F1xx_HAL_Driver/Src/stm32f1xx_hal_cortex.o
 .debug_ranges  0x00000000000005a8       0x68 ./Drivers/STM32F1xx_HAL_Driver/Src/stm32f1xx_hal_gpio.o
 .debug_ranges  0x0000000000000610      0x190 ./Drivers/STM32F1xx_HAL_Driver/Src/stm32f1xx_hal_rcc.o
 .debug_ranges  0x00000000000007a0      0x138 ./Drivers/STM32F1xx_HAL_Driver/Src/stm32f1xx_hal_spi.o
 .debug_ranges  0x00000000000008d8       0x18 ./Drivers/STM32F1xx_HAL_Driver/Src/stm32f1xx_hal_spi_ex.o
 .debug_ranges  0x00000000000008f0      0x360 ./Drivers/STM32F1xx_HAL_Driver/Src/stm32f1xx_hal_tim.o
 .debug_ranges  0x0000000000000c50       0xd8 ./Drivers/STM32F1xx_HAL_Driver/Src/stm32f1xx_hal_tim_ex.o
 .debug_ranges  0x0000000000000d28       0xf8 ./Drivers/STM32F1xx_HAL_Driver/Src/stm32f1xx_hal_uart.o
 .debug_ranges  0x0000000000000e20       0x18 ./Drivers/CMSIS/Device/ST/STM32F1xx/Source/Templates/system_stm32f1xx.o

.debug_line     0x0000000000000000     0x4e2c
 .debug_line    0x0000000000000000       0x73 ./Src/logging.o
 .debug_line    0x0000000000000073      0x439 ./Src/main.o
 .debug_line    0x00000000000004ac      0x3c8 ./Src/printf.o
 .debug_line    0x0000000000000874      0x1e3 ./Src/spicomm.o
 .debug_line    0x0000000000000a57       0x78 ./Src/startup_stm32f103xb.o
 .debug_line    0x0000000000000acf      0x2fe ./Src/stm32f1xx_hal_msp.o
 .debug_line    0x0000000000000dcd      0x208 ./Src/stm32f1xx_it.o
 .debug_line    0x0000000000000fd5      0x307 ./Drivers/STM32F1xx_HAL_Driver/Src/stm32f1xx_hal.o
 .debug_line    0x00000000000012dc      0x309 ./Drivers/STM32F1xx_HAL_Driver/Src/stm32f1xx_hal_cortex.o
 .debug_line    0x00000000000015e5      0x322 ./Drivers/STM32F1xx_HAL_Driver/Src/stm32f1xx_hal_gpio.o
 .debug_line    0x0000000000001907      0x7f6 ./Drivers/STM32F1xx_HAL_Driver/Src/stm32f1xx_hal_rcc.o
 .debug_line    0x00000000000020fd      0xaea ./Drivers/STM32F1xx_HAL_Driver/Src/stm32f1xx_hal_spi.o
 .debug_line    0x0000000000002be7      0x1ea ./Drivers/STM32F1xx_HAL_Driver/Src/stm32f1xx_hal_spi_ex.o
 .debug_line    0x0000000000002dd1      0xfe4 ./Drivers/STM32F1xx_HAL_Driver/Src/stm32f1xx_hal_tim.o
 .debug_line    0x0000000000003db5      0x5c4 ./Drivers/STM32F1xx_HAL_Driver/Src/stm32f1xx_hal_tim_ex.o
 .debug_line    0x0000000000004379      0x925 ./Drivers/STM32F1xx_HAL_Driver/Src/stm32f1xx_hal_uart.o
 .debug_line    0x0000000000004c9e      0x18e ./Drivers/CMSIS/Device/ST/STM32F1xx/Source/Templates/system_stm32f1xx.o

.debug_str      0x0000000000000000     0x329b
 .debug_str     0x0000000000000000      0x178 ./Src/logging.o
                                        0x190 (size before relaxing)
 .debug_str     0x0000000000000178      0xf41 ./Src/main.o
                                       0x1104 (size before relaxing)
 .debug_str     0x00000000000010b9      0x4a6 ./Src/printf.o
                                        0x9d5 (size before relaxing)
 .debug_str     0x000000000000155f       0x7a ./Src/spicomm.o
                                        0x604 (size before relaxing)
 .debug_str     0x00000000000015d9      0x15b ./Src/stm32f1xx_hal_msp.o
                                        0xcf6 (size before relaxing)
 .debug_str     0x0000000000001734       0x92 ./Src/stm32f1xx_it.o
                                        0x733 (size before relaxing)
 .debug_str     0x00000000000017c6      0x21e ./Drivers/STM32F1xx_HAL_Driver/Src/stm32f1xx_hal.o
                                        0x738 (size before relaxing)
 .debug_str     0x00000000000019e4      0x27d ./Drivers/STM32F1xx_HAL_Driver/Src/stm32f1xx_hal_cortex.o
                                        0x898 (size before relaxing)
 .debug_str     0x0000000000001c61      0x10e ./Drivers/STM32F1xx_HAL_Driver/Src/stm32f1xx_hal_gpio.o
                                        0x403 (size before relaxing)
 .debug_str     0x0000000000001d6f      0x1c4 ./Drivers/STM32F1xx_HAL_Driver/Src/stm32f1xx_hal_rcc.o
                                        0x5f5 (size before relaxing)
 .debug_str     0x0000000000001f33      0x2b8 ./Drivers/STM32F1xx_HAL_Driver/Src/stm32f1xx_hal_spi.o
                                        0x88d (size before relaxing)
 .debug_str     0x00000000000021eb       0x54 ./Drivers/STM32F1xx_HAL_Driver/Src/stm32f1xx_hal_spi_ex.o
                                        0x5e3 (size before relaxing)
 .debug_str     0x000000000000223f      0x974 ./Drivers/STM32F1xx_HAL_Driver/Src/stm32f1xx_hal_tim.o
                                       0x1086 (size before relaxing)
 .debug_str     0x0000000000002bb3      0x3a6 ./Drivers/STM32F1xx_HAL_Driver/Src/stm32f1xx_hal_tim_ex.o
                                        0xab7 (size before relaxing)
 .debug_str     0x0000000000002f59      0x2c6 ./Drivers/STM32F1xx_HAL_Driver/Src/stm32f1xx_hal_uart.o
                                        0x8e7 (size before relaxing)
 .debug_str     0x000000000000321f       0x7c ./Drivers/CMSIS/Device/ST/STM32F1xx/Source/Templates/system_stm32f1xx.o
                                        0x2d4 (size before relaxing)

.comment        0x0000000000000000       0x1d
 .comment       0x0000000000000000       0x1d ./Src/logging.o
                                         0x1e (size before relaxing)
 .comment       0x000000000000001d       0x1e ./Src/main.o
 .comment       0x000000000000001d       0x1e ./Src/printf.o
 .comment       0x000000000000001d       0x1e ./Src/spicomm.o
 .comment       0x000000000000001d       0x1e ./Src/stm32f1xx_hal_msp.o
 .comment       0x000000000000001d       0x1e ./Src/stm32f1xx_it.o
 .comment       0x000000000000001d       0x1e ./Drivers/STM32F1xx_HAL_Driver/Src/stm32f1xx_hal.o
 .comment       0x000000000000001d       0x1e ./Drivers/STM32F1xx_HAL_Driver/Src/stm32f1xx_hal_cortex.o
 .comment       0x000000000000001d       0x1e ./Drivers/STM32F1xx_HAL_Driver/Src/stm32f1xx_hal_gpio.o
 .comment       0x000000000000001d       0x1e ./Drivers/STM32F1xx_HAL_Driver/Src/stm32f1xx_hal_rcc.o
 .comment       0x000000000000001d       0x1e ./Drivers/STM32F1xx_HAL_Driver/Src/stm32f1xx_hal_spi.o
 .comment       0x000000000000001d       0x1e ./Drivers/STM32F1xx_HAL_Driver/Src/stm32f1xx_hal_spi_ex.o
 .comment       0x000000000000001d       0x1e ./Drivers/STM32F1xx_HAL_Driver/Src/stm32f1xx_hal_tim.o
 .comment       0x000000000000001d       0x1e ./Drivers/STM32F1xx_HAL_Driver/Src/stm32f1xx_hal_tim_ex.o
 .comment       0x000000000000001d       0x1e ./Drivers/STM32F1xx_HAL_Driver/Src/stm32f1xx_hal_uart.o
 .comment       0x000000000000001d       0x1e ./Drivers/CMSIS/Device/ST/STM32F1xx/Source/Templates/system_stm32f1xx.o

.debug_frame    0x0000000000000000     0x1c70
 .debug_frame   0x0000000000000000       0x48 ./Src/logging.o
 .debug_frame   0x0000000000000048       0xe8 ./Src/main.o
 .debug_frame   0x0000000000000130      0x214 ./Src/printf.o
 .debug_frame   0x0000000000000344       0x50 ./Src/spicomm.o
 .debug_frame   0x0000000000000394       0xf8 ./Src/stm32f1xx_hal_msp.o
 .debug_frame   0x000000000000048c       0x58 ./Src/stm32f1xx_it.o
 .debug_frame   0x00000000000004e4      0x164 ./Drivers/STM32F1xx_HAL_Driver/Src/stm32f1xx_hal.o
 .debug_frame   0x0000000000000648      0x120 ./Drivers/STM32F1xx_HAL_Driver/Src/stm32f1xx_hal_cortex.o
 .debug_frame   0x0000000000000768       0xd4 ./Drivers/STM32F1xx_HAL_Driver/Src/stm32f1xx_hal_gpio.o
 .debug_frame   0x000000000000083c      0x164 ./Drivers/STM32F1xx_HAL_Driver/Src/stm32f1xx_hal_rcc.o
 .debug_frame   0x00000000000009a0      0x398 ./Drivers/STM32F1xx_HAL_Driver/Src/stm32f1xx_hal_spi.o
 .debug_frame   0x0000000000000d38       0x38 ./Drivers/STM32F1xx_HAL_Driver/Src/stm32f1xx_hal_spi_ex.o
 .debug_frame   0x0000000000000d70      0x854 ./Drivers/STM32F1xx_HAL_Driver/Src/stm32f1xx_hal_tim.o
 .debug_frame   0x00000000000015c4      0x324 ./Drivers/STM32F1xx_HAL_Driver/Src/stm32f1xx_hal_tim_ex.o
 .debug_frame   0x00000000000018e8      0x318 ./Drivers/STM32F1xx_HAL_Driver/Src/stm32f1xx_hal_uart.o
 .debug_frame   0x0000000000001c00       0x30 ./Drivers/CMSIS/Device/ST/STM32F1xx/Source/Templates/system_stm32f1xx.o
 .debug_frame   0x0000000000001c30       0x20 /usr/lib/gcc/arm-none-eabi/5.2.0/../../../../arm-none-eabi/lib/armv7-m/libg.a(lib_a-strcpy.o)
 .debug_frame   0x0000000000001c50       0x20 /usr/lib/gcc/arm-none-eabi/5.2.0/../../../../arm-none-eabi/lib/armv7-m/libg.a(lib_a-strlen.o)
