23:25:06 **** Incremental Build of configuration Debug for project fw_v1 ****
make all 
Building file: ../src/helpers.c
Invoking: Cross ARM C Compiler
arm-none-eabi-gcc -mcpu=cortex-m0 -mthumb -Og -fmessage-length=0 -fsigned-char -ffunction-sections -fdata-sections -ffreestanding -fno-move-loop-invariants -Wall -Wextra  -g3 -DDEBUG -DUSE_FULL_ASSERT -DSTM32F051 -DUSE_STDPERIPH_DRIVER -DHSE_VALUE=8000000 -I"../include" -I"../system/include" -I"../system/include/cmsis" -I"../system/include/stm32f0-stdperiph" -std=gnu11 -MMD -MP -MF"src/helpers.d" -MT"src/helpers.o" -c -o "src/helpers.o" "../src/helpers.c"
../src/helpers.c: In function 'USART1_IRQHandler':
../src/helpers.c:90:10: warning: variable 'data' set but not used [-Wunused-but-set-variable]
  uint8_t data = 0x00;
          ^
Finished building: ../src/helpers.c
 
Building target: fw_v1.elf
Invoking: Cross ARM C++ Linker
arm-none-eabi-g++ -mcpu=cortex-m0 -mthumb -Og -fmessage-length=0 -fsigned-char -ffunction-sections -fdata-sections -ffreestanding -fno-move-loop-invariants -Wall -Wextra  -g3 -T mem.ld -T libs.ld -T sections.ld -nostartfiles -Xlinker --gc-sections -L"../ldscripts" -Wl,-Map,"fw_v1.map" --specs=nano.specs -o "fw_v1.elf"  ./system/src/stm32f0-stdperiph/stm32f0xx_gpio.o ./system/src/stm32f0-stdperiph/stm32f0xx_misc.o ./system/src/stm32f0-stdperiph/stm32f0xx_rcc.o ./system/src/stm32f0-stdperiph/stm32f0xx_syscfg.o ./system/src/stm32f0-stdperiph/stm32f0xx_tim.o ./system/src/stm32f0-stdperiph/stm32f0xx_usart.o  ./system/src/newlib/_cxx.o ./system/src/newlib/_exit.o ./system/src/newlib/_sbrk.o ./system/src/newlib/_startup.o ./system/src/newlib/_syscalls.o ./system/src/newlib/assert.o  ./system/src/diag/Trace.o ./system/src/diag/trace_impl.o  ./system/src/cortexm/_initialize_hardware.o ./system/src/cortexm/_reset_hardware.o ./system/src/cortexm/exception_handlers.o  ./system/src/cmsis/system_stm32f0xx.o ./system/src/cmsis/vectors_stm32f0xx.o  ./src/_write.o ./src/helpers.o ./src/main.o   
Finished building target: fw_v1.elf
 
Invoking: Cross ARM GNU Create Flash Image
arm-none-eabi-objcopy -O binary "fw_v1.elf"  "fw_v1.bin"
Finished building: fw_v1.bin
 
Invoking: Cross ARM GNU Print Size
arm-none-eabi-size --format=berkeley "fw_v1.elf"
   text	   data	    bss	    dec	    hex	filename
   4544	     52	    272	   4868	   1304	fw_v1.elf
Finished building: fw_v1.siz
 
23:25:08 **** Incremental Build of configuration Debug for project fw_v1 ****
make all 
Invoking: Cross ARM GNU Print Size
arm-none-eabi-size --format=berkeley "fw_v1.elf"
   text	   data	    bss	    dec	    hex	filename
   4544	     52	    272	   4868	   1304	fw_v1.elf
Finished building: fw_v1.siz
 
