Archive member included to satisfy reference by file (symbol)

/home/micha/Ac6/SystemWorkbench/plugins/fr.ac6.mcu.externaltools.arm-none.linux64_1.11.0.201610101240/tools/gcc-arm-none-eabi-5_4-2016q2/bin/../lib/gcc/arm-none-eabi/5.4.1/../../../../arm-none-eabi/lib/armv7-m/libc_nano.a(lib_a-exit.o)
                              /home/micha/Ac6/SystemWorkbench/plugins/fr.ac6.mcu.externaltools.arm-none.linux64_1.11.0.201610101240/tools/gcc-arm-none-eabi-5_4-2016q2/bin/../lib/gcc/arm-none-eabi/5.4.1/../../../../arm-none-eabi/lib/armv7-m/crt0.o (exit)
/home/micha/Ac6/SystemWorkbench/plugins/fr.ac6.mcu.externaltools.arm-none.linux64_1.11.0.201610101240/tools/gcc-arm-none-eabi-5_4-2016q2/bin/../lib/gcc/arm-none-eabi/5.4.1/../../../../arm-none-eabi/lib/armv7-m/libc_nano.a(lib_a-impure.o)
                              /home/micha/Ac6/SystemWorkbench/plugins/fr.ac6.mcu.externaltools.arm-none.linux64_1.11.0.201610101240/tools/gcc-arm-none-eabi-5_4-2016q2/bin/../lib/gcc/arm-none-eabi/5.4.1/../../../../arm-none-eabi/lib/armv7-m/libc_nano.a(lib_a-exit.o) (_global_impure_ptr)
/home/micha/Ac6/SystemWorkbench/plugins/fr.ac6.mcu.externaltools.arm-none.linux64_1.11.0.201610101240/tools/gcc-arm-none-eabi-5_4-2016q2/bin/../lib/gcc/arm-none-eabi/5.4.1/../../../../arm-none-eabi/lib/armv7-m/libc_nano.a(lib_a-init.o)
                              /home/micha/Ac6/SystemWorkbench/plugins/fr.ac6.mcu.externaltools.arm-none.linux64_1.11.0.201610101240/tools/gcc-arm-none-eabi-5_4-2016q2/bin/../lib/gcc/arm-none-eabi/5.4.1/../../../../arm-none-eabi/lib/armv7-m/crt0.o (__libc_init_array)
/home/micha/Ac6/SystemWorkbench/plugins/fr.ac6.mcu.externaltools.arm-none.linux64_1.11.0.201610101240/tools/gcc-arm-none-eabi-5_4-2016q2/bin/../lib/gcc/arm-none-eabi/5.4.1/../../../../arm-none-eabi/lib/armv7-m/libc_nano.a(lib_a-memcpy-stub.o)
                              Middlewares/Third_Party/FreeRTOS/Source/queue.o (memcpy)
/home/micha/Ac6/SystemWorkbench/plugins/fr.ac6.mcu.externaltools.arm-none.linux64_1.11.0.201610101240/tools/gcc-arm-none-eabi-5_4-2016q2/bin/../lib/gcc/arm-none-eabi/5.4.1/../../../../arm-none-eabi/lib/armv7-m/libc_nano.a(lib_a-memset.o)
                              /home/micha/Ac6/SystemWorkbench/plugins/fr.ac6.mcu.externaltools.arm-none.linux64_1.11.0.201610101240/tools/gcc-arm-none-eabi-5_4-2016q2/bin/../lib/gcc/arm-none-eabi/5.4.1/../../../../arm-none-eabi/lib/armv7-m/crt0.o (memset)
/home/micha/Ac6/SystemWorkbench/plugins/fr.ac6.mcu.externaltools.arm-none.linux64_1.11.0.201610101240/tools/gcc-arm-none-eabi-5_4-2016q2/bin/../lib/gcc/arm-none-eabi/5.4.1/../../../../arm-none-eabi/lib/armv7-m/libnosys.a(_exit.o)
                              /home/micha/Ac6/SystemWorkbench/plugins/fr.ac6.mcu.externaltools.arm-none.linux64_1.11.0.201610101240/tools/gcc-arm-none-eabi-5_4-2016q2/bin/../lib/gcc/arm-none-eabi/5.4.1/../../../../arm-none-eabi/lib/armv7-m/libc_nano.a(lib_a-exit.o) (_exit)

Allocating common symbols
Common symbol       size              file

sensorPool          0x4               Src/sensor.o
defaultTaskHandle   0x4               Src/freertos.o
registrationCounter
                    0x1               Src/broker.o
isrState            0x1               Src/isr_motor.o
frequency           0x14              Src/moistureMeasure.o
newPulseLength      0x4               Src/isr_motor.o
type                0x1               Src/isr_moisture.o
ptrTimer3Ref        0x4               Src/moistureMeasure.o
AliveTickerHandle   0x4               Src/freertos.o
hiwdg               0x10              Src/iwdg.o
xQueueRegistry      0x40              Middlewares/Third_Party/FreeRTOS/Source/queue.o
pFlash              0x20              Drivers/STM32F1xx_HAL_Driver/Src/stm32f1xx_hal_flash.o
htim3               0x3c              Src/tim.o
hadc1               0x30              Src/adc.o
listIds             0x10              Src/broker.o
motorCtrlQueue      0x4               Src/motors.o
stepPulseDown       0x4               Src/isr_motor.o
huart1              0x40              Src/usart.o
maxPulseLength      0x4               Src/isr_motor.o
dht                 0x40              Src/dht22.o
htim1               0x3c              Src/stm32f1xx_hal_timebase_TIM.o
stepPulseUp         0x4               Src/isr_motor.o
sensorConfig        0x8               Src/sensor.o
MotorHandle         0x4               Src/freertos.o
WatchdogHandle      0x4               Src/freertos.o
listFcts            0x40              Src/broker.o
SpiBrokerHandle     0x4               Src/freertos.o
SensorHandle        0x4               Src/freertos.o
hspi1               0x58              Src/spi.o
htim2               0x3c              Src/tim.o
SPRINTF_buffer      0x4               Src/printf.o
sensorQueue         0x4               Src/sensor.o
motorCtrlPool       0x4               Src/motors.o

Discarded input sections

[...]
Memory Configuration

Name             Origin             Length             Attributes
FLASH            0x08000000         0x00010000         xr
RAM              0x20000000         0x00005000         xrw
*default*        0x00000000         0xffffffff

Linker script and memory map

LOAD /home/micha/Ac6/SystemWorkbench/plugins/fr.ac6.mcu.externaltools.arm-none.linux64_1.11.0.201610101240/tools/gcc-arm-none-eabi-5_4-2016q2/bin/../lib/gcc/arm-none-eabi/5.4.1/armv7-m/crti.o
LOAD /home/micha/Ac6/SystemWorkbench/plugins/fr.ac6.mcu.externaltools.arm-none.linux64_1.11.0.201610101240/tools/gcc-arm-none-eabi-5_4-2016q2/bin/../lib/gcc/arm-none-eabi/5.4.1/armv7-m/crtbegin.o
LOAD /home/micha/Ac6/SystemWorkbench/plugins/fr.ac6.mcu.externaltools.arm-none.linux64_1.11.0.201610101240/tools/gcc-arm-none-eabi-5_4-2016q2/bin/../lib/gcc/arm-none-eabi/5.4.1/../../../../arm-none-eabi/lib/armv7-m/crt0.o
LOAD /home/micha/Ac6/SystemWorkbench/plugins/fr.ac6.mcu.externaltools.arm-none.linux64_1.11.0.201610101240/tools/gcc-arm-none-eabi-5_4-2016q2/bin/../lib/gcc/arm-none-eabi/5.4.1/../../../../arm-none-eabi/lib/armv7-m/libm.a
LOAD Drivers/STM32F1xx_HAL_Driver/Src/stm32f1xx_hal.o
LOAD Drivers/STM32F1xx_HAL_Driver/Src/stm32f1xx_hal_adc.o
LOAD Drivers/STM32F1xx_HAL_Driver/Src/stm32f1xx_hal_adc_ex.o
LOAD Drivers/STM32F1xx_HAL_Driver/Src/stm32f1xx_hal_cortex.o
LOAD Drivers/STM32F1xx_HAL_Driver/Src/stm32f1xx_hal_dma.o
LOAD Drivers/STM32F1xx_HAL_Driver/Src/stm32f1xx_hal_flash.o
LOAD Drivers/STM32F1xx_HAL_Driver/Src/stm32f1xx_hal_flash_ex.o
LOAD Drivers/STM32F1xx_HAL_Driver/Src/stm32f1xx_hal_gpio.o
LOAD Drivers/STM32F1xx_HAL_Driver/Src/stm32f1xx_hal_gpio_ex.o
LOAD Drivers/STM32F1xx_HAL_Driver/Src/stm32f1xx_hal_iwdg.o
LOAD Drivers/STM32F1xx_HAL_Driver/Src/stm32f1xx_hal_pwr.o
LOAD Drivers/STM32F1xx_HAL_Driver/Src/stm32f1xx_hal_rcc.o
LOAD Drivers/STM32F1xx_HAL_Driver/Src/stm32f1xx_hal_rcc_ex.o
LOAD Drivers/STM32F1xx_HAL_Driver/Src/stm32f1xx_hal_spi.o
LOAD Drivers/STM32F1xx_HAL_Driver/Src/stm32f1xx_hal_spi_ex.o
LOAD Drivers/STM32F1xx_HAL_Driver/Src/stm32f1xx_hal_tim.o
LOAD Drivers/STM32F1xx_HAL_Driver/Src/stm32f1xx_hal_tim_ex.o
LOAD Drivers/STM32F1xx_HAL_Driver/Src/stm32f1xx_hal_uart.o
LOAD Middlewares/Third_Party/FreeRTOS/Source/CMSIS_RTOS/cmsis_os.o
LOAD Middlewares/Third_Party/FreeRTOS/Source/croutine.o
LOAD Middlewares/Third_Party/FreeRTOS/Source/event_groups.o
LOAD Middlewares/Third_Party/FreeRTOS/Source/list.o
LOAD Middlewares/Third_Party/FreeRTOS/Source/queue.o
LOAD Middlewares/Third_Party/FreeRTOS/Source/tasks.o
LOAD Middlewares/Third_Party/FreeRTOS/Source/timers.o
LOAD Middlewares/Third_Party/FreeRTOS/Source/portable/GCC/ARM_CM3/port.o
LOAD Middlewares/Third_Party/FreeRTOS/Source/portable/MemMang/heap_4.o
LOAD Src/adc.o
LOAD Src/analog.o
LOAD Src/broker.o
LOAD Src/dht22.o
LOAD Src/freertos.o
LOAD Src/gpio.o
LOAD Src/isr_moisture.o
LOAD Src/isr_motor.o
LOAD Src/iwdg.o
LOAD Src/main.o
LOAD Src/moistureMeasure.o
LOAD Src/motors.o
LOAD Src/printf.o
LOAD Src/pwm.o
LOAD Src/scheduler.o
LOAD Src/sensor.o
LOAD Src/spi.o
LOAD Src/spicomm.o
LOAD Src/startup_stm32f103xb.o
LOAD Src/stm32f1xx_hal_msp.o
LOAD Src/stm32f1xx_hal_timebase_TIM.o
LOAD Src/stm32f1xx_it.o
LOAD Src/stuff.o
LOAD Src/syscalls.o
LOAD Src/system_stm32f1xx.o
LOAD Src/tim.o
LOAD Src/usart.o
START GROUP
LOAD /home/micha/Ac6/SystemWorkbench/plugins/fr.ac6.mcu.externaltools.arm-none.linux64_1.11.0.201610101240/tools/gcc-arm-none-eabi-5_4-2016q2/bin/../lib/gcc/arm-none-eabi/5.4.1/armv7-m/libgcc.a
LOAD /home/micha/Ac6/SystemWorkbench/plugins/fr.ac6.mcu.externaltools.arm-none.linux64_1.11.0.201610101240/tools/gcc-arm-none-eabi-5_4-2016q2/bin/../lib/gcc/arm-none-eabi/5.4.1/../../../../arm-none-eabi/lib/armv7-m/libc_nano.a
END GROUP
START GROUP
LOAD /home/micha/Ac6/SystemWorkbench/plugins/fr.ac6.mcu.externaltools.arm-none.linux64_1.11.0.201610101240/tools/gcc-arm-none-eabi-5_4-2016q2/bin/../lib/gcc/arm-none-eabi/5.4.1/armv7-m/libgcc.a
LOAD /home/micha/Ac6/SystemWorkbench/plugins/fr.ac6.mcu.externaltools.arm-none.linux64_1.11.0.201610101240/tools/gcc-arm-none-eabi-5_4-2016q2/bin/../lib/gcc/arm-none-eabi/5.4.1/../../../../arm-none-eabi/lib/armv7-m/libc_nano.a
LOAD /home/micha/Ac6/SystemWorkbench/plugins/fr.ac6.mcu.externaltools.arm-none.linux64_1.11.0.201610101240/tools/gcc-arm-none-eabi-5_4-2016q2/bin/../lib/gcc/arm-none-eabi/5.4.1/../../../../arm-none-eabi/lib/armv7-m/libnosys.a
END GROUP
START GROUP
LOAD /home/micha/Ac6/SystemWorkbench/plugins/fr.ac6.mcu.externaltools.arm-none.linux64_1.11.0.201610101240/tools/gcc-arm-none-eabi-5_4-2016q2/bin/../lib/gcc/arm-none-eabi/5.4.1/armv7-m/libgcc.a
LOAD /home/micha/Ac6/SystemWorkbench/plugins/fr.ac6.mcu.externaltools.arm-none.linux64_1.11.0.201610101240/tools/gcc-arm-none-eabi-5_4-2016q2/bin/../lib/gcc/arm-none-eabi/5.4.1/../../../../arm-none-eabi/lib/armv7-m/libc_nano.a
LOAD /home/micha/Ac6/SystemWorkbench/plugins/fr.ac6.mcu.externaltools.arm-none.linux64_1.11.0.201610101240/tools/gcc-arm-none-eabi-5_4-2016q2/bin/../lib/gcc/arm-none-eabi/5.4.1/../../../../arm-none-eabi/lib/armv7-m/libnosys.a
END GROUP
LOAD /home/micha/Ac6/SystemWorkbench/plugins/fr.ac6.mcu.externaltools.arm-none.linux64_1.11.0.201610101240/tools/gcc-arm-none-eabi-5_4-2016q2/bin/../lib/gcc/arm-none-eabi/5.4.1/armv7-m/crtend.o
LOAD /home/micha/Ac6/SystemWorkbench/plugins/fr.ac6.mcu.externaltools.arm-none.linux64_1.11.0.201610101240/tools/gcc-arm-none-eabi-5_4-2016q2/bin/../lib/gcc/arm-none-eabi/5.4.1/armv7-m/crtn.o
                0x20005000                _estack = 0x20005000
                0x00002000                _Min_Heap_Size = 0x2000
                0x00000400                _Min_Stack_Size = 0x400

.isr_vector     0x08000000      0x10c
                0x08000000                . = ALIGN (0x4)
 *(.isr_vector)
 .isr_vector    0x08000000      0x10c Src/startup_stm32f103xb.o
                0x08000000                g_pfnVectors
                0x0800010c                . = ALIGN (0x4)

.text           0x0800010c     0x581c
                0x0800010c                . = ALIGN (0x4)
 *(.text)
 .text          0x0800010c       0x5c /home/micha/Ac6/SystemWorkbench/plugins/fr.ac6.mcu.externaltools.arm-none.linux64_1.11.0.201610101240/tools/gcc-arm-none-eabi-5_4-2016q2/bin/../lib/gcc/arm-none-eabi/5.4.1/armv7-m/crtbegin.o
 *(.text*)
 .text.HAL_Init
                0x08000168       0x24 Drivers/STM32F1xx_HAL_Driver/Src/stm32f1xx_hal.o
                0x08000168                HAL_Init
 .text.HAL_IncTick
                0x0800018c       0x10 Drivers/STM32F1xx_HAL_Driver/Src/stm32f1xx_hal.o
                0x0800018c                HAL_IncTick
 .text.HAL_GetTick
                0x0800019c        0xc Drivers/STM32F1xx_HAL_Driver/Src/stm32f1xx_hal.o
                0x0800019c                HAL_GetTick
 .text.HAL_Delay
                0x080001a8       0x1c Drivers/STM32F1xx_HAL_Driver/Src/stm32f1xx_hal.o
                0x080001a8                HAL_Delay
 .text.HAL_ADC_ConvCpltCallback
                0x080001c4        0x4 Drivers/STM32F1xx_HAL_Driver/Src/stm32f1xx_hal_adc.o
                0x080001c4                HAL_ADC_ConvCpltCallback
 .text.HAL_ADC_LevelOutOfWindowCallback
                0x080001c8        0x4 Drivers/STM32F1xx_HAL_Driver/Src/stm32f1xx_hal_adc.o
                0x080001c8                HAL_ADC_LevelOutOfWindowCallback
 .text.HAL_ADC_IRQHandler
                0x080001cc       0xf8 Drivers/STM32F1xx_HAL_Driver/Src/stm32f1xx_hal_adc.o
                0x080001cc                HAL_ADC_IRQHandler
 .text.HAL_ADC_ConfigChannel
                0x080002c4      0x1ac Drivers/STM32F1xx_HAL_Driver/Src/stm32f1xx_hal_adc.o
                0x080002c4                HAL_ADC_ConfigChannel
 .text.ADC_ConversionStop_Disable
                0x08000470       0x44 Drivers/STM32F1xx_HAL_Driver/Src/stm32f1xx_hal_adc.o
                0x08000470                ADC_ConversionStop_Disable
 .text.HAL_ADC_Init
                0x080004b4      0x16c Drivers/STM32F1xx_HAL_Driver/Src/stm32f1xx_hal_adc.o
                0x080004b4                HAL_ADC_Init
 .text.HAL_ADCEx_InjectedConvCpltCallback
                0x08000620        0x4 Drivers/STM32F1xx_HAL_Driver/Src/stm32f1xx_hal_adc_ex.o
                0x08000620                HAL_ADCEx_InjectedConvCpltCallback
 .text.HAL_NVIC_SetPriorityGrouping
                0x08000624       0x24 Drivers/STM32F1xx_HAL_Driver/Src/stm32f1xx_hal_cortex.o
                0x08000624                HAL_NVIC_SetPriorityGrouping
 .text.HAL_NVIC_SetPriority
                0x08000648       0x70 Drivers/STM32F1xx_HAL_Driver/Src/stm32f1xx_hal_cortex.o
                0x08000648                HAL_NVIC_SetPriority
 .text.HAL_NVIC_EnableIRQ
                0x080006b8       0x18 Drivers/STM32F1xx_HAL_Driver/Src/stm32f1xx_hal_cortex.o
                0x080006b8                HAL_NVIC_EnableIRQ
 .text.HAL_NVIC_DisableIRQ
                0x080006d0       0x1c Drivers/STM32F1xx_HAL_Driver/Src/stm32f1xx_hal_cortex.o
                0x080006d0                HAL_NVIC_DisableIRQ
 .text.HAL_SYSTICK_Config
                0x080006ec       0x30 Drivers/STM32F1xx_HAL_Driver/Src/stm32f1xx_hal_cortex.o
                0x080006ec                HAL_SYSTICK_Config
 .text.HAL_SYSTICK_CLKSourceConfig
                0x0800071c       0x18 Drivers/STM32F1xx_HAL_Driver/Src/stm32f1xx_hal_cortex.o
                0x0800071c                HAL_SYSTICK_CLKSourceConfig
 .text.HAL_GPIO_Init
                0x08000734      0x1d8 Drivers/STM32F1xx_HAL_Driver/Src/stm32f1xx_hal_gpio.o
                0x08000734                HAL_GPIO_Init
 .text.HAL_GPIO_DeInit
                0x0800090c      0x110 Drivers/STM32F1xx_HAL_Driver/Src/stm32f1xx_hal_gpio.o
                0x0800090c                HAL_GPIO_DeInit
 .text.HAL_GPIO_WritePin
                0x08000a1c        0x8 Drivers/STM32F1xx_HAL_Driver/Src/stm32f1xx_hal_gpio.o
                0x08000a1c                HAL_GPIO_WritePin
 .text.HAL_IWDG_MspInit
                0x08000a24        0x4 Drivers/STM32F1xx_HAL_Driver/Src/stm32f1xx_hal_iwdg.o
                0x08000a24                HAL_IWDG_MspInit
 .text.HAL_IWDG_Init
                0x08000a28       0x58 Drivers/STM32F1xx_HAL_Driver/Src/stm32f1xx_hal_iwdg.o
                0x08000a28                HAL_IWDG_Init
 .text.HAL_RCC_OscConfig
                0x08000a80      0x560 Drivers/STM32F1xx_HAL_Driver/Src/stm32f1xx_hal_rcc.o
                0x08000a80                HAL_RCC_OscConfig
 .text.HAL_RCC_GetSysClockFreq
                0x08000fe0       0x94 Drivers/STM32F1xx_HAL_Driver/Src/stm32f1xx_hal_rcc.o
                0x08000fe0                HAL_RCC_GetSysClockFreq
 .text.HAL_RCC_ClockConfig
                0x08001074      0x168 Drivers/STM32F1xx_HAL_Driver/Src/stm32f1xx_hal_rcc.o
                0x08001074                HAL_RCC_ClockConfig
 .text.HAL_RCC_GetHCLKFreq
                0x080011dc        0xc Drivers/STM32F1xx_HAL_Driver/Src/stm32f1xx_hal_rcc.o
                0x080011dc                HAL_RCC_GetHCLKFreq
 .text.HAL_RCC_GetPCLK1Freq
                0x080011e8       0x30 Drivers/STM32F1xx_HAL_Driver/Src/stm32f1xx_hal_rcc.o
                0x080011e8                HAL_RCC_GetPCLK1Freq
 .text.HAL_RCC_GetPCLK2Freq
                0x08001218       0x30 Drivers/STM32F1xx_HAL_Driver/Src/stm32f1xx_hal_rcc.o
                0x08001218                HAL_RCC_GetPCLK2Freq
 .text.HAL_RCC_GetClockConfig
                0x08001248       0x40 Drivers/STM32F1xx_HAL_Driver/Src/stm32f1xx_hal_rcc.o
                0x08001248                HAL_RCC_GetClockConfig
 .text.HAL_RCCEx_PeriphCLKConfig
                0x08001288      0x120 Drivers/STM32F1xx_HAL_Driver/Src/stm32f1xx_hal_rcc_ex.o
                0x08001288                HAL_RCCEx_PeriphCLKConfig
 .text.SPI_WaitOnFlagUntilTimeout
                0x080013a8       0x9c Drivers/STM32F1xx_HAL_Driver/Src/stm32f1xx_hal_spi.o
 .text.HAL_SPI_DeInit
                0x08001444       0x2c Drivers/STM32F1xx_HAL_Driver/Src/stm32f1xx_hal_spi.o
                0x08001444                HAL_SPI_DeInit
 .text.HAL_SPI_Transmit_IT
                0x08001470       0xb8 Drivers/STM32F1xx_HAL_Driver/Src/stm32f1xx_hal_spi.o
                0x08001470                HAL_SPI_Transmit_IT
 .text.HAL_SPI_TransmitReceive_IT
                0x08001528       0xb8 Drivers/STM32F1xx_HAL_Driver/Src/stm32f1xx_hal_spi.o
                0x08001528                HAL_SPI_TransmitReceive_IT
 .text.HAL_SPI_Receive_IT
                0x080015e0       0xbc Drivers/STM32F1xx_HAL_Driver/Src/stm32f1xx_hal_spi.o
                0x080015e0                HAL_SPI_Receive_IT
 .text.SPI_TxISR
                0x0800169c       0xcc Drivers/STM32F1xx_HAL_Driver/Src/stm32f1xx_hal_spi.o
 .text.HAL_SPI_IRQHandler
                0x08001768       0xac Drivers/STM32F1xx_HAL_Driver/Src/stm32f1xx_hal_spi.o
                0x08001768                HAL_SPI_IRQHandler
 .text.SPI_RxCloseIRQHandler
                0x08001814       0xf8 Drivers/STM32F1xx_HAL_Driver/Src/stm32f1xx_hal_spi.o
 .text.SPI_RxISR
                0x0800190c       0x44 Drivers/STM32F1xx_HAL_Driver/Src/stm32f1xx_hal_spi.o
 .text.SPI_2LinesRxISR
                0x08001950       0x2c Drivers/STM32F1xx_HAL_Driver/Src/stm32f1xx_hal_spi.o
 .text.HAL_SPI_Init
                0x0800197c       0x80 Drivers/STM32F1xx_HAL_Driver/Src/stm32f1xx_hal_spi_ex.o
                0x0800197c                HAL_SPI_Init
 .text.SPI_ISCRCErrorValid
                0x080019fc        0x4 Drivers/STM32F1xx_HAL_Driver/Src/stm32f1xx_hal_spi_ex.o
                0x080019fc                SPI_ISCRCErrorValid
 .text.TIM_OC1_SetConfig
                0x08001a00       0x58 Drivers/STM32F1xx_HAL_Driver/Src/stm32f1xx_hal_tim.o
 .text.TIM_OC3_SetConfig
                0x08001a58       0x5c Drivers/STM32F1xx_HAL_Driver/Src/stm32f1xx_hal_tim.o
 .text.TIM_OC4_SetConfig
                0x08001ab4       0x48 Drivers/STM32F1xx_HAL_Driver/Src/stm32f1xx_hal_tim.o
 .text.HAL_TIM_Base_Start_IT
                0x08001afc       0x18 Drivers/STM32F1xx_HAL_Driver/Src/stm32f1xx_hal_tim.o
                0x08001afc                HAL_TIM_Base_Start_IT
 .text.HAL_TIM_PWM_MspInit
                0x08001b14        0x4 Drivers/STM32F1xx_HAL_Driver/Src/stm32f1xx_hal_tim.o
                0x08001b14                HAL_TIM_PWM_MspInit
 .text.HAL_TIM_PWM_Start_IT
                0x08001b18       0x7c Drivers/STM32F1xx_HAL_Driver/Src/stm32f1xx_hal_tim.o
                0x08001b18                HAL_TIM_PWM_Start_IT
 .text.HAL_TIM_PWM_Stop_IT
                0x08001b94       0xa8 Drivers/STM32F1xx_HAL_Driver/Src/stm32f1xx_hal_tim.o
                0x08001b94                HAL_TIM_PWM_Stop_IT
 .text.HAL_TIM_IC_Start_IT
                0x08001c3c       0x68 Drivers/STM32F1xx_HAL_Driver/Src/stm32f1xx_hal_tim.o
                0x08001c3c                HAL_TIM_IC_Start_IT
 .text.HAL_TIM_IC_Stop_IT
                0x08001ca4       0x80 Drivers/STM32F1xx_HAL_Driver/Src/stm32f1xx_hal_tim.o
                0x08001ca4                HAL_TIM_IC_Stop_IT
 .text.HAL_TIM_ConfigClockSource
                0x08001d24      0x180 Drivers/STM32F1xx_HAL_Driver/Src/stm32f1xx_hal_tim.o
                0x08001d24                HAL_TIM_ConfigClockSource
 .text.HAL_TIM_ReadCapturedValue
                0x08001ea4       0x60 Drivers/STM32F1xx_HAL_Driver/Src/stm32f1xx_hal_tim.o
                0x08001ea4                HAL_TIM_ReadCapturedValue
 .text.HAL_TIM_OC_DelayElapsedCallback
                0x08001f04        0x4 Drivers/STM32F1xx_HAL_Driver/Src/stm32f1xx_hal_tim.o
                0x08001f04                HAL_TIM_OC_DelayElapsedCallback
 .text.HAL_TIM_PWM_PulseFinishedCallback
                0x08001f08        0x4 Drivers/STM32F1xx_HAL_Driver/Src/stm32f1xx_hal_tim.o
                0x08001f08                HAL_TIM_PWM_PulseFinishedCallback
 .text.HAL_TIM_TriggerCallback
                0x08001f0c        0x4 Drivers/STM32F1xx_HAL_Driver/Src/stm32f1xx_hal_tim.o
                0x08001f0c                HAL_TIM_TriggerCallback
 .text.HAL_TIM_IRQHandler
                0x08001f10      0x154 Drivers/STM32F1xx_HAL_Driver/Src/stm32f1xx_hal_tim.o
                0x08001f10                HAL_TIM_IRQHandler
 .text.TIM_Base_SetConfig
                0x08002064       0x7c Drivers/STM32F1xx_HAL_Driver/Src/stm32f1xx_hal_tim.o
                0x08002064                TIM_Base_SetConfig
 .text.HAL_TIM_Base_Init
                0x080020e0       0x38 Drivers/STM32F1xx_HAL_Driver/Src/stm32f1xx_hal_tim.o
                0x080020e0                HAL_TIM_Base_Init
 .text.HAL_TIM_PWM_Init
                0x08002118       0x38 Drivers/STM32F1xx_HAL_Driver/Src/stm32f1xx_hal_tim.o
                0x08002118                HAL_TIM_PWM_Init
 .text.HAL_TIM_IC_Init
                0x08002150       0x38 Drivers/STM32F1xx_HAL_Driver/Src/stm32f1xx_hal_tim.o
                0x08002150                HAL_TIM_IC_Init
 .text.TIM_OC2_SetConfig
                0x08002188       0x5c Drivers/STM32F1xx_HAL_Driver/Src/stm32f1xx_hal_tim.o
                0x08002188                TIM_OC2_SetConfig
 .text.HAL_TIM_PWM_ConfigChannel
                0x080021e4       0xd4 Drivers/STM32F1xx_HAL_Driver/Src/stm32f1xx_hal_tim.o
                0x080021e4                HAL_TIM_PWM_ConfigChannel
 .text.TIM_TI1_SetConfig
                0x080022b8       0x58 Drivers/STM32F1xx_HAL_Driver/Src/stm32f1xx_hal_tim.o
                0x080022b8                TIM_TI1_SetConfig
 .text.HAL_TIM_IC_ConfigChannel
                0x08002310      0x124 Drivers/STM32F1xx_HAL_Driver/Src/stm32f1xx_hal_tim.o
                0x08002310                HAL_TIM_IC_ConfigChannel
 .text.HAL_TIMEx_MasterConfigSynchronization
                0x08002434       0x4c Drivers/STM32F1xx_HAL_Driver/Src/stm32f1xx_hal_tim_ex.o
                0x08002434                HAL_TIMEx_MasterConfigSynchronization
 .text.HAL_TIMEx_CommutationCallback
                0x08002480        0x4 Drivers/STM32F1xx_HAL_Driver/Src/stm32f1xx_hal_tim_ex.o
                0x08002480                HAL_TIMEx_CommutationCallback
 .text.HAL_TIMEx_BreakCallback
                0x08002484        0x4 Drivers/STM32F1xx_HAL_Driver/Src/stm32f1xx_hal_tim_ex.o
                0x08002484                HAL_TIMEx_BreakCallback
 .text.UART_SetConfig
                0x08002488      0x1a4 Drivers/STM32F1xx_HAL_Driver/Src/stm32f1xx_hal_uart.o
 .text.UART_WaitOnFlagUntilTimeout.constprop.1
                0x0800262c       0x60 Drivers/STM32F1xx_HAL_Driver/Src/stm32f1xx_hal_uart.o
 .text.HAL_UART_Init
                0x0800268c       0x5c Drivers/STM32F1xx_HAL_Driver/Src/stm32f1xx_hal_uart.o
                0x0800268c                HAL_UART_Init
 .text.HAL_UART_Transmit
                0x080026e8       0xb8 Drivers/STM32F1xx_HAL_Driver/Src/stm32f1xx_hal_uart.o
                0x080026e8                HAL_UART_Transmit
 .text.HAL_UART_TxCpltCallback
                0x080027a0        0x4 Drivers/STM32F1xx_HAL_Driver/Src/stm32f1xx_hal_uart.o
                0x080027a0                HAL_UART_TxCpltCallback
 .text.HAL_UART_RxCpltCallback
                0x080027a4        0x4 Drivers/STM32F1xx_HAL_Driver/Src/stm32f1xx_hal_uart.o
                0x080027a4                HAL_UART_RxCpltCallback
 .text.HAL_UART_ErrorCallback
                0x080027a8        0x4 Drivers/STM32F1xx_HAL_Driver/Src/stm32f1xx_hal_uart.o
                0x080027a8                HAL_UART_ErrorCallback
 .text.HAL_UART_IRQHandler
                0x080027ac      0x1cc Drivers/STM32F1xx_HAL_Driver/Src/stm32f1xx_hal_uart.o
                0x080027ac                HAL_UART_IRQHandler
 .text.osKernelStart
                0x08002978        0xc Middlewares/Third_Party/FreeRTOS/Source/CMSIS_RTOS/cmsis_os.o
                0x08002978                osKernelStart
 .text.osThreadCreate
                0x08002984       0x38 Middlewares/Third_Party/FreeRTOS/Source/CMSIS_RTOS/cmsis_os.o
                0x08002984                osThreadCreate
 .text.osDelay  0x080029bc       0x10 Middlewares/Third_Party/FreeRTOS/Source/CMSIS_RTOS/cmsis_os.o
                0x080029bc                osDelay
 .text.osPoolCreate
                0x080029cc       0x74 Middlewares/Third_Party/FreeRTOS/Source/CMSIS_RTOS/cmsis_os.o
                0x080029cc                osPoolCreate
 .text.osPoolAlloc
                0x08002a40       0x7c Middlewares/Third_Party/FreeRTOS/Source/CMSIS_RTOS/cmsis_os.o
                0x08002a40                osPoolAlloc
 .text.osPoolFree
                0x08002abc       0x2c Middlewares/Third_Party/FreeRTOS/Source/CMSIS_RTOS/cmsis_os.o
                0x08002abc                osPoolFree
 .text.osMessageCreate
                0x08002ae8        0x8 Middlewares/Third_Party/FreeRTOS/Source/CMSIS_RTOS/cmsis_os.o
                0x08002ae8                osMessageCreate
 .text.osMessagePut
                0x08002af0       0x50 Middlewares/Third_Party/FreeRTOS/Source/CMSIS_RTOS/cmsis_os.o
                0x08002af0                osMessagePut
 .text.osMessageGet
                0x08002b40       0x88 Middlewares/Third_Party/FreeRTOS/Source/CMSIS_RTOS/cmsis_os.o
                0x08002b40                osMessageGet
 .text.osSystickHandler
                0x08002bc8       0x14 Middlewares/Third_Party/FreeRTOS/Source/CMSIS_RTOS/cmsis_os.o
                0x08002bc8                osSystickHandler
 .text.vListInitialise
                0x08002bdc       0x18 Middlewares/Third_Party/FreeRTOS/Source/list.o
                0x08002bdc                vListInitialise
 .text.vListInitialiseItem
                0x08002bf4        0x8 Middlewares/Third_Party/FreeRTOS/Source/list.o
                0x08002bf4                vListInitialiseItem
 .text.vListInsertEnd
                0x08002bfc       0x1c Middlewares/Third_Party/FreeRTOS/Source/list.o
                0x08002bfc                vListInsertEnd
 .text.vListInsert
                0x08002c18       0x34 Middlewares/Third_Party/FreeRTOS/Source/list.o
                0x08002c18                vListInsert
 .text.uxListRemove
                0x08002c4c       0x28 Middlewares/Third_Party/FreeRTOS/Source/list.o
                0x08002c4c                uxListRemove
 .text.prvCopyDataToQueue
                0x08002c74       0x7c Middlewares/Third_Party/FreeRTOS/Source/queue.o
 .text.unlikely.prvCopyDataFromQueue
                0x08002cf0       0x24 Middlewares/Third_Party/FreeRTOS/Source/queue.o
 .text.prvUnlockQueue
                0x08002d14       0x84 Middlewares/Third_Party/FreeRTOS/Source/queue.o
 .text.xQueueGenericReset
                0x08002d98       0x6c Middlewares/Third_Party/FreeRTOS/Source/queue.o
                0x08002d98                xQueueGenericReset
 .text.xQueueGenericCreate
                0x08002e04       0x48 Middlewares/Third_Party/FreeRTOS/Source/queue.o
                0x08002e04                xQueueGenericCreate
 .text.xQueueGenericSend
                0x08002e4c      0x128 Middlewares/Third_Party/FreeRTOS/Source/queue.o
                0x08002e4c                xQueueGenericSend
 .text.xQueueGenericSendFromISR
                0x08002f74       0xb0 Middlewares/Third_Party/FreeRTOS/Source/queue.o
                0x08002f74                xQueueGenericSendFromISR
 .text.xQueueGenericReceive
                0x08003024      0x140 Middlewares/Third_Party/FreeRTOS/Source/queue.o
                0x08003024                xQueueGenericReceive
 .text.xQueueReceiveFromISR
                0x08003164       0x98 Middlewares/Third_Party/FreeRTOS/Source/queue.o
                0x08003164                xQueueReceiveFromISR
 .text.prvResetNextTaskUnblockTime.part.0
                0x080031fc       0x14 Middlewares/Third_Party/FreeRTOS/Source/tasks.o
 .text.prvAddCurrentTaskToDelayedList
                0x08003210       0x38 Middlewares/Third_Party/FreeRTOS/Source/tasks.o
 .text.xTaskIncrementTick.part.4
                0x08003248       0xbc Middlewares/Third_Party/FreeRTOS/Source/tasks.o
 .text.xTaskGenericCreate
                0x08003304      0x198 Middlewares/Third_Party/FreeRTOS/Source/tasks.o
                0x08003304                xTaskGenericCreate
 .text.vTaskStartScheduler
                0x0800349c       0x54 Middlewares/Third_Party/FreeRTOS/Source/tasks.o
                0x0800349c                vTaskStartScheduler
 .text.vTaskSuspendAll
                0x080034f0       0x14 Middlewares/Third_Party/FreeRTOS/Source/tasks.o
                0x080034f0                vTaskSuspendAll
 .text.xTaskResumeAll
                0x08003504       0xdc Middlewares/Third_Party/FreeRTOS/Source/tasks.o
                0x08003504                xTaskResumeAll
 .text.vTaskDelay
                0x080035e0       0x5c Middlewares/Third_Party/FreeRTOS/Source/tasks.o
                0x080035e0                vTaskDelay
 .text.prvIdleTask
                0x0800363c       0x68 Middlewares/Third_Party/FreeRTOS/Source/tasks.o
 .text.xTaskIncrementTick
                0x080036a4       0x24 Middlewares/Third_Party/FreeRTOS/Source/tasks.o
                0x080036a4                xTaskIncrementTick
 .text.vTaskSwitchContext
                0x080036c8       0x6c Middlewares/Third_Party/FreeRTOS/Source/tasks.o
                0x080036c8                vTaskSwitchContext
 .text.vTaskPlaceOnEventList
                0x08003734       0x58 Middlewares/Third_Party/FreeRTOS/Source/tasks.o
                0x08003734                vTaskPlaceOnEventList
 .text.xTaskRemoveFromEventList
                0x0800378c       0x6c Middlewares/Third_Party/FreeRTOS/Source/tasks.o
                0x0800378c                xTaskRemoveFromEventList
 .text.vTaskSetTimeOutState
                0x080037f8       0x1c Middlewares/Third_Party/FreeRTOS/Source/tasks.o
                0x080037f8                vTaskSetTimeOutState
 .text.xTaskCheckForTimeOut
                0x08003814       0x68 Middlewares/Third_Party/FreeRTOS/Source/tasks.o
                0x08003814                xTaskCheckForTimeOut
 .text.vTaskMissedYield
                0x0800387c       0x10 Middlewares/Third_Party/FreeRTOS/Source/tasks.o
                0x0800387c                vTaskMissedYield
 .text.xTaskGetSchedulerState
                0x0800388c       0x20 Middlewares/Third_Party/FreeRTOS/Source/tasks.o
                0x0800388c                xTaskGetSchedulerState
 .text.vTaskPriorityInherit
                0x080038ac       0x98 Middlewares/Third_Party/FreeRTOS/Source/tasks.o
                0x080038ac                vTaskPriorityInherit
 .text.xTaskPriorityDisinherit
                0x08003944       0x8c Middlewares/Third_Party/FreeRTOS/Source/tasks.o
                0x08003944                xTaskPriorityDisinherit
 .text.pvTaskIncrementMutexHeldCount
                0x080039d0       0x18 Middlewares/Third_Party/FreeRTOS/Source/tasks.o
                0x080039d0                pvTaskIncrementMutexHeldCount
 .text.prvPortStartFirstTask
                0x080039e8       0x20 Middlewares/Third_Party/FreeRTOS/Source/portable/GCC/ARM_CM3/port.o
 .text.pxPortInitialiseStack
                0x08003a08       0x24 Middlewares/Third_Party/FreeRTOS/Source/portable/GCC/ARM_CM3/port.o
                0x08003a08                pxPortInitialiseStack
 .text.SVC_Handler
                0x08003a2c       0x24 Middlewares/Third_Party/FreeRTOS/Source/portable/GCC/ARM_CM3/port.o
                0x08003a2c                SVC_Handler
 .text.vPortYield
                0x08003a50       0x18 Middlewares/Third_Party/FreeRTOS/Source/portable/GCC/ARM_CM3/port.o
                0x08003a50                vPortYield
 .text.ulPortSetInterruptMask
                0x08003a68       0x10 Middlewares/Third_Party/FreeRTOS/Source/portable/GCC/ARM_CM3/port.o
                0x08003a68                ulPortSetInterruptMask
 .text.prvTaskExitError
                0x08003a78       0x1c Middlewares/Third_Party/FreeRTOS/Source/portable/GCC/ARM_CM3/port.o
 .text.vPortEnterCritical
                0x08003a94       0x34 Middlewares/Third_Party/FreeRTOS/Source/portable/GCC/ARM_CM3/port.o
                0x08003a94                vPortEnterCritical
 .text.vPortClearInterruptMask
                0x08003ac8        0x8 Middlewares/Third_Party/FreeRTOS/Source/portable/GCC/ARM_CM3/port.o
                0x08003ac8                vPortClearInterruptMask
 .text.vPortExitCritical
                0x08003ad0       0x24 Middlewares/Third_Party/FreeRTOS/Source/portable/GCC/ARM_CM3/port.o
                0x08003ad0                vPortExitCritical
 .text.PendSV_Handler
                0x08003af4       0x44 Middlewares/Third_Party/FreeRTOS/Source/portable/GCC/ARM_CM3/port.o
                0x08003af4                PendSV_Handler
 .text.xPortSysTickHandler
                0x08003b38       0x24 Middlewares/Third_Party/FreeRTOS/Source/portable/GCC/ARM_CM3/port.o
                0x08003b38                xPortSysTickHandler
 .text.vPortSetupTimerInterrupt
                0x08003b5c       0x2c Middlewares/Third_Party/FreeRTOS/Source/portable/GCC/ARM_CM3/port.o
                0x08003b5c                vPortSetupTimerInterrupt
 .text.xPortStartScheduler
                0x08003b88       0x90 Middlewares/Third_Party/FreeRTOS/Source/portable/GCC/ARM_CM3/port.o
                0x08003b88                xPortStartScheduler
 .text.vPortValidateInterruptPriority
                0x08003c18       0x40 Middlewares/Third_Party/FreeRTOS/Source/portable/GCC/ARM_CM3/port.o
                0x08003c18                vPortValidateInterruptPriority
 .text.prvInsertBlockIntoFreeList
                0x08003c58       0x54 Middlewares/Third_Party/FreeRTOS/Source/portable/MemMang/heap_4.o
 .text.pvPortMalloc
                0x08003cac      0x114 Middlewares/Third_Party/FreeRTOS/Source/portable/MemMang/heap_4.o
                0x08003cac                pvPortMalloc
 .text.vPortFree
                0x08003dc0       0x5c Middlewares/Third_Party/FreeRTOS/Source/portable/MemMang/heap_4.o
                0x08003dc0                vPortFree
 .text.MX_ADC1_Init
                0x08003e1c       0x54 Src/adc.o
                0x08003e1c                MX_ADC1_Init
 .text.HAL_ADC_MspInit
                0x08003e70       0x40 Src/adc.o
                0x08003e70                HAL_ADC_MspInit
 .text.DHT22_SetPinOUT
                0x08003eb0       0x2c Src/dht22.o
                0x08003eb0                DHT22_SetPinOUT
 .text.DHT22_SetPinIN
                0x08003edc       0x28 Src/dht22.o
                0x08003edc                DHT22_SetPinIN
 .text.DHT22_Init
                0x08003f04       0x3c Src/dht22.o
                0x08003f04                DHT22_Init
 .text.DHT22_InitiateTransfer
                0x08003f40       0x60 Src/dht22.o
                0x08003f40                DHT22_InitiateTransfer
 .text.DHT22_InterruptHandler
                0x08003fa0      0x130 Src/dht22.o
                0x08003fa0                DHT22_InterruptHandler
 .text.DHT22_ReadData
                0x080040d0       0x30 Src/dht22.o
                0x080040d0                DHT22_ReadData
 .text.getDHT22_Humidity
                0x08004100       0x20 Src/dht22.o
                0x08004100                getDHT22_Humidity
 .text.StartDefaultTask
                0x08004120        0xc Src/freertos.o
                0x08004120                StartDefaultTask
 .text.vApplicationStackOverflowHook
                0x0800412c       0x40 Src/freertos.o
                0x0800412c                vApplicationStackOverflowHook
 .text.MX_FREERTOS_Init
                0x0800416c       0xf0 Src/freertos.o
                0x0800416c                MX_FREERTOS_Init
 .text.MX_GPIO_Init
                0x0800425c       0xf8 Src/gpio.o
                0x0800425c                MX_GPIO_Init
 .text.setSensorType
                0x08004354        0xc Src/isr_moisture.o
                0x08004354                setSensorType
 .text.getFrequencyOfChannel
                0x08004360        0xc Src/isr_moisture.o
                0x08004360                getFrequencyOfChannel
 .text.resetFrequencyOfChannel
                0x0800436c       0x10 Src/isr_moisture.o
                0x0800436c                resetFrequencyOfChannel
 .text.HAL_TIM_IC_CaptureCallback
                0x0800437c       0xa4 Src/isr_moisture.o
                0x0800437c                HAL_TIM_IC_CaptureCallback
 .text.setPulseStepDown
                0x08004420        0xc Src/isr_motor.o
                0x08004420                setPulseStepDown
 .text.setPulseStepUp
                0x0800442c        0xc Src/isr_motor.o
                0x0800442c                setPulseStepUp
 .text.setPulse
                0x08004438       0x20 Src/isr_motor.o
                0x08004438                setPulse
 .text.setState
                0x08004458        0xc Src/isr_motor.o
                0x08004458                setState
 .text.getState
                0x08004464        0xc Src/isr_motor.o
                0x08004464                getState
 .text.custom_TIM_PeriodElapsedCallback
                0x08004470       0x70 Src/isr_motor.o
                0x08004470                custom_TIM_PeriodElapsedCallback
 .text.MX_IWDG_Init
                0x080044e0       0x2c Src/iwdg.o
                0x080044e0                MX_IWDG_Init
 .text.SystemClock_Config
                0x0800450c       0x8c Src/main.o
                0x0800450c                SystemClock_Config
 .text.startup.main
                0x08004598       0x60 Src/main.o
                0x08004598                main
 .text.HAL_TIM_PeriodElapsedCallback
                0x080045f8       0x1c Src/main.o
                0x080045f8                HAL_TIM_PeriodElapsedCallback
 .text.Error_Handler
                0x08004614        0x4 Src/main.o
                0x08004614                Error_Handler
 .text.initMoistureMeasure
                0x08004618       0x44 Src/moistureMeasure.o
                0x08004618                initMoistureMeasure
 .text.StartTimer
                0x0800465c       0x3c Src/moistureMeasure.o
                0x0800465c                StartTimer
 .text.StopTimer
                0x08004698       0x3c Src/moistureMeasure.o
                0x08004698                StopTimer
 .text.stopSensorCapture
                0x080046d4       0x38 Src/moistureMeasure.o
                0x080046d4                stopSensorCapture
 .text.startSensorCapture
                0x0800470c       0x68 Src/moistureMeasure.o
                0x0800470c                startSensorCapture
 .text.getSensorFrequency
                0x08004774       0x2c Src/moistureMeasure.o
                0x08004774                getSensorFrequency
 .text.MoistureTask
                0x080047a0       0x14 Src/moistureMeasure.o
                0x080047a0                MoistureTask
 .text.motTask100ms.part.0
                0x080047b4       0xc0 Src/motors.o
 .text.motControlStart
                0x08004874      0x148 Src/motors.o
                0x08004874                motControlStart
 .text.initMotorControl
                0x080049bc       0x5c Src/motors.o
                0x080049bc                initMotorControl
 .text.procMotor
                0x08004a18       0xe4 Src/motors.o
                0x08004a18                procMotor
 .text.long_itoa
                0x08004afc       0xd4 Src/printf.o
                0x08004afc                long_itoa
 .text.vfprintf_
                0x08004bd0      0x11c Src/printf.o
 .text.printf_  0x08004cec       0x28 Src/printf.o
                0x08004cec                printf_
 .text.procSensor
                0x08004d14       0xf8 Src/sensor.o
                0x08004d14                procSensor
 .text.SetSensorChannel
                0x08004e0c       0xec Src/sensor.o
                0x08004e0c                SetSensorChannel
 .text.ClearSensorChannel
                0x08004ef8       0x10 Src/sensor.o
                0x08004ef8                ClearSensorChannel
 .text.InitSensors
                0x08004f08       0x54 Src/sensor.o
                0x08004f08                InitSensors
 .text.MX_SPI1_Init
                0x08004f5c       0x44 Src/spi.o
                0x08004f5c                MX_SPI1_Init
 .text.HAL_SPI_MspInit
                0x08004fa0       0x68 Src/spi.o
                0x08004fa0                HAL_SPI_MspInit
 .text.HAL_SPI_MspDeInit
                0x08005008       0x34 Src/spi.o
                0x08005008                HAL_SPI_MspDeInit
 .text.initSpi  0x0800503c       0x58 Src/spicomm.o
                0x0800503c                initSpi
 .text.procSpiBroker
                0x08005094      0x158 Src/spicomm.o
                0x08005094                procSpiBroker
 .text.SpiSend  0x080051ec       0x68 Src/spicomm.o
                0x080051ec                SpiSend
 .text.HAL_SPI_ErrorCallback
                0x08005254       0xc4 Src/spicomm.o
                0x08005254                HAL_SPI_ErrorCallback
 .text.HAL_SPI_RxCpltCallback
                0x08005318       0x88 Src/spicomm.o
                0x08005318                HAL_SPI_RxCpltCallback
 .text.HAL_SPI_TxCpltCallback
                0x080053a0       0x4c Src/spicomm.o
                0x080053a0                HAL_SPI_TxCpltCallback
 .text.HAL_SPI_TxRxCpltCallback
                0x080053ec       0x20 Src/spicomm.o
                0x080053ec                HAL_SPI_TxRxCpltCallback
 .text.Reset_Handler
                0x0800540c       0x44 Src/startup_stm32f103xb.o
                0x0800540c                Reset_Handler
 .text.Default_Handler
                0x08005450        0x2 Src/startup_stm32f103xb.o
                0x08005450                RTC_Alarm_IRQHandler
                0x08005450                EXTI2_IRQHandler
                0x08005450                TIM1_CC_IRQHandler
                0x08005450                PVD_IRQHandler
                0x08005450                EXTI3_IRQHandler
                0x08005450                EXTI0_IRQHandler
                0x08005450                I2C2_EV_IRQHandler
                0x08005450                TAMPER_IRQHandler
                0x08005450                DMA1_Channel4_IRQHandler
                0x08005450                USART3_IRQHandler
                0x08005450                RTC_IRQHandler
                0x08005450                DMA1_Channel7_IRQHandler
                0x08005450                CAN1_RX1_IRQHandler
                0x08005450                TIM4_IRQHandler
                0x08005450                I2C1_EV_IRQHandler
                0x08005450                DMA1_Channel6_IRQHandler
                0x08005450                RCC_IRQHandler
                0x08005450                TIM1_TRG_COM_IRQHandler
                0x08005450                DMA1_Channel1_IRQHandler
                0x08005450                Default_Handler
                0x08005450                EXTI15_10_IRQHandler
                0x08005450                EXTI9_5_IRQHandler
                0x08005450                SPI2_IRQHandler
                0x08005450                DMA1_Channel5_IRQHandler
                0x08005450                EXTI4_IRQHandler
                0x08005450                USB_LP_CAN1_RX0_IRQHandler
                0x08005450                USB_HP_CAN1_TX_IRQHandler
                0x08005450                DMA1_Channel3_IRQHandler
                0x08005450                WWDG_IRQHandler
                0x08005450                TIM1_BRK_IRQHandler
                0x08005450                EXTI1_IRQHandler
                0x08005450                USART2_IRQHandler
                0x08005450                I2C2_ER_IRQHandler
                0x08005450                DMA1_Channel2_IRQHandler
                0x08005450                CAN1_SCE_IRQHandler
                0x08005450                FLASH_IRQHandler
                0x08005450                I2C1_ER_IRQHandler
                0x08005450                USBWakeUp_IRQHandler
 *fill*         0x08005452        0x2 
 .text.HAL_MspInit
                0x08005454       0x90 Src/stm32f1xx_hal_msp.o
                0x08005454                HAL_MspInit
 .text.HAL_InitTick
                0x080054e4       0x7c Src/stm32f1xx_hal_timebase_TIM.o
                0x080054e4                HAL_InitTick
 .text.NMI_Handler
                0x08005560        0x4 Src/stm32f1xx_it.o
                0x08005560                NMI_Handler
 .text.HardFault_Handler
                0x08005564       0x3c Src/stm32f1xx_it.o
                0x08005564                HardFault_Handler
 .text.MemManage_Handler
                0x080055a0        0x4 Src/stm32f1xx_it.o
                0x080055a0                MemManage_Handler
 .text.BusFault_Handler
                0x080055a4        0x4 Src/stm32f1xx_it.o
                0x080055a4                BusFault_Handler
 .text.UsageFault_Handler
                0x080055a8        0x4 Src/stm32f1xx_it.o
                0x080055a8                UsageFault_Handler
 .text.DebugMon_Handler
                0x080055ac        0x4 Src/stm32f1xx_it.o
                0x080055ac                DebugMon_Handler
 .text.SysTick_Handler
                0x080055b0        0x4 Src/stm32f1xx_it.o
                0x080055b0                SysTick_Handler
 .text.ADC1_2_IRQHandler
                0x080055b4        0xc Src/stm32f1xx_it.o
                0x080055b4                ADC1_2_IRQHandler
 .text.TIM1_UP_IRQHandler
                0x080055c0        0xc Src/stm32f1xx_it.o
                0x080055c0                TIM1_UP_IRQHandler
 .text.TIM2_IRQHandler
                0x080055cc        0xc Src/stm32f1xx_it.o
                0x080055cc                TIM2_IRQHandler
 .text.TIM3_IRQHandler
                0x080055d8        0xc Src/stm32f1xx_it.o
                0x080055d8                TIM3_IRQHandler
 .text.SPI1_IRQHandler
                0x080055e4        0xc Src/stm32f1xx_it.o
                0x080055e4                SPI1_IRQHandler
 .text.USART1_IRQHandler
                0x080055f0        0xc Src/stm32f1xx_it.o
                0x080055f0                USART1_IRQHandler
 .text.putc_    0x080055fc       0x20 Src/stuff.o
                0x080055fc                putc_
 .text.SystemInit
                0x0800561c       0x50 Src/system_stm32f1xx.o
                0x0800561c                SystemInit
 .text.HAL_TIM_MspPostInit.part.0
                0x0800566c       0x20 Src/tim.o
 .text.MX_TIM2_Init
                0x0800568c       0xd8 Src/tim.o
                0x0800568c                MX_TIM2_Init
 .text.MX_TIM3_Init
                0x08005764       0x6c Src/tim.o
                0x08005764                MX_TIM3_Init
 .text.HAL_TIM_Base_MspInit
                0x080057d0       0x40 Src/tim.o
                0x080057d0                HAL_TIM_Base_MspInit
 .text.HAL_TIM_IC_MspInit
                0x08005810       0x44 Src/tim.o
                0x08005810                HAL_TIM_IC_MspInit
 .text.MX_USART1_UART_Init
                0x08005854       0x38 Src/usart.o
                0x08005854                MX_USART1_UART_Init
 .text.HAL_UART_MspInit
                0x0800588c       0x6c Src/usart.o
                0x0800588c                HAL_UART_MspInit
 .text.memcpy   0x080058f8       0x16 /home/micha/Ac6/SystemWorkbench/plugins/fr.ac6.mcu.externaltools.arm-none.linux64_1.11.0.201610101240/tools/gcc-arm-none-eabi-5_4-2016q2/bin/../lib/gcc/arm-none-eabi/5.4.1/../../../../arm-none-eabi/lib/armv7-m/libc_nano.a(lib_a-memcpy-stub.o)
                0x080058f8                memcpy
 *(.glue_7)
 .glue_7        0x0800590e        0x0 linker stubs
 *(.glue_7t)
 .glue_7t       0x0800590e        0x0 linker stubs
 *(.eh_frame)
 *fill*         0x0800590e        0x2 
 .eh_frame      0x08005910        0x0 /home/micha/Ac6/SystemWorkbench/plugins/fr.ac6.mcu.externaltools.arm-none.linux64_1.11.0.201610101240/tools/gcc-arm-none-eabi-5_4-2016q2/bin/../lib/gcc/arm-none-eabi/5.4.1/armv7-m/crtbegin.o
 *(.init)
 .init          0x08005910        0x4 /home/micha/Ac6/SystemWorkbench/plugins/fr.ac6.mcu.externaltools.arm-none.linux64_1.11.0.201610101240/tools/gcc-arm-none-eabi-5_4-2016q2/bin/../lib/gcc/arm-none-eabi/5.4.1/armv7-m/crti.o
                0x08005910                _init
 .init          0x08005914        0x8 /home/micha/Ac6/SystemWorkbench/plugins/fr.ac6.mcu.externaltools.arm-none.linux64_1.11.0.201610101240/tools/gcc-arm-none-eabi-5_4-2016q2/bin/../lib/gcc/arm-none-eabi/5.4.1/armv7-m/crtn.o
 *(.fini)
 .fini          0x0800591c        0x4 /home/micha/Ac6/SystemWorkbench/plugins/fr.ac6.mcu.externaltools.arm-none.linux64_1.11.0.201610101240/tools/gcc-arm-none-eabi-5_4-2016q2/bin/../lib/gcc/arm-none-eabi/5.4.1/armv7-m/crti.o
                0x0800591c                _fini
 .fini          0x08005920        0x8 /home/micha/Ac6/SystemWorkbench/plugins/fr.ac6.mcu.externaltools.arm-none.linux64_1.11.0.201610101240/tools/gcc-arm-none-eabi-5_4-2016q2/bin/../lib/gcc/arm-none-eabi/5.4.1/armv7-m/crtn.o
                0x08005928                . = ALIGN (0x4)
                0x08005928                _etext = .

.vfp11_veneer   0x08005928        0x0
 .vfp11_veneer  0x08005928        0x0 linker stubs

.v4_bx          0x08005928        0x0
 .v4_bx         0x08005928        0x0 linker stubs

.iplt           0x08005928        0x0
 .iplt          0x08005928        0x0 /home/micha/Ac6/SystemWorkbench/plugins/fr.ac6.mcu.externaltools.arm-none.linux64_1.11.0.201610101240/tools/gcc-arm-none-eabi-5_4-2016q2/bin/../lib/gcc/arm-none-eabi/5.4.1/armv7-m/crtbegin.o

.rodata         0x08005928      0x4c8
                0x08005928                . = ALIGN (0x4)
 *(.rodata)
 .rodata        0x08005928       0x12 Drivers/STM32F1xx_HAL_Driver/Src/stm32f1xx_hal_rcc.o
 *fill*         0x0800593a        0x2 
 .rodata        0x0800593c       0x70 Src/freertos.o
 .rodata        0x080059ac       0x16 Src/moistureMeasure.o
 *fill*         0x080059c2        0x2 
 .rodata        0x080059c4       0x2e Src/motors.o
                0x080059d4                os_messageQ_def_motorCtrlQueue
                0x080059dc                os_pool_def_motorCtrlPool
 *fill*         0x080059f2        0x2 
 .rodata        0x080059f4       0x20 Src/sensor.o
                0x08005a00                os_messageQ_def__sensorQueue
                0x08005a08                os_pool_def__sensorPool
 .rodata        0x08005a14       0x7f Src/spicomm.o
                0x08005a14                os_messageQ_def__spiSendQueue
                0x08005a1c                os_messageQ_def__spiRecvQueue
                0x08005a24                os_pool_def__spiSendPool
                0x08005a30                os_pool_def__spiRecvPool
 *fill*         0x08005a93        0x1 
 .rodata        0x08005a94       0x12 Src/stm32f1xx_it.o
 *fill*         0x08005aa6        0x2 
 .rodata        0x08005aa8       0x18 Src/system_stm32f1xx.o
                0x08005aa8                AHBPrescTable
                0x08005ab8                APBPrescTable
 *(.rodata*)
 .rodata.str1.4
                0x08005ac0        0x5 Middlewares/Third_Party/FreeRTOS/Source/tasks.o
 *fill*         0x08005ac5        0x3 
 .rodata.str1.4
                0x08005ac8       0x2a Src/dht22.o
 *fill*         0x08005af2        0x2 
 .rodata.str1.4
                0x08005af4       0xc0 Src/freertos.o
 .rodata.str1.4
                0x08005bb4       0x49 Src/moistureMeasure.o
                                 0x79 (size before relaxing)
 *fill*         0x08005bfd        0x3 
 .rodata.str1.4
                0x08005c00      0x10c Src/motors.o
                                0x144 (size before relaxing)
 .rodata.str1.4
                0x08005d0c       0x1c Src/sensor.o
                                 0x5e (size before relaxing)
 .rodata.str1.4
                0x08005d28       0xbc Src/spicomm.o
                                0x114 (size before relaxing)
 .rodata.str1.4
                0x08005de4        0xc Src/stm32f1xx_it.o
                                 0x17 (size before relaxing)
                0x08005df0                . = ALIGN (0x4)

.rel.dyn        0x08005df0        0x0
 .rel.iplt      0x08005df0        0x0 /home/micha/Ac6/SystemWorkbench/plugins/fr.ac6.mcu.externaltools.arm-none.linux64_1.11.0.201610101240/tools/gcc-arm-none-eabi-5_4-2016q2/bin/../lib/gcc/arm-none-eabi/5.4.1/armv7-m/crtbegin.o

.ARM.extab
 *(.ARM.extab* .gnu.linkonce.armextab.*)

.ARM            0x08005df0        0x0
                0x08005df0                __exidx_start = .
 *(.ARM.exidx*)
                0x08005df0                __exidx_end = .

.preinit_array  0x08005df0        0x0
                0x08005df0                PROVIDE (__preinit_array_start, .)
 *(.preinit_array*)
                0x08005df0                PROVIDE (__preinit_array_end, .)

.init_array     0x08005df0        0x4
                0x08005df0                PROVIDE (__init_array_start, .)
 *(SORT(.init_array.*))
 *(.init_array*)
 .init_array    0x08005df0        0x4 /home/micha/Ac6/SystemWorkbench/plugins/fr.ac6.mcu.externaltools.arm-none.linux64_1.11.0.201610101240/tools/gcc-arm-none-eabi-5_4-2016q2/bin/../lib/gcc/arm-none-eabi/5.4.1/armv7-m/crtbegin.o
                0x08005df4                PROVIDE (__init_array_end, .)

.fini_array     0x08005df4        0x4
                [!provide]                PROVIDE (__fini_array_start, .)
 *(SORT(.fini_array.*))
 *(.fini_array*)
 .fini_array    0x08005df4        0x4 /home/micha/Ac6/SystemWorkbench/plugins/fr.ac6.mcu.externaltools.arm-none.linux64_1.11.0.201610101240/tools/gcc-arm-none-eabi-5_4-2016q2/bin/../lib/gcc/arm-none-eabi/5.4.1/armv7-m/crtbegin.o
                [!provide]                PROVIDE (__fini_array_end, .)
                0x08005df8                _sidata = LOADADDR (.data)

.data           0x20000000       0x18 load address 0x08005df8
                0x20000000                . = ALIGN (0x4)
                0x20000000                _sdata = .
 *(.data)
 .data          0x20000000        0x4 Middlewares/Third_Party/FreeRTOS/Source/portable/GCC/ARM_CM3/port.o
 .data          0x20000004        0x4 Src/moistureMeasure.o
                0x20000004                TimerChannel
 .data          0x20000008        0x9 Src/motors.o
 *fill*         0x20000011        0x3 
 .data          0x20000014        0x4 Src/system_stm32f1xx.o
                0x20000014                SystemCoreClock
 *(.data*)
                0x20000018                . = ALIGN (0x4)
                0x20000018                _edata = .

.jcr            0x20000018        0x0 load address 0x08005e10
 .jcr           0x20000018        0x0 /home/micha/Ac6/SystemWorkbench/plugins/fr.ac6.mcu.externaltools.arm-none.linux64_1.11.0.201610101240/tools/gcc-arm-none-eabi-5_4-2016q2/bin/../lib/gcc/arm-none-eabi/5.4.1/armv7-m/crtbegin.o

.igot.plt       0x20000018        0x0 load address 0x08005e10
 .igot.plt      0x20000018        0x0 /home/micha/Ac6/SystemWorkbench/plugins/fr.ac6.mcu.externaltools.arm-none.linux64_1.11.0.201610101240/tools/gcc-arm-none-eabi-5_4-2016q2/bin/../lib/gcc/arm-none-eabi/5.4.1/armv7-m/crtbegin.o
                0x20000018                . = ALIGN (0x4)

.bss            0x20000018     0x23d8 load address 0x08005e10
                0x20000018                _sbss = .
                0x20000018                __bss_start__ = _sbss
 *(.bss)
 .bss           0x20000018       0x1c /home/micha/Ac6/SystemWorkbench/plugins/fr.ac6.mcu.externaltools.arm-none.linux64_1.11.0.201610101240/tools/gcc-arm-none-eabi-5_4-2016q2/bin/../lib/gcc/arm-none-eabi/5.4.1/armv7-m/crtbegin.o
 .bss           0x20000034        0x4 Drivers/STM32F1xx_HAL_Driver/Src/stm32f1xx_hal.o
 .bss           0x20000038        0x1 Drivers/STM32F1xx_HAL_Driver/Src/stm32f1xx_hal_spi_ex.o
                0x20000038                uCRCErrorWorkaroundCheck
 *fill*         0x20000039        0x3 
 .bss           0x2000003c      0x128 Middlewares/Third_Party/FreeRTOS/Source/tasks.o
                0x2000006c                pxCurrentTCB
 .bss           0x20000164        0x8 Middlewares/Third_Party/FreeRTOS/Source/portable/GCC/ARM_CM3/port.o
 .bss           0x2000016c     0x2018 Middlewares/Third_Party/FreeRTOS/Source/portable/MemMang/heap_4.o
 .bss           0x20002184       0x14 Src/isr_moisture.o
                0x20002184                TIM1Freq
                0x20002188                Capture
                0x2000218c                CaptureNumber
                0x20002190                IC3ReadValue1
                0x20002194                IC3ReadValue2
 .bss           0x20002198        0x8 Src/moistureMeasure.o
                0x20002198                stateRegister
                0x2000219c                activeChannel
 .bss           0x200021a0        0xc Src/motors.o
 .bss           0x200021ac       0x18 Src/spicomm.o
                0x200021bc                recv
                0x200021c0                send
 *(.bss*)
 *(COMMON)
 COMMON         0x200021c4       0x30 Src/adc.o
                0x200021c4                hadc1
 COMMON         0x200021f4       0x40 Src/dht22.o
                0x200021f4                dht
 COMMON         0x20002234       0x18 Src/freertos.o
                0x20002234                defaultTaskHandle
                0x20002238                AliveTickerHandle
                0x2000223c                MotorHandle
                0x20002240                WatchdogHandle
                0x20002244                SpiBrokerHandle
                0x20002248                SensorHandle
 COMMON         0x2000224c        0x1 Src/isr_moisture.o
                0x2000224c                type
 *fill*         0x2000224d        0x3 
 COMMON         0x20002250       0x14 Src/isr_motor.o
                0x20002250                isrState
                0x20002254                newPulseLength
                0x20002258                stepPulseDown
                0x2000225c                maxPulseLength
                0x20002260                stepPulseUp
 COMMON         0x20002264       0x10 Src/iwdg.o
                0x20002264                hiwdg
 COMMON         0x20002274       0x18 Src/moistureMeasure.o
                0x20002274                frequency
                0x20002288                ptrTimer3Ref
 COMMON         0x2000228c        0x8 Src/motors.o
                0x2000228c                motorCtrlQueue
                0x20002290                motorCtrlPool
 COMMON         0x20002294       0x10 Src/sensor.o
                0x20002294                sensorPool
                0x20002298                sensorConfig
                0x200022a0                sensorQueue
 COMMON         0x200022a4       0x58 Src/spi.o
                0x200022a4                hspi1
 COMMON         0x200022fc       0x3c Src/stm32f1xx_hal_timebase_TIM.o
                0x200022fc                htim1
 COMMON         0x20002338       0x78 Src/tim.o
                0x20002338                htim3
                0x20002374                htim2
 COMMON         0x200023b0       0x40 Src/usart.o
                0x200023b0                huart1
                0x200023f0                . = ALIGN (0x4)
                0x200023f0                _ebss = .
                0x200023f0                __bss_end__ = _ebss

._user_heap_stack
                0x200023f0     0x2400 load address 0x08005e10
                0x200023f0                . = ALIGN (0x8)
                [!provide]                PROVIDE (end, .)
                0x200023f0                PROVIDE (_end, .)
                0x200043f0                . = (. + _Min_Heap_Size)
 *fill*         0x200023f0     0x2000 
                0x200047f0                . = (. + _Min_Stack_Size)
 *fill*         0x200043f0      0x400 
                0x200047f0                . = ALIGN (0x8)

/DISCARD/
 libc.a(*)
 libm.a(*)
 libgcc.a(*)

.ARM.attributes
                0x00000000       0x29
 *(.ARM.attributes)
 .ARM.attributes
                0x00000000       0x1d /home/micha/Ac6/SystemWorkbench/plugins/fr.ac6.mcu.externaltools.arm-none.linux64_1.11.0.201610101240/tools/gcc-arm-none-eabi-5_4-2016q2/bin/../lib/gcc/arm-none-eabi/5.4.1/armv7-m/crti.o
 .ARM.attributes
                0x0000001d       0x2d /home/micha/Ac6/SystemWorkbench/plugins/fr.ac6.mcu.externaltools.arm-none.linux64_1.11.0.201610101240/tools/gcc-arm-none-eabi-5_4-2016q2/bin/../lib/gcc/arm-none-eabi/5.4.1/armv7-m/crtbegin.o
 .ARM.attributes
                0x0000004a       0x33 Drivers/STM32F1xx_HAL_Driver/Src/stm32f1xx_hal.o
 .ARM.attributes
                0x0000007d       0x33 Drivers/STM32F1xx_HAL_Driver/Src/stm32f1xx_hal_adc.o
 .ARM.attributes
                0x000000b0       0x33 Drivers/STM32F1xx_HAL_Driver/Src/stm32f1xx_hal_adc_ex.o
 .ARM.attributes
                0x000000e3       0x33 Drivers/STM32F1xx_HAL_Driver/Src/stm32f1xx_hal_cortex.o
 .ARM.attributes
                0x00000116       0x33 Drivers/STM32F1xx_HAL_Driver/Src/stm32f1xx_hal_gpio.o
 .ARM.attributes
                0x00000149       0x33 Drivers/STM32F1xx_HAL_Driver/Src/stm32f1xx_hal_iwdg.o
 .ARM.attributes
                0x0000017c       0x33 Drivers/STM32F1xx_HAL_Driver/Src/stm32f1xx_hal_rcc.o
 .ARM.attributes
                0x000001af       0x33 Drivers/STM32F1xx_HAL_Driver/Src/stm32f1xx_hal_rcc_ex.o
 .ARM.attributes
                0x000001e2       0x33 Drivers/STM32F1xx_HAL_Driver/Src/stm32f1xx_hal_spi.o
 .ARM.attributes
                0x00000215       0x33 Drivers/STM32F1xx_HAL_Driver/Src/stm32f1xx_hal_spi_ex.o
 .ARM.attributes
                0x00000248       0x33 Drivers/STM32F1xx_HAL_Driver/Src/stm32f1xx_hal_tim.o
 .ARM.attributes
                0x0000027b       0x33 Drivers/STM32F1xx_HAL_Driver/Src/stm32f1xx_hal_tim_ex.o
 .ARM.attributes
                0x000002ae       0x33 Drivers/STM32F1xx_HAL_Driver/Src/stm32f1xx_hal_uart.o
 .ARM.attributes
                0x000002e1       0x33 Middlewares/Third_Party/FreeRTOS/Source/CMSIS_RTOS/cmsis_os.o
 .ARM.attributes
                0x00000314       0x33 Middlewares/Third_Party/FreeRTOS/Source/list.o
 .ARM.attributes
                0x00000347       0x33 Middlewares/Third_Party/FreeRTOS/Source/queue.o
 .ARM.attributes
                0x0000037a       0x33 Middlewares/Third_Party/FreeRTOS/Source/tasks.o
 .ARM.attributes
                0x000003ad       0x33 Middlewares/Third_Party/FreeRTOS/Source/portable/GCC/ARM_CM3/port.o
 .ARM.attributes
                0x000003e0       0x33 Middlewares/Third_Party/FreeRTOS/Source/portable/MemMang/heap_4.o
 .ARM.attributes
                0x00000413       0x33 Src/adc.o
 .ARM.attributes
                0x00000446       0x33 Src/dht22.o
 .ARM.attributes
                0x00000479       0x33 Src/freertos.o
 .ARM.attributes
                0x000004ac       0x33 Src/gpio.o
 .ARM.attributes
                0x000004df       0x33 Src/isr_moisture.o
 .ARM.attributes
                0x00000512       0x33 Src/isr_motor.o
 .ARM.attributes
                0x00000545       0x33 Src/iwdg.o
 .ARM.attributes
                0x00000578       0x33 Src/main.o
 .ARM.attributes
                0x000005ab       0x33 Src/moistureMeasure.o
 .ARM.attributes
                0x000005de       0x33 Src/motors.o
 .ARM.attributes
                0x00000611       0x33 Src/printf.o
 .ARM.attributes
                0x00000644       0x33 Src/sensor.o
 .ARM.attributes
                0x00000677       0x33 Src/spi.o
 .ARM.attributes
                0x000006aa       0x33 Src/spicomm.o
 .ARM.attributes
                0x000006dd       0x21 Src/startup_stm32f103xb.o
 .ARM.attributes
                0x000006fe       0x33 Src/stm32f1xx_hal_msp.o
 .ARM.attributes
                0x00000731       0x33 Src/stm32f1xx_hal_timebase_TIM.o
 .ARM.attributes
                0x00000764       0x33 Src/stm32f1xx_it.o
 .ARM.attributes
                0x00000797       0x33 Src/stuff.o
 .ARM.attributes
                0x000007ca       0x33 Src/system_stm32f1xx.o
 .ARM.attributes
                0x000007fd       0x33 Src/tim.o
 .ARM.attributes
                0x00000830       0x33 Src/usart.o
 .ARM.attributes
                0x00000863       0x2d /home/micha/Ac6/SystemWorkbench/plugins/fr.ac6.mcu.externaltools.arm-none.linux64_1.11.0.201610101240/tools/gcc-arm-none-eabi-5_4-2016q2/bin/../lib/gcc/arm-none-eabi/5.4.1/../../../../arm-none-eabi/lib/armv7-m/libc_nano.a(lib_a-memcpy-stub.o)
 .ARM.attributes
                0x00000890       0x1d /home/micha/Ac6/SystemWorkbench/plugins/fr.ac6.mcu.externaltools.arm-none.linux64_1.11.0.201610101240/tools/gcc-arm-none-eabi-5_4-2016q2/bin/../lib/gcc/arm-none-eabi/5.4.1/armv7-m/crtn.o
OUTPUT(WaterCtrl_v1.elf elf32-littlearm)

.debug_info     0x00000000    0x1d633
 .debug_info    0x00000000      0x686 Drivers/STM32F1xx_HAL_Driver/Src/stm32f1xx_hal.o
 .debug_info    0x00000686      0xf9c Drivers/STM32F1xx_HAL_Driver/Src/stm32f1xx_hal_adc.o
 .debug_info    0x00001622      0xc4b Drivers/STM32F1xx_HAL_Driver/Src/stm32f1xx_hal_adc_ex.o
 .debug_info    0x0000226d      0xc2b Drivers/STM32F1xx_HAL_Driver/Src/stm32f1xx_hal_cortex.o
 .debug_info    0x00002e98      0x60f Drivers/STM32F1xx_HAL_Driver/Src/stm32f1xx_hal_gpio.o
 .debug_info    0x000034a7      0x33b Drivers/STM32F1xx_HAL_Driver/Src/stm32f1xx_hal_iwdg.o
 .debug_info    0x000037e2     0x1219 Drivers/STM32F1xx_HAL_Driver/Src/stm32f1xx_hal_rcc.o
 .debug_info    0x000049fb      0x577 Drivers/STM32F1xx_HAL_Driver/Src/stm32f1xx_hal_rcc_ex.o
 .debug_info    0x00004f72     0x1458 Drivers/STM32F1xx_HAL_Driver/Src/stm32f1xx_hal_spi.o
 .debug_info    0x000063ca      0x5a6 Drivers/STM32F1xx_HAL_Driver/Src/stm32f1xx_hal_spi_ex.o
 .debug_info    0x00006970     0x30a9 Drivers/STM32F1xx_HAL_Driver/Src/stm32f1xx_hal_tim.o
 .debug_info    0x00009a19     0x1051 Drivers/STM32F1xx_HAL_Driver/Src/stm32f1xx_hal_tim_ex.o
 .debug_info    0x0000aa6a      0xff9 Drivers/STM32F1xx_HAL_Driver/Src/stm32f1xx_hal_uart.o
 .debug_info    0x0000ba63     0x1bd6 Middlewares/Third_Party/FreeRTOS/Source/CMSIS_RTOS/cmsis_os.o
 .debug_info    0x0000d639      0x2a3 Middlewares/Third_Party/FreeRTOS/Source/list.o
 .debug_info    0x0000d8dc     0x1345 Middlewares/Third_Party/FreeRTOS/Source/queue.o
 .debug_info    0x0000ec21     0x2069 Middlewares/Third_Party/FreeRTOS/Source/tasks.o
 .debug_info    0x00010c8a      0x3e3 Middlewares/Third_Party/FreeRTOS/Source/portable/GCC/ARM_CM3/port.o
 .debug_info    0x0001106d      0x41b Middlewares/Third_Party/FreeRTOS/Source/portable/MemMang/heap_4.o
 .debug_info    0x00011488      0x8e7 Src/adc.o
 .debug_info    0x00011d6f      0xd96 Src/dht22.o
 .debug_info    0x00012b05      0x96a Src/freertos.o
 .debug_info    0x0001346f      0x3da Src/gpio.o
 .debug_info    0x00013849      0x987 Src/isr_moisture.o
 .debug_info    0x000141d0      0x668 Src/isr_motor.o
 .debug_info    0x00014838      0x27b Src/iwdg.o
 .debug_info    0x00014ab3      0xaea Src/main.o
 .debug_info    0x0001559d      0xac3 Src/moistureMeasure.o
 .debug_info    0x00016060      0xfea Src/motors.o
 .debug_info    0x0001704a      0x2ca Src/printf.o
 .debug_info    0x00017314      0x81d Src/sensor.o
 .debug_info    0x00017b31      0x954 Src/spi.o
 .debug_info    0x00018485     0x119d Src/spicomm.o
 .debug_info    0x00019622       0x79 Src/startup_stm32f103xb.o
 .debug_info    0x0001969b      0x436 Src/stm32f1xx_hal_msp.o
 .debug_info    0x00019ad1      0x8c7 Src/stm32f1xx_hal_timebase_TIM.o
 .debug_info    0x0001a398      0xd96 Src/stm32f1xx_it.o
 .debug_info    0x0001b12e      0xa91 Src/stuff.o
 .debug_info    0x0001bbbf      0x3eb Src/system_stm32f1xx.o
 .debug_info    0x0001bfaa      0xd9e Src/tim.o
 .debug_info    0x0001cd48      0x8eb Src/usart.o

.debug_abbrev   0x00000000     0x579b
 .debug_abbrev  0x00000000      0x22f Drivers/STM32F1xx_HAL_Driver/Src/stm32f1xx_hal.o
 .debug_abbrev  0x0000022f      0x2cb Drivers/STM32F1xx_HAL_Driver/Src/stm32f1xx_hal_adc.o
 .debug_abbrev  0x000004fa      0x28f Drivers/STM32F1xx_HAL_Driver/Src/stm32f1xx_hal_adc_ex.o
 .debug_abbrev  0x00000789      0x2e2 Drivers/STM32F1xx_HAL_Driver/Src/stm32f1xx_hal_cortex.o
 .debug_abbrev  0x00000a6b      0x1cb Drivers/STM32F1xx_HAL_Driver/Src/stm32f1xx_hal_gpio.o
 .debug_abbrev  0x00000c36      0x182 Drivers/STM32F1xx_HAL_Driver/Src/stm32f1xx_hal_iwdg.o
 .debug_abbrev  0x00000db8      0x2cd Drivers/STM32F1xx_HAL_Driver/Src/stm32f1xx_hal_rcc.o
 .debug_abbrev  0x00001085      0x23e Drivers/STM32F1xx_HAL_Driver/Src/stm32f1xx_hal_rcc_ex.o
 .debug_abbrev  0x000012c3      0x2e4 Drivers/STM32F1xx_HAL_Driver/Src/stm32f1xx_hal_spi.o
 .debug_abbrev  0x000015a7      0x154 Drivers/STM32F1xx_HAL_Driver/Src/stm32f1xx_hal_spi_ex.o
 .debug_abbrev  0x000016fb      0x345 Drivers/STM32F1xx_HAL_Driver/Src/stm32f1xx_hal_tim.o
 .debug_abbrev  0x00001a40      0x29d Drivers/STM32F1xx_HAL_Driver/Src/stm32f1xx_hal_tim_ex.o
 .debug_abbrev  0x00001cdd      0x2c6 Drivers/STM32F1xx_HAL_Driver/Src/stm32f1xx_hal_uart.o
 .debug_abbrev  0x00001fa3      0x37a Middlewares/Third_Party/FreeRTOS/Source/CMSIS_RTOS/cmsis_os.o
 .debug_abbrev  0x0000231d       0xdf Middlewares/Third_Party/FreeRTOS/Source/list.o
 .debug_abbrev  0x000023fc      0x29d Middlewares/Third_Party/FreeRTOS/Source/queue.o
 .debug_abbrev  0x00002699      0x382 Middlewares/Third_Party/FreeRTOS/Source/tasks.o
 .debug_abbrev  0x00002a1b      0x20e Middlewares/Third_Party/FreeRTOS/Source/portable/GCC/ARM_CM3/port.o
 .debug_abbrev  0x00002c29      0x20e Middlewares/Third_Party/FreeRTOS/Source/portable/MemMang/heap_4.o
 .debug_abbrev  0x00002e37      0x1b6 Src/adc.o
 .debug_abbrev  0x00002fed      0x26b Src/dht22.o
 .debug_abbrev  0x00003258      0x232 Src/freertos.o
 .debug_abbrev  0x0000348a      0x134 Src/gpio.o
 .debug_abbrev  0x000035be      0x1de Src/isr_moisture.o
 .debug_abbrev  0x0000379c      0x180 Src/isr_motor.o
 .debug_abbrev  0x0000391c      0x11b Src/iwdg.o
 .debug_abbrev  0x00003a37      0x234 Src/main.o
 .debug_abbrev  0x00003c6b      0x2ac Src/moistureMeasure.o
 .debug_abbrev  0x00003f17      0x312 Src/motors.o
 .debug_abbrev  0x00004229      0x171 Src/printf.o
 .debug_abbrev  0x0000439a      0x2ab Src/sensor.o
 .debug_abbrev  0x00004645      0x1b9 Src/spi.o
 .debug_abbrev  0x000047fe      0x2f8 Src/spicomm.o
 .debug_abbrev  0x00004af6       0x12 Src/startup_stm32f103xb.o
 .debug_abbrev  0x00004b08      0x124 Src/stm32f1xx_hal_msp.o
 .debug_abbrev  0x00004c2c      0x1d2 Src/stm32f1xx_hal_timebase_TIM.o
 .debug_abbrev  0x00004dfe      0x218 Src/stm32f1xx_it.o
 .debug_abbrev  0x00005016      0x24b Src/stuff.o
 .debug_abbrev  0x00005261      0x125 Src/system_stm32f1xx.o
 .debug_abbrev  0x00005386      0x25c Src/tim.o
 .debug_abbrev  0x000055e2      0x1b9 Src/usart.o

.debug_loc      0x00000000    0x101d2
 .debug_loc     0x00000000       0x81 Drivers/STM32F1xx_HAL_Driver/Src/stm32f1xx_hal.o
 .debug_loc     0x00000081      0xb26 Drivers/STM32F1xx_HAL_Driver/Src/stm32f1xx_hal_adc.o
 .debug_loc     0x00000ba7      0x8bf Drivers/STM32F1xx_HAL_Driver/Src/stm32f1xx_hal_adc_ex.o
 .debug_loc     0x00001466      0x5c9 Drivers/STM32F1xx_HAL_Driver/Src/stm32f1xx_hal_cortex.o
 .debug_loc     0x00001a2f      0x3e1 Drivers/STM32F1xx_HAL_Driver/Src/stm32f1xx_hal_gpio.o
 .debug_loc     0x00001e10      0x106 Drivers/STM32F1xx_HAL_Driver/Src/stm32f1xx_hal_iwdg.o
 .debug_loc     0x00001f16      0x863 Drivers/STM32F1xx_HAL_Driver/Src/stm32f1xx_hal_rcc.o
 .debug_loc     0x00002779      0x393 Drivers/STM32F1xx_HAL_Driver/Src/stm32f1xx_hal_rcc_ex.o
 .debug_loc     0x00002b0c     0x17f2 Drivers/STM32F1xx_HAL_Driver/Src/stm32f1xx_hal_spi.o
 .debug_loc     0x000042fe       0x6e Drivers/STM32F1xx_HAL_Driver/Src/stm32f1xx_hal_spi_ex.o
 .debug_loc     0x0000436c     0x3fa0 Drivers/STM32F1xx_HAL_Driver/Src/stm32f1xx_hal_tim.o
 .debug_loc     0x0000830c      0xd4b Drivers/STM32F1xx_HAL_Driver/Src/stm32f1xx_hal_tim_ex.o
 .debug_loc     0x00009057     0x10b9 Drivers/STM32F1xx_HAL_Driver/Src/stm32f1xx_hal_uart.o
 .debug_loc     0x0000a110     0x1397 Middlewares/Third_Party/FreeRTOS/Source/CMSIS_RTOS/cmsis_os.o
 .debug_loc     0x0000b4a7       0x69 Middlewares/Third_Party/FreeRTOS/Source/list.o
 .debug_loc     0x0000b510     0x1559 Middlewares/Third_Party/FreeRTOS/Source/queue.o
 .debug_loc     0x0000ca69     0x1bd0 Middlewares/Third_Party/FreeRTOS/Source/tasks.o
 .debug_loc     0x0000e639       0x97 Middlewares/Third_Party/FreeRTOS/Source/portable/GCC/ARM_CM3/port.o
 .debug_loc     0x0000e6d0      0x467 Middlewares/Third_Party/FreeRTOS/Source/portable/MemMang/heap_4.o
 .debug_loc     0x0000eb37       0x42 Src/adc.o
 .debug_loc     0x0000eb79      0x462 Src/dht22.o
 .debug_loc     0x0000efdb       0x63 Src/freertos.o
 .debug_loc     0x0000f03e       0x6c Src/isr_moisture.o
 .debug_loc     0x0000f0aa       0x21 Src/isr_motor.o
 .debug_loc     0x0000f0cb       0x3a Src/main.o
 .debug_loc     0x0000f105      0x234 Src/moistureMeasure.o
 .debug_loc     0x0000f339      0x27c Src/motors.o
 .debug_loc     0x0000f5b5      0x598 Src/printf.o
 .debug_loc     0x0000fb4d       0xc7 Src/sensor.o
 .debug_loc     0x0000fc14       0x42 Src/spi.o
 .debug_loc     0x0000fc56      0x234 Src/spicomm.o
 .debug_loc     0x0000fe8a       0x7a Src/stm32f1xx_hal_timebase_TIM.o
 .debug_loc     0x0000ff04       0xf2 Src/stuff.o
 .debug_loc     0x0000fff6       0xcd Src/system_stm32f1xx.o
 .debug_loc     0x000100c3       0xcd Src/tim.o
 .debug_loc     0x00010190       0x42 Src/usart.o

.debug_aranges  0x00000000     0x1350
 .debug_aranges
                0x00000000       0xa8 Drivers/STM32F1xx_HAL_Driver/Src/stm32f1xx_hal.o
 .debug_aranges
                0x000000a8       0xc8 Drivers/STM32F1xx_HAL_Driver/Src/stm32f1xx_hal_adc.o
 .debug_aranges
                0x00000170       0x80 Drivers/STM32F1xx_HAL_Driver/Src/stm32f1xx_hal_adc_ex.o
 .debug_aranges
                0x000001f0       0x90 Drivers/STM32F1xx_HAL_Driver/Src/stm32f1xx_hal_cortex.o
 .debug_aranges
                0x00000280       0x58 Drivers/STM32F1xx_HAL_Driver/Src/stm32f1xx_hal_gpio.o
 .debug_aranges
                0x000002d8       0x40 Drivers/STM32F1xx_HAL_Driver/Src/stm32f1xx_hal_iwdg.o
 .debug_aranges
                0x00000318       0x88 Drivers/STM32F1xx_HAL_Driver/Src/stm32f1xx_hal_rcc.o
 .debug_aranges
                0x000003a0       0x30 Drivers/STM32F1xx_HAL_Driver/Src/stm32f1xx_hal_rcc_ex.o
 .debug_aranges
                0x000003d0      0x110 Drivers/STM32F1xx_HAL_Driver/Src/stm32f1xx_hal_spi.o
 .debug_aranges
                0x000004e0       0x28 Drivers/STM32F1xx_HAL_Driver/Src/stm32f1xx_hal_spi_ex.o
 .debug_aranges
                0x00000508      0x250 Drivers/STM32F1xx_HAL_Driver/Src/stm32f1xx_hal_tim.o
 .debug_aranges
                0x00000758       0xe0 Drivers/STM32F1xx_HAL_Driver/Src/stm32f1xx_hal_tim_ex.o
 .debug_aranges
                0x00000838      0x108 Drivers/STM32F1xx_HAL_Driver/Src/stm32f1xx_hal_uart.o
 .debug_aranges
                0x00000940      0x180 Middlewares/Third_Party/FreeRTOS/Source/CMSIS_RTOS/cmsis_os.o
 .debug_aranges
                0x00000ac0       0x40 Middlewares/Third_Party/FreeRTOS/Source/list.o
 .debug_aranges
                0x00000b00       0xb8 Middlewares/Third_Party/FreeRTOS/Source/queue.o
 .debug_aranges
                0x00000bb8      0x170 Middlewares/Third_Party/FreeRTOS/Source/tasks.o
 .debug_aranges
                0x00000d28       0x90 Middlewares/Third_Party/FreeRTOS/Source/portable/GCC/ARM_CM3/port.o
 .debug_aranges
                0x00000db8       0x48 Middlewares/Third_Party/FreeRTOS/Source/portable/MemMang/heap_4.o
 .debug_aranges
                0x00000e00       0x30 Src/adc.o
 .debug_aranges
                0x00000e30       0x60 Src/dht22.o
 .debug_aranges
                0x00000e90       0x30 Src/freertos.o
 .debug_aranges
                0x00000ec0       0x20 Src/gpio.o
 .debug_aranges
                0x00000ee0       0x40 Src/isr_moisture.o
 .debug_aranges
                0x00000f20       0x50 Src/isr_motor.o
 .debug_aranges
                0x00000f70       0x20 Src/iwdg.o
 .debug_aranges
                0x00000f90       0x38 Src/main.o
 .debug_aranges
                0x00000fc8       0x60 Src/moistureMeasure.o
 .debug_aranges
                0x00001028       0x50 Src/motors.o
 .debug_aranges
                0x00001078       0x40 Src/printf.o
 .debug_aranges
                0x000010b8       0x40 Src/sensor.o
 .debug_aranges
                0x000010f8       0x30 Src/spi.o
 .debug_aranges
                0x00001128       0x50 Src/spicomm.o
 .debug_aranges
                0x00001178       0x28 Src/startup_stm32f103xb.o
 .debug_aranges
                0x000011a0       0x20 Src/stm32f1xx_hal_msp.o
 .debug_aranges
                0x000011c0       0x30 Src/stm32f1xx_hal_timebase_TIM.o
 .debug_aranges
                0x000011f0       0x78 Src/stm32f1xx_it.o
 .debug_aranges
                0x00001268       0x38 Src/stuff.o
 .debug_aranges
                0x000012a0       0x28 Src/system_stm32f1xx.o
 .debug_aranges
                0x000012c8       0x58 Src/tim.o
 .debug_aranges
                0x00001320       0x30 Src/usart.o

.debug_ranges   0x00000000     0x1df0
 .debug_ranges  0x00000000       0xb0 Drivers/STM32F1xx_HAL_Driver/Src/stm32f1xx_hal.o
 .debug_ranges  0x000000b0       0xd0 Drivers/STM32F1xx_HAL_Driver/Src/stm32f1xx_hal_adc.o
 .debug_ranges  0x00000180       0xa0 Drivers/STM32F1xx_HAL_Driver/Src/stm32f1xx_hal_adc_ex.o
 .debug_ranges  0x00000220      0x150 Drivers/STM32F1xx_HAL_Driver/Src/stm32f1xx_hal_cortex.o
 .debug_ranges  0x00000370       0x68 Drivers/STM32F1xx_HAL_Driver/Src/stm32f1xx_hal_gpio.o
 .debug_ranges  0x000003d8       0x30 Drivers/STM32F1xx_HAL_Driver/Src/stm32f1xx_hal_iwdg.o
 .debug_ranges  0x00000408      0x278 Drivers/STM32F1xx_HAL_Driver/Src/stm32f1xx_hal_rcc.o
 .debug_ranges  0x00000680       0x88 Drivers/STM32F1xx_HAL_Driver/Src/stm32f1xx_hal_rcc_ex.o
 .debug_ranges  0x00000708      0x188 Drivers/STM32F1xx_HAL_Driver/Src/stm32f1xx_hal_spi.o
 .debug_ranges  0x00000890       0x18 Drivers/STM32F1xx_HAL_Driver/Src/stm32f1xx_hal_spi_ex.o
 .debug_ranges  0x000008a8      0x4e8 Drivers/STM32F1xx_HAL_Driver/Src/stm32f1xx_hal_tim.o
 .debug_ranges  0x00000d90      0x178 Drivers/STM32F1xx_HAL_Driver/Src/stm32f1xx_hal_tim_ex.o
 .debug_ranges  0x00000f08      0x150 Drivers/STM32F1xx_HAL_Driver/Src/stm32f1xx_hal_uart.o
 .debug_ranges  0x00001058      0x220 Middlewares/Third_Party/FreeRTOS/Source/CMSIS_RTOS/cmsis_os.o
 .debug_ranges  0x00001278       0x30 Middlewares/Third_Party/FreeRTOS/Source/list.o
 .debug_ranges  0x000012a8       0xf0 Middlewares/Third_Party/FreeRTOS/Source/queue.o
 .debug_ranges  0x00001398      0x2f0 Middlewares/Third_Party/FreeRTOS/Source/tasks.o
 .debug_ranges  0x00001688       0xb8 Middlewares/Third_Party/FreeRTOS/Source/portable/GCC/ARM_CM3/port.o
 .debug_ranges  0x00001740       0x38 Middlewares/Third_Party/FreeRTOS/Source/portable/MemMang/heap_4.o
 .debug_ranges  0x00001778       0x48 Src/adc.o
 .debug_ranges  0x000017c0       0xa0 Src/dht22.o
 .debug_ranges  0x00001860       0x20 Src/freertos.o
 .debug_ranges  0x00001880       0x98 Src/gpio.o
 .debug_ranges  0x00001918       0x30 Src/isr_moisture.o
 .debug_ranges  0x00001948       0x40 Src/isr_motor.o
 .debug_ranges  0x00001988       0x10 Src/iwdg.o
 .debug_ranges  0x00001998       0x28 Src/main.o
 .debug_ranges  0x000019c0       0x50 Src/moistureMeasure.o
 .debug_ranges  0x00001a10       0x58 Src/motors.o
 .debug_ranges  0x00001a68       0x30 Src/printf.o
 .debug_ranges  0x00001a98       0x78 Src/sensor.o
 .debug_ranges  0x00001b10       0x50 Src/spi.o
 .debug_ranges  0x00001b60       0x40 Src/spicomm.o
 .debug_ranges  0x00001ba0       0x20 Src/startup_stm32f103xb.o
 .debug_ranges  0x00001bc0       0x38 Src/stm32f1xx_hal_msp.o
 .debug_ranges  0x00001bf8       0x48 Src/stm32f1xx_hal_timebase_TIM.o
 .debug_ranges  0x00001c40       0x68 Src/stm32f1xx_it.o
 .debug_ranges  0x00001ca8       0x28 Src/stuff.o
 .debug_ranges  0x00001cd0       0x18 Src/system_stm32f1xx.o
 .debug_ranges  0x00001ce8       0xc0 Src/tim.o
 .debug_ranges  0x00001da8       0x48 Src/usart.o

.debug_macro    0x00000000    0x20092
 .debug_macro   0x00000000      0x320 Drivers/STM32F1xx_HAL_Driver/Src/stm32f1xx_hal.o
 .debug_macro   0x00000320      0x880 Drivers/STM32F1xx_HAL_Driver/Src/stm32f1xx_hal.o
 .debug_macro   0x00000ba0      0x190 Drivers/STM32F1xx_HAL_Driver/Src/stm32f1xx_hal.o
 .debug_macro   0x00000d30      0x173 Drivers/STM32F1xx_HAL_Driver/Src/stm32f1xx_hal.o
 .debug_macro   0x00000ea3       0x2e Drivers/STM32F1xx_HAL_Driver/Src/stm32f1xx_hal.o
 .debug_macro   0x00000ed1       0x22 Drivers/STM32F1xx_HAL_Driver/Src/stm32f1xx_hal.o
 .debug_macro   0x00000ef3       0x22 Drivers/STM32F1xx_HAL_Driver/Src/stm32f1xx_hal.o
 .debug_macro   0x00000f15       0x87 Drivers/STM32F1xx_HAL_Driver/Src/stm32f1xx_hal.o
 .debug_macro   0x00000f9c       0x44 Drivers/STM32F1xx_HAL_Driver/Src/stm32f1xx_hal.o
 .debug_macro   0x00000fe0       0xfd Drivers/STM32F1xx_HAL_Driver/Src/stm32f1xx_hal.o
 .debug_macro   0x000010dd       0x5e Drivers/STM32F1xx_HAL_Driver/Src/stm32f1xx_hal.o
 .debug_macro   0x0000113b      0x1df Drivers/STM32F1xx_HAL_Driver/Src/stm32f1xx_hal.o
 .debug_macro   0x0000131a       0x34 Drivers/STM32F1xx_HAL_Driver/Src/stm32f1xx_hal.o
 .debug_macro   0x0000134e       0x34 Drivers/STM32F1xx_HAL_Driver/Src/stm32f1xx_hal.o
 .debug_macro   0x00001382      0xb8e Drivers/STM32F1xx_HAL_Driver/Src/stm32f1xx_hal.o
 .debug_macro   0x00001f10     0xf2f7 Drivers/STM32F1xx_HAL_Driver/Src/stm32f1xx_hal.o
 .debug_macro   0x00011207       0x43 Drivers/STM32F1xx_HAL_Driver/Src/stm32f1xx_hal.o
 .debug_macro   0x0001124a     0x3383 Drivers/STM32F1xx_HAL_Driver/Src/stm32f1xx_hal.o
 .debug_macro   0x000145cd       0x52 Drivers/STM32F1xx_HAL_Driver/Src/stm32f1xx_hal.o
 .debug_macro   0x0001461f       0x35 Drivers/STM32F1xx_HAL_Driver/Src/stm32f1xx_hal.o
 .debug_macro   0x00014654       0x9c Drivers/STM32F1xx_HAL_Driver/Src/stm32f1xx_hal.o
 .debug_macro   0x000146f0       0x16 Drivers/STM32F1xx_HAL_Driver/Src/stm32f1xx_hal.o
 .debug_macro   0x00014706       0x97 Drivers/STM32F1xx_HAL_Driver/Src/stm32f1xx_hal.o
 .debug_macro   0x0001479d      0x30d Drivers/STM32F1xx_HAL_Driver/Src/stm32f1xx_hal.o
 .debug_macro   0x00014aaa       0xfd Drivers/STM32F1xx_HAL_Driver/Src/stm32f1xx_hal.o
 .debug_macro   0x00014ba7       0x10 Drivers/STM32F1xx_HAL_Driver/Src/stm32f1xx_hal.o
 .debug_macro   0x00014bb7       0x52 Drivers/STM32F1xx_HAL_Driver/Src/stm32f1xx_hal.o
 .debug_macro   0x00014c09       0x1f Drivers/STM32F1xx_HAL_Driver/Src/stm32f1xx_hal.o
 .debug_macro   0x00014c28       0x43 Drivers/STM32F1xx_HAL_Driver/Src/stm32f1xx_hal.o
 .debug_macro   0x00014c6b       0x20 Drivers/STM32F1xx_HAL_Driver/Src/stm32f1xx_hal.o
 .debug_macro   0x00014c8b      0x187 Drivers/STM32F1xx_HAL_Driver/Src/stm32f1xx_hal.o
 .debug_macro   0x00014e12       0x10 Drivers/STM32F1xx_HAL_Driver/Src/stm32f1xx_hal.o
 .debug_macro   0x00014e22       0x1c Drivers/STM32F1xx_HAL_Driver/Src/stm32f1xx_hal.o
 .debug_macro   0x00014e3e       0x52 Drivers/STM32F1xx_HAL_Driver/Src/stm32f1xx_hal.o
 .debug_macro   0x00014e90       0x40 Drivers/STM32F1xx_HAL_Driver/Src/stm32f1xx_hal.o
 .debug_macro   0x00014ed0       0x10 Drivers/STM32F1xx_HAL_Driver/Src/stm32f1xx_hal.o
 .debug_macro   0x00014ee0       0x40 Drivers/STM32F1xx_HAL_Driver/Src/stm32f1xx_hal.o
 .debug_macro   0x00014f20       0xd7 Drivers/STM32F1xx_HAL_Driver/Src/stm32f1xx_hal.o
 .debug_macro   0x00014ff7       0x16 Drivers/STM32F1xx_HAL_Driver/Src/stm32f1xx_hal.o
 .debug_macro   0x0001500d      0x189 Drivers/STM32F1xx_HAL_Driver/Src/stm32f1xx_hal.o
 .debug_macro   0x00015196       0x50 Drivers/STM32F1xx_HAL_Driver/Src/stm32f1xx_hal.o
 .debug_macro   0x000151e6      0x778 Drivers/STM32F1xx_HAL_Driver/Src/stm32f1xx_hal.o
 .debug_macro   0x0001595e      0x28b Drivers/STM32F1xx_HAL_Driver/Src/stm32f1xx_hal.o
 .debug_macro   0x00015be9      0x141 Drivers/STM32F1xx_HAL_Driver/Src/stm32f1xx_hal.o
 .debug_macro   0x00015d2a      0x197 Drivers/STM32F1xx_HAL_Driver/Src/stm32f1xx_hal.o
 .debug_macro   0x00015ec1      0x1ae Drivers/STM32F1xx_HAL_Driver/Src/stm32f1xx_hal.o
 .debug_macro   0x0001606f       0x2d Drivers/STM32F1xx_HAL_Driver/Src/stm32f1xx_hal.o
 .debug_macro   0x0001609c       0x3c Drivers/STM32F1xx_HAL_Driver/Src/stm32f1xx_hal.o
 .debug_macro   0x000160d8       0x57 Drivers/STM32F1xx_HAL_Driver/Src/stm32f1xx_hal.o
 .debug_macro   0x0001612f      0x46a Drivers/STM32F1xx_HAL_Driver/Src/stm32f1xx_hal.o
 .debug_macro   0x00016599      0x1b5 Drivers/STM32F1xx_HAL_Driver/Src/stm32f1xx_hal.o
 .debug_macro   0x0001674e       0x8c Drivers/STM32F1xx_HAL_Driver/Src/stm32f1xx_hal.o
 .debug_macro   0x000167da      0x242 Drivers/STM32F1xx_HAL_Driver/Src/stm32f1xx_hal.o
 .debug_macro   0x00016a1c       0x99 Drivers/STM32F1xx_HAL_Driver/Src/stm32f1xx_hal.o
 .debug_macro   0x00016ab5      0x143 Drivers/STM32F1xx_HAL_Driver/Src/stm32f1xx_hal.o
 .debug_macro   0x00016bf8      0x1f4 Drivers/STM32F1xx_HAL_Driver/Src/stm32f1xx_hal.o
 .debug_macro   0x00016dec      0x83e Drivers/STM32F1xx_HAL_Driver/Src/stm32f1xx_hal.o
 .debug_macro   0x0001762a       0x11 Drivers/STM32F1xx_HAL_Driver/Src/stm32f1xx_hal.o
 .debug_macro   0x0001763b      0x256 Drivers/STM32F1xx_HAL_Driver/Src/stm32f1xx_hal.o
 .debug_macro   0x00017891       0x7c Drivers/STM32F1xx_HAL_Driver/Src/stm32f1xx_hal.o
 .debug_macro   0x0001790d      0x319 Drivers/STM32F1xx_HAL_Driver/Src/stm32f1xx_hal_adc.o
 .debug_macro   0x00017c26      0x30e Drivers/STM32F1xx_HAL_Driver/Src/stm32f1xx_hal_adc_ex.o
 .debug_macro   0x00017f34      0x2fc Drivers/STM32F1xx_HAL_Driver/Src/stm32f1xx_hal_cortex.o
 .debug_macro   0x00018230      0x36c Drivers/STM32F1xx_HAL_Driver/Src/stm32f1xx_hal_gpio.o
 .debug_macro   0x0001859c      0x302 Drivers/STM32F1xx_HAL_Driver/Src/stm32f1xx_hal_iwdg.o
 .debug_macro   0x0001889e      0x320 Drivers/STM32F1xx_HAL_Driver/Src/stm32f1xx_hal_rcc.o
 .debug_macro   0x00018bbe      0x2fc Drivers/STM32F1xx_HAL_Driver/Src/stm32f1xx_hal_rcc_ex.o
 .debug_macro   0x00018eba      0x304 Drivers/STM32F1xx_HAL_Driver/Src/stm32f1xx_hal_spi.o
 .debug_macro   0x000191be      0x2fc Drivers/STM32F1xx_HAL_Driver/Src/stm32f1xx_hal_spi_ex.o
 .debug_macro   0x000194ba      0x2fd Drivers/STM32F1xx_HAL_Driver/Src/stm32f1xx_hal_tim.o
 .debug_macro   0x000197b7      0x2fc Drivers/STM32F1xx_HAL_Driver/Src/stm32f1xx_hal_tim_ex.o
 .debug_macro   0x00019ab3      0x2fd Drivers/STM32F1xx_HAL_Driver/Src/stm32f1xx_hal_uart.o
 .debug_macro   0x00019db0      0x1ea Middlewares/Third_Party/FreeRTOS/Source/CMSIS_RTOS/cmsis_os.o
 .debug_macro   0x00019f9a       0x4c Middlewares/Third_Party/FreeRTOS/Source/CMSIS_RTOS/cmsis_os.o
 .debug_macro   0x00019fe6       0x8d Middlewares/Third_Party/FreeRTOS/Source/CMSIS_RTOS/cmsis_os.o
 .debug_macro   0x0001a073      0x174 Middlewares/Third_Party/FreeRTOS/Source/CMSIS_RTOS/cmsis_os.o
 .debug_macro   0x0001a1e7       0x4a Middlewares/Third_Party/FreeRTOS/Source/CMSIS_RTOS/cmsis_os.o
 .debug_macro   0x0001a231       0x10 Middlewares/Third_Party/FreeRTOS/Source/CMSIS_RTOS/cmsis_os.o
 .debug_macro   0x0001a241       0x35 Middlewares/Third_Party/FreeRTOS/Source/CMSIS_RTOS/cmsis_os.o
 .debug_macro   0x0001a276       0x16 Middlewares/Third_Party/FreeRTOS/Source/CMSIS_RTOS/cmsis_os.o
 .debug_macro   0x0001a28c       0x26 Middlewares/Third_Party/FreeRTOS/Source/CMSIS_RTOS/cmsis_os.o
 .debug_macro   0x0001a2b2       0xcc Middlewares/Third_Party/FreeRTOS/Source/CMSIS_RTOS/cmsis_os.o
 .debug_macro   0x0001a37e      0x15d Middlewares/Third_Party/FreeRTOS/Source/CMSIS_RTOS/cmsis_os.o
 .debug_macro   0x0001a4db       0xd9 Middlewares/Third_Party/FreeRTOS/Source/CMSIS_RTOS/cmsis_os.o
 .debug_macro   0x0001a5b4       0x10 Middlewares/Third_Party/FreeRTOS/Source/CMSIS_RTOS/cmsis_os.o
 .debug_macro   0x0001a5c4       0x1f Middlewares/Third_Party/FreeRTOS/Source/CMSIS_RTOS/cmsis_os.o
 .debug_macro   0x0001a5e3      0x3ed Middlewares/Third_Party/FreeRTOS/Source/CMSIS_RTOS/cmsis_os.o
 .debug_macro   0x0001a9d0       0xc0 Middlewares/Third_Party/FreeRTOS/Source/CMSIS_RTOS/cmsis_os.o
 .debug_macro   0x0001aa90       0x9a Middlewares/Third_Party/FreeRTOS/Source/CMSIS_RTOS/cmsis_os.o
 .debug_macro   0x0001ab2a       0x91 Middlewares/Third_Party/FreeRTOS/Source/CMSIS_RTOS/cmsis_os.o
 .debug_macro   0x0001abbb       0xb0 Middlewares/Third_Party/FreeRTOS/Source/CMSIS_RTOS/cmsis_os.o
 .debug_macro   0x0001ac6b       0x7f Middlewares/Third_Party/FreeRTOS/Source/CMSIS_RTOS/cmsis_os.o
 .debug_macro   0x0001acea       0x19 Middlewares/Third_Party/FreeRTOS/Source/CMSIS_RTOS/cmsis_os.o
 .debug_macro   0x0001ad03       0xcf Middlewares/Third_Party/FreeRTOS/Source/CMSIS_RTOS/cmsis_os.o
 .debug_macro   0x0001add2      0x18b Middlewares/Third_Party/FreeRTOS/Source/list.o
 .debug_macro   0x0001af5d      0x1fd Middlewares/Third_Party/FreeRTOS/Source/queue.o
 .debug_macro   0x0001b15a       0x16 Middlewares/Third_Party/FreeRTOS/Source/queue.o
 .debug_macro   0x0001b170      0x239 Middlewares/Third_Party/FreeRTOS/Source/tasks.o
 .debug_macro   0x0001b3a9       0x10 Middlewares/Third_Party/FreeRTOS/Source/tasks.o
 .debug_macro   0x0001b3b9      0x17e Middlewares/Third_Party/FreeRTOS/Source/portable/GCC/ARM_CM3/port.o
 .debug_macro   0x0001b537      0x1b2 Middlewares/Third_Party/FreeRTOS/Source/portable/MemMang/heap_4.o
 .debug_macro   0x0001b6e9      0x310 Src/adc.o
 .debug_macro   0x0001b9f9      0x3e0 Src/dht22.o
 .debug_macro   0x0001bdd9       0x3a Src/dht22.o
 .debug_macro   0x0001be13      0x43b Src/freertos.o
 .debug_macro   0x0001c24e       0x3a Src/freertos.o
 .debug_macro   0x0001c288      0x306 Src/gpio.o
 .debug_macro   0x0001c58e      0x322 Src/isr_moisture.o
 .debug_macro   0x0001c8b0      0x3cc Src/isr_motor.o
 .debug_macro   0x0001cc7c       0xd2 Src/isr_motor.o
 .debug_macro   0x0001cd4e      0x306 Src/iwdg.o
 .debug_macro   0x0001d054      0x478 Src/main.o
 .debug_macro   0x0001d4cc       0x4c Src/main.o
 .debug_macro   0x0001d518      0x43a Src/moistureMeasure.o
 .debug_macro   0x0001d952      0x419 Src/motors.o
 .debug_macro   0x0001dd6b       0x1a Src/printf.o
 .debug_macro   0x0001dd85       0x58 Src/printf.o
 .debug_macro   0x0001dddd      0x43b Src/sensor.o
 .debug_macro   0x0001e218      0x310 Src/spi.o
 .debug_macro   0x0001e528      0x478 Src/spicomm.o
 .debug_macro   0x0001e9a0      0x2fc Src/stm32f1xx_hal_msp.o
 .debug_macro   0x0001ec9c      0x2fc Src/stm32f1xx_hal_timebase_TIM.o
 .debug_macro   0x0001ef98      0x3fa Src/stm32f1xx_it.o
 .debug_macro   0x0001f392      0x3de Src/stuff.o
 .debug_macro   0x0001f770      0x302 Src/system_stm32f1xx.o
 .debug_macro   0x0001fa72      0x310 Src/tim.o
 .debug_macro   0x0001fd82      0x310 Src/usart.o

.debug_line     0x00000000    0x1b7d0
 .debug_line    0x00000000      0x9c0 Drivers/STM32F1xx_HAL_Driver/Src/stm32f1xx_hal.o
 .debug_line    0x000009c0      0xf14 Drivers/STM32F1xx_HAL_Driver/Src/stm32f1xx_hal_adc.o
 .debug_line    0x000018d4      0xd7a Drivers/STM32F1xx_HAL_Driver/Src/stm32f1xx_hal_adc_ex.o
 .debug_line    0x0000264e      0xa52 Drivers/STM32F1xx_HAL_Driver/Src/stm32f1xx_hal_cortex.o
 .debug_line    0x000030a0      0xa99 Drivers/STM32F1xx_HAL_Driver/Src/stm32f1xx_hal_gpio.o
 .debug_line    0x00003b39      0x956 Drivers/STM32F1xx_HAL_Driver/Src/stm32f1xx_hal_iwdg.o
 .debug_line    0x0000448f      0xea9 Drivers/STM32F1xx_HAL_Driver/Src/stm32f1xx_hal_rcc.o
 .debug_line    0x00005338      0x9c6 Drivers/STM32F1xx_HAL_Driver/Src/stm32f1xx_hal_rcc_ex.o
 .debug_line    0x00005cfe     0x1376 Drivers/STM32F1xx_HAL_Driver/Src/stm32f1xx_hal_spi.o
 .debug_line    0x00007074      0x8b6 Drivers/STM32F1xx_HAL_Driver/Src/stm32f1xx_hal_spi_ex.o
 .debug_line    0x0000792a     0x1b27 Drivers/STM32F1xx_HAL_Driver/Src/stm32f1xx_hal_tim.o
 .debug_line    0x00009451      0xdee Drivers/STM32F1xx_HAL_Driver/Src/stm32f1xx_hal_tim_ex.o
 .debug_line    0x0000a23f     0x1171 Drivers/STM32F1xx_HAL_Driver/Src/stm32f1xx_hal_uart.o
 .debug_line    0x0000b3b0      0xc43 Middlewares/Third_Party/FreeRTOS/Source/CMSIS_RTOS/cmsis_os.o
 .debug_line    0x0000bff3      0x622 Middlewares/Third_Party/FreeRTOS/Source/list.o
 .debug_line    0x0000c615      0xa5d Middlewares/Third_Party/FreeRTOS/Source/queue.o
 .debug_line    0x0000d072      0xeea Middlewares/Third_Party/FreeRTOS/Source/tasks.o
 .debug_line    0x0000df5c      0x6a4 Middlewares/Third_Party/FreeRTOS/Source/portable/GCC/ARM_CM3/port.o
 .debug_line    0x0000e600      0x6d2 Middlewares/Third_Party/FreeRTOS/Source/portable/MemMang/heap_4.o
 .debug_line    0x0000ecd2      0x8b5 Src/adc.o
 .debug_line    0x0000f587      0xb88 Src/dht22.o
 .debug_line    0x0001010f      0xb29 Src/freertos.o
 .debug_line    0x00010c38      0x892 Src/gpio.o
 .debug_line    0x000114ca      0x8cd Src/isr_moisture.o
 .debug_line    0x00011d97      0xacc Src/isr_motor.o
 .debug_line    0x00012863      0x84f Src/iwdg.o
 .debug_line    0x000130b2      0xb66 Src/main.o
 .debug_line    0x00013c18      0xb83 Src/moistureMeasure.o
 .debug_line    0x0001479b      0xb9f Src/motors.o
 .debug_line    0x0001533a      0x219 Src/printf.o
 .debug_line    0x00015553      0xb79 Src/sensor.o
 .debug_line    0x000160cc      0x8c5 Src/spi.o
 .debug_line    0x00016991      0xbc0 Src/spicomm.o
 .debug_line    0x00017551       0x78 Src/startup_stm32f103xb.o
 .debug_line    0x000175c9      0x85b Src/stm32f1xx_hal_msp.o
 .debug_line    0x00017e24      0x8a2 Src/stm32f1xx_hal_timebase_TIM.o
 .debug_line    0x000186c6      0xb4c Src/stm32f1xx_it.o
 .debug_line    0x00019212      0xada Src/stuff.o
 .debug_line    0x00019cec      0x899 Src/system_stm32f1xx.o
 .debug_line    0x0001a585      0x98f Src/tim.o
 .debug_line    0x0001af14      0x8bc Src/usart.o

.debug_str      0x00000000    0x9d286
 .debug_str     0x00000000    0x90d29 Drivers/STM32F1xx_HAL_Driver/Src/stm32f1xx_hal.o
                              0x911cb (size before relaxing)
 .debug_str     0x00090d29      0x623 Drivers/STM32F1xx_HAL_Driver/Src/stm32f1xx_hal_adc.o
                              0x911f0 (size before relaxing)
 .debug_str     0x0009134c      0x2f0 Drivers/STM32F1xx_HAL_Driver/Src/stm32f1xx_hal_adc_ex.o
                              0x91203 (size before relaxing)
 .debug_str     0x0009163c      0x2bc Drivers/STM32F1xx_HAL_Driver/Src/stm32f1xx_hal_cortex.o
                              0x911d5 (size before relaxing)
 .debug_str     0x000918f8      0x459 Drivers/STM32F1xx_HAL_Driver/Src/stm32f1xx_hal_gpio.o
                              0x90fba (size before relaxing)
 .debug_str     0x00091d51      0x16c Drivers/STM32F1xx_HAL_Driver/Src/stm32f1xx_hal_iwdg.o
                              0x90cb4 (size before relaxing)
 .debug_str     0x00091ebd      0x3d2 Drivers/STM32F1xx_HAL_Driver/Src/stm32f1xx_hal_rcc.o
                              0x91025 (size before relaxing)
 .debug_str     0x0009228f      0x110 Drivers/STM32F1xx_HAL_Driver/Src/stm32f1xx_hal_rcc_ex.o
                              0x90cf8 (size before relaxing)
 .debug_str     0x0009239f      0x487 Drivers/STM32F1xx_HAL_Driver/Src/stm32f1xx_hal_spi.o
                              0x911d7 (size before relaxing)
 .debug_str     0x00092826       0x64 Drivers/STM32F1xx_HAL_Driver/Src/stm32f1xx_hal_spi_ex.o
                              0x90f18 (size before relaxing)
 .debug_str     0x0009288a      0xbf6 Drivers/STM32F1xx_HAL_Driver/Src/stm32f1xx_hal_tim.o
                              0x919b3 (size before relaxing)
 .debug_str     0x00093480      0x3fd Drivers/STM32F1xx_HAL_Driver/Src/stm32f1xx_hal_tim_ex.o
                              0x913e4 (size before relaxing)
 .debug_str     0x0009387d      0x43a Drivers/STM32F1xx_HAL_Driver/Src/stm32f1xx_hal_uart.o
                              0x9121c (size before relaxing)
 .debug_str     0x00093cb7     0x60b7 Middlewares/Third_Party/FreeRTOS/Source/CMSIS_RTOS/cmsis_os.o
                               0xc6d0 (size before relaxing)
 .debug_str     0x00099d6e      0x22a Middlewares/Third_Party/FreeRTOS/Source/list.o
                               0x94d8 (size before relaxing)
 .debug_str     0x00099f98      0x6bb Middlewares/Third_Party/FreeRTOS/Source/queue.o
                               0xae24 (size before relaxing)
 .debug_str     0x0009a653      0xe0a Middlewares/Third_Party/FreeRTOS/Source/tasks.o
                               0xb5d8 (size before relaxing)
 .debug_str     0x0009b45d      0x63d Middlewares/Third_Party/FreeRTOS/Source/portable/GCC/ARM_CM3/port.o
                               0x7b0b (size before relaxing)
 .debug_str     0x0009ba9a      0x243 Middlewares/Third_Party/FreeRTOS/Source/portable/MemMang/heap_4.o
                               0x9dc2 (size before relaxing)
 .debug_str     0x0009bcdd       0x7d Src/adc.o
                              0x9120a (size before relaxing)
 .debug_str     0x0009bd5a      0x3c8 Src/dht22.o
                              0x96c31 (size before relaxing)
 .debug_str     0x0009c122      0x321 Src/freertos.o
                              0x96951 (size before relaxing)
 .debug_str     0x0009c443       0x1b Src/gpio.o
                              0x90bac (size before relaxing)
 .debug_str     0x0009c45e       0xff Src/isr_moisture.o
                              0x91416 (size before relaxing)
 .debug_str     0x0009c55d      0x17b Src/isr_motor.o
                              0x9677e (size before relaxing)
 .debug_str     0x0009c6d8       0x25 Src/iwdg.o
                              0x90c2b (size before relaxing)
 .debug_str     0x0009c6fd      0x213 Src/main.o
                              0x96eb2 (size before relaxing)
 .debug_str     0x0009c910      0x19a Src/moistureMeasure.o
                              0x96a03 (size before relaxing)
 .debug_str     0x0009caaa      0x1a4 Src/motors.o
                              0x96cbe (size before relaxing)
 .debug_str     0x0009cc4e      0x148 Src/printf.o
                               0x26af (size before relaxing)
 .debug_str     0x0009cd96       0xbe Src/sensor.o
                              0x967d9 (size before relaxing)
 .debug_str     0x0009ce54       0x2f Src/spi.o
                              0x912ae (size before relaxing)
 .debug_str     0x0009ce83      0x11f Src/spicomm.o
                              0x96d13 (size before relaxing)
 .debug_str     0x0009cfa2       0x27 Src/stm32f1xx_hal_msp.o
                              0x90e4b (size before relaxing)
 .debug_str     0x0009cfc9       0x61 Src/stm32f1xx_hal_timebase_TIM.o
                              0x91300 (size before relaxing)
 .debug_str     0x0009d02a       0xda Src/stm32f1xx_it.o
                              0x96b45 (size before relaxing)
 .debug_str     0x0009d104       0x3e Src/stuff.o
                              0x96753 (size before relaxing)
 .debug_str     0x0009d142       0x61 Src/system_stm32f1xx.o
                              0x90beb (size before relaxing)
 .debug_str     0x0009d1a3       0xa5 Src/tim.o
                              0x914e0 (size before relaxing)
 .debug_str     0x0009d248       0x3e Src/usart.o
                              0x91288 (size before relaxing)

.comment        0x00000000       0x6e
 .comment       0x00000000       0x6e Drivers/STM32F1xx_HAL_Driver/Src/stm32f1xx_hal.o
                                 0x6f (size before relaxing)
 .comment       0x0000006e       0x6f Drivers/STM32F1xx_HAL_Driver/Src/stm32f1xx_hal_adc.o