Archive member included to satisfy reference by file (symbol)

/home/micha/Ac6/SystemWorkbench/plugins/fr.ac6.mcu.externaltools.arm-none.linux64_1.11.0.201610101240/tools/gcc-arm-none-eabi-5_4-2016q2/bin/../lib/gcc/arm-none-eabi/5.4.1/../../../../arm-none-eabi/lib/armv7-m/libc_nano.a(lib_a-exit.o)
                              /home/micha/Ac6/SystemWorkbench/plugins/fr.ac6.mcu.externaltools.arm-none.linux64_1.11.0.201610101240/tools/gcc-arm-none-eabi-5_4-2016q2/bin/../lib/gcc/arm-none-eabi/5.4.1/../../../../arm-none-eabi/lib/armv7-m/crt0.o (exit)
/home/micha/Ac6/SystemWorkbench/plugins/fr.ac6.mcu.externaltools.arm-none.linux64_1.11.0.201610101240/tools/gcc-arm-none-eabi-5_4-2016q2/bin/../lib/gcc/arm-none-eabi/5.4.1/../../../../arm-none-eabi/lib/armv7-m/libc_nano.a(lib_a-impure.o)
                              /home/micha/Ac6/SystemWorkbench/plugins/fr.ac6.mcu.externaltools.arm-none.linux64_1.11.0.201610101240/tools/gcc-arm-none-eabi-5_4-2016q2/bin/../lib/gcc/arm-none-eabi/5.4.1/../../../../arm-none-eabi/lib/armv7-m/libc_nano.a(lib_a-exit.o) (_global_impure_ptr)
/home/micha/Ac6/SystemWorkbench/plugins/fr.ac6.mcu.externaltools.arm-none.linux64_1.11.0.201610101240/tools/gcc-arm-none-eabi-5_4-2016q2/bin/../lib/gcc/arm-none-eabi/5.4.1/../../../../arm-none-eabi/lib/armv7-m/libc_nano.a(lib_a-init.o)
                              /home/micha/Ac6/SystemWorkbench/plugins/fr.ac6.mcu.externaltools.arm-none.linux64_1.11.0.201610101240/tools/gcc-arm-none-eabi-5_4-2016q2/bin/../lib/gcc/arm-none-eabi/5.4.1/../../../../arm-none-eabi/lib/armv7-m/crt0.o (__libc_init_array)
/home/micha/Ac6/SystemWorkbench/plugins/fr.ac6.mcu.externaltools.arm-none.linux64_1.11.0.201610101240/tools/gcc-arm-none-eabi-5_4-2016q2/bin/../lib/gcc/arm-none-eabi/5.4.1/../../../../arm-none-eabi/lib/armv7-m/libc_nano.a(lib_a-memcpy-stub.o)
                              Middlewares/Third_Party/FreeRTOS/Source/queue.o (memcpy)
/home/micha/Ac6/SystemWorkbench/plugins/fr.ac6.mcu.externaltools.arm-none.linux64_1.11.0.201610101240/tools/gcc-arm-none-eabi-5_4-2016q2/bin/../lib/gcc/arm-none-eabi/5.4.1/../../../../arm-none-eabi/lib/armv7-m/libc_nano.a(lib_a-memset.o)
                              /home/micha/Ac6/SystemWorkbench/plugins/fr.ac6.mcu.externaltools.arm-none.linux64_1.11.0.201610101240/tools/gcc-arm-none-eabi-5_4-2016q2/bin/../lib/gcc/arm-none-eabi/5.4.1/../../../../arm-none-eabi/lib/armv7-m/crt0.o (memset)
/home/micha/Ac6/SystemWorkbench/plugins/fr.ac6.mcu.externaltools.arm-none.linux64_1.11.0.201610101240/tools/gcc-arm-none-eabi-5_4-2016q2/bin/../lib/gcc/arm-none-eabi/5.4.1/../../../../arm-none-eabi/lib/armv7-m/libnosys.a(_exit.o)
                              /home/micha/Ac6/SystemWorkbench/plugins/fr.ac6.mcu.externaltools.arm-none.linux64_1.11.0.201610101240/tools/gcc-arm-none-eabi-5_4-2016q2/bin/../lib/gcc/arm-none-eabi/5.4.1/../../../../arm-none-eabi/lib/armv7-m/libc_nano.a(lib_a-exit.o) (_exit)

Allocating common symbols
Common symbol       size              file

sensorPool          0x4               Src/sensor.o
defaultTaskHandle   0x4               Src/freertos.o
registrationCounter
                    0x1               Src/broker.o
isrState            0x1               Src/isr_motor.o
frequency           0x14              Src/moistureMeasure.o
newPulseLength      0x4               Src/isr_motor.o
ptrTimer3Ref        0x4               Src/moistureMeasure.o
AliveTickerHandle   0x4               Src/freertos.o
hiwdg               0x10              Src/iwdg.o
xQueueRegistry      0x40              Middlewares/Third_Party/FreeRTOS/Source/queue.o
pFlash              0x20              Drivers/STM32F1xx_HAL_Driver/Src/stm32f1xx_hal_flash.o
htim3               0x3c              Src/tim.o
hadc1               0x30              Src/adc.o
listIds             0x10              Src/broker.o
motorCtrlQueue      0x4               Src/motors.o
stepPulseDown       0x4               Src/isr_motor.o
huart1              0x40              Src/usart.o
maxPulseLength      0x4               Src/isr_motor.o
dht                 0x40              Src/dht22.o
htim1               0x3c              Src/stm32f1xx_hal_timebase_TIM.o
stepPulseUp         0x4               Src/isr_motor.o
sensorConfig        0x8               Src/sensor.o
MotorHandle         0x4               Src/freertos.o
WatchdogHandle      0x4               Src/freertos.o
_adc                0x4               Src/analog.o
listFcts            0x40              Src/broker.o
SpiBrokerHandle     0x4               Src/freertos.o
SensorHandle        0x4               Src/freertos.o
hspi1               0x58              Src/spi.o
htim2               0x3c              Src/tim.o
SPRINTF_buffer      0x4               Src/printf.o
sensorQueue         0x4               Src/sensor.o
motorCtrlPool       0x4               Src/motors.o

Discarded input sections

[...]
Memory Configuration

Name             Origin             Length             Attributes
FLASH            0x08000000         0x00010000         xr
RAM              0x20000000         0x00005000         xrw
*default*        0x00000000         0xffffffff

Linker script and memory map

LOAD /home/micha/Ac6/SystemWorkbench/plugins/fr.ac6.mcu.externaltools.arm-none.linux64_1.11.0.201610101240/tools/gcc-arm-none-eabi-5_4-2016q2/bin/../lib/gcc/arm-none-eabi/5.4.1/armv7-m/crti.o
LOAD /home/micha/Ac6/SystemWorkbench/plugins/fr.ac6.mcu.externaltools.arm-none.linux64_1.11.0.201610101240/tools/gcc-arm-none-eabi-5_4-2016q2/bin/../lib/gcc/arm-none-eabi/5.4.1/armv7-m/crtbegin.o
LOAD /home/micha/Ac6/SystemWorkbench/plugins/fr.ac6.mcu.externaltools.arm-none.linux64_1.11.0.201610101240/tools/gcc-arm-none-eabi-5_4-2016q2/bin/../lib/gcc/arm-none-eabi/5.4.1/../../../../arm-none-eabi/lib/armv7-m/crt0.o
LOAD /home/micha/Ac6/SystemWorkbench/plugins/fr.ac6.mcu.externaltools.arm-none.linux64_1.11.0.201610101240/tools/gcc-arm-none-eabi-5_4-2016q2/bin/../lib/gcc/arm-none-eabi/5.4.1/../../../../arm-none-eabi/lib/armv7-m/libm.a
LOAD Drivers/STM32F1xx_HAL_Driver/Src/stm32f1xx_hal.o
LOAD Drivers/STM32F1xx_HAL_Driver/Src/stm32f1xx_hal_adc.o
LOAD Drivers/STM32F1xx_HAL_Driver/Src/stm32f1xx_hal_adc_ex.o
LOAD Drivers/STM32F1xx_HAL_Driver/Src/stm32f1xx_hal_cortex.o
LOAD Drivers/STM32F1xx_HAL_Driver/Src/stm32f1xx_hal_dma.o
LOAD Drivers/STM32F1xx_HAL_Driver/Src/stm32f1xx_hal_flash.o
LOAD Drivers/STM32F1xx_HAL_Driver/Src/stm32f1xx_hal_flash_ex.o
LOAD Drivers/STM32F1xx_HAL_Driver/Src/stm32f1xx_hal_gpio.o
LOAD Drivers/STM32F1xx_HAL_Driver/Src/stm32f1xx_hal_gpio_ex.o
LOAD Drivers/STM32F1xx_HAL_Driver/Src/stm32f1xx_hal_iwdg.o
LOAD Drivers/STM32F1xx_HAL_Driver/Src/stm32f1xx_hal_pwr.o
LOAD Drivers/STM32F1xx_HAL_Driver/Src/stm32f1xx_hal_rcc.o
LOAD Drivers/STM32F1xx_HAL_Driver/Src/stm32f1xx_hal_rcc_ex.o
LOAD Drivers/STM32F1xx_HAL_Driver/Src/stm32f1xx_hal_spi.o
LOAD Drivers/STM32F1xx_HAL_Driver/Src/stm32f1xx_hal_spi_ex.o
LOAD Drivers/STM32F1xx_HAL_Driver/Src/stm32f1xx_hal_tim.o
LOAD Drivers/STM32F1xx_HAL_Driver/Src/stm32f1xx_hal_tim_ex.o
LOAD Drivers/STM32F1xx_HAL_Driver/Src/stm32f1xx_hal_uart.o
LOAD Middlewares/Third_Party/FreeRTOS/Source/CMSIS_RTOS/cmsis_os.o
LOAD Middlewares/Third_Party/FreeRTOS/Source/croutine.o
LOAD Middlewares/Third_Party/FreeRTOS/Source/event_groups.o
LOAD Middlewares/Third_Party/FreeRTOS/Source/list.o
LOAD Middlewares/Third_Party/FreeRTOS/Source/queue.o
LOAD Middlewares/Third_Party/FreeRTOS/Source/tasks.o
LOAD Middlewares/Third_Party/FreeRTOS/Source/timers.o
LOAD Middlewares/Third_Party/FreeRTOS/Source/portable/GCC/ARM_CM3/port.o
LOAD Middlewares/Third_Party/FreeRTOS/Source/portable/MemMang/heap_4.o
LOAD Src/adc.o
LOAD Src/analog.o
LOAD Src/broker.o
LOAD Src/dht22.o
LOAD Src/freertos.o
LOAD Src/gpio.o
LOAD Src/isr_moisture.o
LOAD Src/isr_motor.o
LOAD Src/iwdg.o
LOAD Src/main.o
LOAD Src/moistureMeasure.o
LOAD Src/motors.o
LOAD Src/printf.o
LOAD Src/pwm.o
LOAD Src/relais.o
LOAD Src/scheduler.o
LOAD Src/sensor.o
LOAD Src/spi.o
LOAD Src/spicomm.o
LOAD Src/startup_stm32f103xb.o
LOAD Src/stm32f1xx_hal_msp.o
LOAD Src/stm32f1xx_hal_timebase_TIM.o
LOAD Src/stm32f1xx_it.o
LOAD Src/stuff.o
LOAD Src/syscalls.o
LOAD Src/system_stm32f1xx.o
LOAD Src/tim.o
LOAD Src/usart.o
START GROUP
LOAD /home/micha/Ac6/SystemWorkbench/plugins/fr.ac6.mcu.externaltools.arm-none.linux64_1.11.0.201610101240/tools/gcc-arm-none-eabi-5_4-2016q2/bin/../lib/gcc/arm-none-eabi/5.4.1/armv7-m/libgcc.a
LOAD /home/micha/Ac6/SystemWorkbench/plugins/fr.ac6.mcu.externaltools.arm-none.linux64_1.11.0.201610101240/tools/gcc-arm-none-eabi-5_4-2016q2/bin/../lib/gcc/arm-none-eabi/5.4.1/../../../../arm-none-eabi/lib/armv7-m/libc_nano.a
END GROUP
START GROUP
LOAD /home/micha/Ac6/SystemWorkbench/plugins/fr.ac6.mcu.externaltools.arm-none.linux64_1.11.0.201610101240/tools/gcc-arm-none-eabi-5_4-2016q2/bin/../lib/gcc/arm-none-eabi/5.4.1/armv7-m/libgcc.a
LOAD /home/micha/Ac6/SystemWorkbench/plugins/fr.ac6.mcu.externaltools.arm-none.linux64_1.11.0.201610101240/tools/gcc-arm-none-eabi-5_4-2016q2/bin/../lib/gcc/arm-none-eabi/5.4.1/../../../../arm-none-eabi/lib/armv7-m/libc_nano.a
LOAD /home/micha/Ac6/SystemWorkbench/plugins/fr.ac6.mcu.externaltools.arm-none.linux64_1.11.0.201610101240/tools/gcc-arm-none-eabi-5_4-2016q2/bin/../lib/gcc/arm-none-eabi/5.4.1/../../../../arm-none-eabi/lib/armv7-m/libnosys.a
END GROUP
START GROUP
LOAD /home/micha/Ac6/SystemWorkbench/plugins/fr.ac6.mcu.externaltools.arm-none.linux64_1.11.0.201610101240/tools/gcc-arm-none-eabi-5_4-2016q2/bin/../lib/gcc/arm-none-eabi/5.4.1/armv7-m/libgcc.a
LOAD /home/micha/Ac6/SystemWorkbench/plugins/fr.ac6.mcu.externaltools.arm-none.linux64_1.11.0.201610101240/tools/gcc-arm-none-eabi-5_4-2016q2/bin/../lib/gcc/arm-none-eabi/5.4.1/../../../../arm-none-eabi/lib/armv7-m/libc_nano.a
LOAD /home/micha/Ac6/SystemWorkbench/plugins/fr.ac6.mcu.externaltools.arm-none.linux64_1.11.0.201610101240/tools/gcc-arm-none-eabi-5_4-2016q2/bin/../lib/gcc/arm-none-eabi/5.4.1/../../../../arm-none-eabi/lib/armv7-m/libnosys.a
END GROUP
LOAD /home/micha/Ac6/SystemWorkbench/plugins/fr.ac6.mcu.externaltools.arm-none.linux64_1.11.0.201610101240/tools/gcc-arm-none-eabi-5_4-2016q2/bin/../lib/gcc/arm-none-eabi/5.4.1/armv7-m/crtend.o
LOAD /home/micha/Ac6/SystemWorkbench/plugins/fr.ac6.mcu.externaltools.arm-none.linux64_1.11.0.201610101240/tools/gcc-arm-none-eabi-5_4-2016q2/bin/../lib/gcc/arm-none-eabi/5.4.1/armv7-m/crtn.o
                0x20005000                _estack = 0x20005000
                0x00002000                _Min_Heap_Size = 0x2000
                0x00000400                _Min_Stack_Size = 0x400

.isr_vector     0x08000000      0x10c
                0x08000000                . = ALIGN (0x4)
 *(.isr_vector)
 .isr_vector    0x08000000      0x10c Src/startup_stm32f103xb.o
                0x08000000                g_pfnVectors
                0x0800010c                . = ALIGN (0x4)

.text           0x0800010c     0x5ed0
                0x0800010c                . = ALIGN (0x4)
 *(.text)
 .text          0x0800010c       0x5c /home/micha/Ac6/SystemWorkbench/plugins/fr.ac6.mcu.externaltools.arm-none.linux64_1.11.0.201610101240/tools/gcc-arm-none-eabi-5_4-2016q2/bin/../lib/gcc/arm-none-eabi/5.4.1/armv7-m/crtbegin.o
 *(.text*)
 .text.HAL_Init
                0x08000168       0x24 Drivers/STM32F1xx_HAL_Driver/Src/stm32f1xx_hal.o
                0x08000168                HAL_Init
 .text.HAL_IncTick
                0x0800018c       0x10 Drivers/STM32F1xx_HAL_Driver/Src/stm32f1xx_hal.o
                0x0800018c                HAL_IncTick
 .text.HAL_GetTick
                0x0800019c        0xc Drivers/STM32F1xx_HAL_Driver/Src/stm32f1xx_hal.o
                0x0800019c                HAL_GetTick
 .text.HAL_Delay
                0x080001a8       0x1c Drivers/STM32F1xx_HAL_Driver/Src/stm32f1xx_hal.o
                0x080001a8                HAL_Delay
 .text.HAL_ADC_PollForConversion
                0x080001c4      0x158 Drivers/STM32F1xx_HAL_Driver/Src/stm32f1xx_hal_adc.o
                0x080001c4                HAL_ADC_PollForConversion
 .text.HAL_ADC_GetValue
                0x0800031c        0x8 Drivers/STM32F1xx_HAL_Driver/Src/stm32f1xx_hal_adc.o
                0x0800031c                HAL_ADC_GetValue
 .text.HAL_ADC_ConvCpltCallback
                0x08000324        0x4 Drivers/STM32F1xx_HAL_Driver/Src/stm32f1xx_hal_adc.o
                0x08000324                HAL_ADC_ConvCpltCallback
 .text.HAL_ADC_LevelOutOfWindowCallback
                0x08000328        0x4 Drivers/STM32F1xx_HAL_Driver/Src/stm32f1xx_hal_adc.o
                0x08000328                HAL_ADC_LevelOutOfWindowCallback
 .text.HAL_ADC_IRQHandler
                0x0800032c       0xf8 Drivers/STM32F1xx_HAL_Driver/Src/stm32f1xx_hal_adc.o
                0x0800032c                HAL_ADC_IRQHandler
 .text.HAL_ADC_ConfigChannel
                0x08000424      0x1ac Drivers/STM32F1xx_HAL_Driver/Src/stm32f1xx_hal_adc.o
                0x08000424                HAL_ADC_ConfigChannel
 .text.HAL_ADC_GetState
                0x080005d0        0x4 Drivers/STM32F1xx_HAL_Driver/Src/stm32f1xx_hal_adc.o
                0x080005d0                HAL_ADC_GetState
 .text.HAL_ADC_GetError
                0x080005d4        0x4 Drivers/STM32F1xx_HAL_Driver/Src/stm32f1xx_hal_adc.o
                0x080005d4                HAL_ADC_GetError
 .text.ADC_Enable
                0x080005d8       0x7c Drivers/STM32F1xx_HAL_Driver/Src/stm32f1xx_hal_adc.o
                0x080005d8                ADC_Enable
 .text.HAL_ADC_Start
                0x08000654       0xd0 Drivers/STM32F1xx_HAL_Driver/Src/stm32f1xx_hal_adc.o
                0x08000654                HAL_ADC_Start
 .text.ADC_ConversionStop_Disable
                0x08000724       0x44 Drivers/STM32F1xx_HAL_Driver/Src/stm32f1xx_hal_adc.o
                0x08000724                ADC_ConversionStop_Disable
 .text.HAL_ADC_Init
                0x08000768      0x16c Drivers/STM32F1xx_HAL_Driver/Src/stm32f1xx_hal_adc.o
                0x08000768                HAL_ADC_Init
 .text.HAL_ADC_Stop
                0x080008d4       0x34 Drivers/STM32F1xx_HAL_Driver/Src/stm32f1xx_hal_adc.o
                0x080008d4                HAL_ADC_Stop
 .text.HAL_ADCEx_InjectedConvCpltCallback
                0x08000908        0x4 Drivers/STM32F1xx_HAL_Driver/Src/stm32f1xx_hal_adc_ex.o
                0x08000908                HAL_ADCEx_InjectedConvCpltCallback
 .text.HAL_NVIC_SetPriorityGrouping
                0x0800090c       0x24 Drivers/STM32F1xx_HAL_Driver/Src/stm32f1xx_hal_cortex.o
                0x0800090c                HAL_NVIC_SetPriorityGrouping
 .text.HAL_NVIC_SetPriority
                0x08000930       0x70 Drivers/STM32F1xx_HAL_Driver/Src/stm32f1xx_hal_cortex.o
                0x08000930                HAL_NVIC_SetPriority
 .text.HAL_NVIC_EnableIRQ
                0x080009a0       0x18 Drivers/STM32F1xx_HAL_Driver/Src/stm32f1xx_hal_cortex.o
                0x080009a0                HAL_NVIC_EnableIRQ
 .text.HAL_NVIC_DisableIRQ
                0x080009b8       0x1c Drivers/STM32F1xx_HAL_Driver/Src/stm32f1xx_hal_cortex.o
                0x080009b8                HAL_NVIC_DisableIRQ
 .text.HAL_SYSTICK_Config
                0x080009d4       0x30 Drivers/STM32F1xx_HAL_Driver/Src/stm32f1xx_hal_cortex.o
                0x080009d4                HAL_SYSTICK_Config
 .text.HAL_SYSTICK_CLKSourceConfig
                0x08000a04       0x18 Drivers/STM32F1xx_HAL_Driver/Src/stm32f1xx_hal_cortex.o
                0x08000a04                HAL_SYSTICK_CLKSourceConfig
 .text.HAL_GPIO_Init
                0x08000a1c      0x1d8 Drivers/STM32F1xx_HAL_Driver/Src/stm32f1xx_hal_gpio.o
                0x08000a1c                HAL_GPIO_Init
 .text.HAL_GPIO_DeInit
                0x08000bf4      0x110 Drivers/STM32F1xx_HAL_Driver/Src/stm32f1xx_hal_gpio.o
                0x08000bf4                HAL_GPIO_DeInit
 .text.HAL_GPIO_ReadPin
                0x08000d04        0xc Drivers/STM32F1xx_HAL_Driver/Src/stm32f1xx_hal_gpio.o
                0x08000d04                HAL_GPIO_ReadPin
 .text.HAL_GPIO_WritePin
                0x08000d10        0x8 Drivers/STM32F1xx_HAL_Driver/Src/stm32f1xx_hal_gpio.o
                0x08000d10                HAL_GPIO_WritePin
 .text.HAL_IWDG_MspInit
                0x08000d18        0x4 Drivers/STM32F1xx_HAL_Driver/Src/stm32f1xx_hal_iwdg.o
                0x08000d18                HAL_IWDG_MspInit
 .text.HAL_IWDG_Init
                0x08000d1c       0x58 Drivers/STM32F1xx_HAL_Driver/Src/stm32f1xx_hal_iwdg.o
                0x08000d1c                HAL_IWDG_Init
 .text.HAL_RCC_OscConfig
                0x08000d74      0x560 Drivers/STM32F1xx_HAL_Driver/Src/stm32f1xx_hal_rcc.o
                0x08000d74                HAL_RCC_OscConfig
 .text.HAL_RCC_GetSysClockFreq
                0x080012d4       0x94 Drivers/STM32F1xx_HAL_Driver/Src/stm32f1xx_hal_rcc.o
                0x080012d4                HAL_RCC_GetSysClockFreq
 .text.HAL_RCC_ClockConfig
                0x08001368      0x168 Drivers/STM32F1xx_HAL_Driver/Src/stm32f1xx_hal_rcc.o
                0x08001368                HAL_RCC_ClockConfig
 .text.HAL_RCC_GetHCLKFreq
                0x080014d0        0xc Drivers/STM32F1xx_HAL_Driver/Src/stm32f1xx_hal_rcc.o
                0x080014d0                HAL_RCC_GetHCLKFreq
 .text.HAL_RCC_GetPCLK1Freq
                0x080014dc       0x30 Drivers/STM32F1xx_HAL_Driver/Src/stm32f1xx_hal_rcc.o
                0x080014dc                HAL_RCC_GetPCLK1Freq
 .text.HAL_RCC_GetPCLK2Freq
                0x0800150c       0x30 Drivers/STM32F1xx_HAL_Driver/Src/stm32f1xx_hal_rcc.o
                0x0800150c                HAL_RCC_GetPCLK2Freq
 .text.HAL_RCC_GetClockConfig
                0x0800153c       0x40 Drivers/STM32F1xx_HAL_Driver/Src/stm32f1xx_hal_rcc.o
                0x0800153c                HAL_RCC_GetClockConfig
 .text.HAL_RCCEx_PeriphCLKConfig
                0x0800157c      0x120 Drivers/STM32F1xx_HAL_Driver/Src/stm32f1xx_hal_rcc_ex.o
                0x0800157c                HAL_RCCEx_PeriphCLKConfig
 .text.HAL_RCCEx_GetPeriphCLKFreq
                0x0800169c      0x11c Drivers/STM32F1xx_HAL_Driver/Src/stm32f1xx_hal_rcc_ex.o
                0x0800169c                HAL_RCCEx_GetPeriphCLKFreq
 .text.SPI_WaitOnFlagUntilTimeout
                0x080017b8       0x9c Drivers/STM32F1xx_HAL_Driver/Src/stm32f1xx_hal_spi.o
 .text.HAL_SPI_DeInit
                0x08001854       0x2c Drivers/STM32F1xx_HAL_Driver/Src/stm32f1xx_hal_spi.o
                0x08001854                HAL_SPI_DeInit
 .text.HAL_SPI_Transmit_IT
                0x08001880       0xb8 Drivers/STM32F1xx_HAL_Driver/Src/stm32f1xx_hal_spi.o
                0x08001880                HAL_SPI_Transmit_IT
 .text.HAL_SPI_TransmitReceive_IT
                0x08001938       0xb8 Drivers/STM32F1xx_HAL_Driver/Src/stm32f1xx_hal_spi.o
                0x08001938                HAL_SPI_TransmitReceive_IT
 .text.HAL_SPI_Receive_IT
                0x080019f0       0xbc Drivers/STM32F1xx_HAL_Driver/Src/stm32f1xx_hal_spi.o
                0x080019f0                HAL_SPI_Receive_IT
 .text.SPI_TxISR
                0x08001aac       0xcc Drivers/STM32F1xx_HAL_Driver/Src/stm32f1xx_hal_spi.o
 .text.HAL_SPI_IRQHandler
                0x08001b78       0xac Drivers/STM32F1xx_HAL_Driver/Src/stm32f1xx_hal_spi.o
                0x08001b78                HAL_SPI_IRQHandler
 .text.SPI_RxCloseIRQHandler
                0x08001c24       0xf8 Drivers/STM32F1xx_HAL_Driver/Src/stm32f1xx_hal_spi.o
 .text.SPI_RxISR
                0x08001d1c       0x44 Drivers/STM32F1xx_HAL_Driver/Src/stm32f1xx_hal_spi.o
 .text.SPI_2LinesRxISR
                0x08001d60       0x2c Drivers/STM32F1xx_HAL_Driver/Src/stm32f1xx_hal_spi.o
 .text.HAL_SPI_Init
                0x08001d8c       0x80 Drivers/STM32F1xx_HAL_Driver/Src/stm32f1xx_hal_spi_ex.o
                0x08001d8c                HAL_SPI_Init
 .text.SPI_ISCRCErrorValid
                0x08001e0c        0x4 Drivers/STM32F1xx_HAL_Driver/Src/stm32f1xx_hal_spi_ex.o
                0x08001e0c                SPI_ISCRCErrorValid
 .text.TIM_OC1_SetConfig
                0x08001e10       0x58 Drivers/STM32F1xx_HAL_Driver/Src/stm32f1xx_hal_tim.o
 .text.TIM_OC3_SetConfig
                0x08001e68       0x5c Drivers/STM32F1xx_HAL_Driver/Src/stm32f1xx_hal_tim.o
 .text.TIM_OC4_SetConfig
                0x08001ec4       0x48 Drivers/STM32F1xx_HAL_Driver/Src/stm32f1xx_hal_tim.o
 .text.HAL_TIM_Base_Start_IT
                0x08001f0c       0x18 Drivers/STM32F1xx_HAL_Driver/Src/stm32f1xx_hal_tim.o
                0x08001f0c                HAL_TIM_Base_Start_IT
 .text.HAL_TIM_Base_Stop_IT
                0x08001f24       0x2c Drivers/STM32F1xx_HAL_Driver/Src/stm32f1xx_hal_tim.o
                0x08001f24                HAL_TIM_Base_Stop_IT
 .text.HAL_TIM_PWM_MspInit
                0x08001f50        0x4 Drivers/STM32F1xx_HAL_Driver/Src/stm32f1xx_hal_tim.o
                0x08001f50                HAL_TIM_PWM_MspInit
 .text.HAL_TIM_PWM_Start_IT
                0x08001f54       0x7c Drivers/STM32F1xx_HAL_Driver/Src/stm32f1xx_hal_tim.o
                0x08001f54                HAL_TIM_PWM_Start_IT
 .text.HAL_TIM_PWM_Stop_IT
                0x08001fd0       0xa8 Drivers/STM32F1xx_HAL_Driver/Src/stm32f1xx_hal_tim.o
                0x08001fd0                HAL_TIM_PWM_Stop_IT
 .text.HAL_TIM_IC_Start_IT
                0x08002078       0x68 Drivers/STM32F1xx_HAL_Driver/Src/stm32f1xx_hal_tim.o
                0x08002078                HAL_TIM_IC_Start_IT
 .text.HAL_TIM_IC_Stop_IT
                0x080020e0       0x80 Drivers/STM32F1xx_HAL_Driver/Src/stm32f1xx_hal_tim.o
                0x080020e0                HAL_TIM_IC_Stop_IT
 .text.HAL_TIM_ConfigClockSource
                0x08002160      0x180 Drivers/STM32F1xx_HAL_Driver/Src/stm32f1xx_hal_tim.o
                0x08002160                HAL_TIM_ConfigClockSource
 .text.HAL_TIM_ReadCapturedValue
                0x080022e0       0x60 Drivers/STM32F1xx_HAL_Driver/Src/stm32f1xx_hal_tim.o
                0x080022e0                HAL_TIM_ReadCapturedValue
 .text.HAL_TIM_OC_DelayElapsedCallback
                0x08002340        0x4 Drivers/STM32F1xx_HAL_Driver/Src/stm32f1xx_hal_tim.o
                0x08002340                HAL_TIM_OC_DelayElapsedCallback
 .text.HAL_TIM_PWM_PulseFinishedCallback
                0x08002344        0x4 Drivers/STM32F1xx_HAL_Driver/Src/stm32f1xx_hal_tim.o
                0x08002344                HAL_TIM_PWM_PulseFinishedCallback
 .text.HAL_TIM_TriggerCallback
                0x08002348        0x4 Drivers/STM32F1xx_HAL_Driver/Src/stm32f1xx_hal_tim.o
                0x08002348                HAL_TIM_TriggerCallback
 .text.HAL_TIM_IRQHandler
                0x0800234c      0x154 Drivers/STM32F1xx_HAL_Driver/Src/stm32f1xx_hal_tim.o
                0x0800234c                HAL_TIM_IRQHandler
 .text.TIM_Base_SetConfig
                0x080024a0       0x7c Drivers/STM32F1xx_HAL_Driver/Src/stm32f1xx_hal_tim.o
                0x080024a0                TIM_Base_SetConfig
 .text.HAL_TIM_Base_Init
                0x0800251c       0x38 Drivers/STM32F1xx_HAL_Driver/Src/stm32f1xx_hal_tim.o
                0x0800251c                HAL_TIM_Base_Init
 .text.HAL_TIM_PWM_Init
                0x08002554       0x38 Drivers/STM32F1xx_HAL_Driver/Src/stm32f1xx_hal_tim.o
                0x08002554                HAL_TIM_PWM_Init
 .text.HAL_TIM_IC_Init
                0x0800258c       0x38 Drivers/STM32F1xx_HAL_Driver/Src/stm32f1xx_hal_tim.o
                0x0800258c                HAL_TIM_IC_Init
 .text.TIM_OC2_SetConfig
                0x080025c4       0x5c Drivers/STM32F1xx_HAL_Driver/Src/stm32f1xx_hal_tim.o
                0x080025c4                TIM_OC2_SetConfig
 .text.HAL_TIM_PWM_ConfigChannel
                0x08002620       0xd4 Drivers/STM32F1xx_HAL_Driver/Src/stm32f1xx_hal_tim.o
                0x08002620                HAL_TIM_PWM_ConfigChannel
 .text.TIM_TI1_SetConfig
                0x080026f4       0x58 Drivers/STM32F1xx_HAL_Driver/Src/stm32f1xx_hal_tim.o
                0x080026f4                TIM_TI1_SetConfig
 .text.HAL_TIM_IC_ConfigChannel
                0x0800274c      0x124 Drivers/STM32F1xx_HAL_Driver/Src/stm32f1xx_hal_tim.o
                0x0800274c                HAL_TIM_IC_ConfigChannel
 .text.HAL_TIMEx_MasterConfigSynchronization
                0x08002870       0x4c Drivers/STM32F1xx_HAL_Driver/Src/stm32f1xx_hal_tim_ex.o
                0x08002870                HAL_TIMEx_MasterConfigSynchronization
 .text.HAL_TIMEx_CommutationCallback
                0x080028bc        0x4 Drivers/STM32F1xx_HAL_Driver/Src/stm32f1xx_hal_tim_ex.o
                0x080028bc                HAL_TIMEx_CommutationCallback
 .text.HAL_TIMEx_BreakCallback
                0x080028c0        0x4 Drivers/STM32F1xx_HAL_Driver/Src/stm32f1xx_hal_tim_ex.o
                0x080028c0                HAL_TIMEx_BreakCallback
 .text.UART_SetConfig
                0x080028c4      0x1a4 Drivers/STM32F1xx_HAL_Driver/Src/stm32f1xx_hal_uart.o
 .text.UART_WaitOnFlagUntilTimeout.constprop.1
                0x08002a68       0x60 Drivers/STM32F1xx_HAL_Driver/Src/stm32f1xx_hal_uart.o
 .text.HAL_UART_Init
                0x08002ac8       0x5c Drivers/STM32F1xx_HAL_Driver/Src/stm32f1xx_hal_uart.o
                0x08002ac8                HAL_UART_Init
 .text.HAL_UART_Transmit
                0x08002b24       0xb8 Drivers/STM32F1xx_HAL_Driver/Src/stm32f1xx_hal_uart.o
                0x08002b24                HAL_UART_Transmit
 .text.HAL_UART_TxCpltCallback
                0x08002bdc        0x4 Drivers/STM32F1xx_HAL_Driver/Src/stm32f1xx_hal_uart.o
                0x08002bdc                HAL_UART_TxCpltCallback
 .text.HAL_UART_RxCpltCallback
                0x08002be0        0x4 Drivers/STM32F1xx_HAL_Driver/Src/stm32f1xx_hal_uart.o
                0x08002be0                HAL_UART_RxCpltCallback
 .text.HAL_UART_ErrorCallback
                0x08002be4        0x4 Drivers/STM32F1xx_HAL_Driver/Src/stm32f1xx_hal_uart.o
                0x08002be4                HAL_UART_ErrorCallback
 .text.HAL_UART_IRQHandler
                0x08002be8      0x1cc Drivers/STM32F1xx_HAL_Driver/Src/stm32f1xx_hal_uart.o
                0x08002be8                HAL_UART_IRQHandler
 .text.osKernelStart
                0x08002db4        0xc Middlewares/Third_Party/FreeRTOS/Source/CMSIS_RTOS/cmsis_os.o
                0x08002db4                osKernelStart
 .text.osThreadCreate
                0x08002dc0       0x38 Middlewares/Third_Party/FreeRTOS/Source/CMSIS_RTOS/cmsis_os.o
                0x08002dc0                osThreadCreate
 .text.osDelay  0x08002df8       0x10 Middlewares/Third_Party/FreeRTOS/Source/CMSIS_RTOS/cmsis_os.o
                0x08002df8                osDelay
 .text.osPoolCreate
                0x08002e08       0x74 Middlewares/Third_Party/FreeRTOS/Source/CMSIS_RTOS/cmsis_os.o
                0x08002e08                osPoolCreate
 .text.osPoolAlloc
                0x08002e7c       0x7c Middlewares/Third_Party/FreeRTOS/Source/CMSIS_RTOS/cmsis_os.o
                0x08002e7c                osPoolAlloc
 .text.osPoolFree
                0x08002ef8       0x2c Middlewares/Third_Party/FreeRTOS/Source/CMSIS_RTOS/cmsis_os.o
                0x08002ef8                osPoolFree
 .text.osMessageCreate
                0x08002f24        0x8 Middlewares/Third_Party/FreeRTOS/Source/CMSIS_RTOS/cmsis_os.o
                0x08002f24                osMessageCreate
 .text.osMessagePut
                0x08002f2c       0x50 Middlewares/Third_Party/FreeRTOS/Source/CMSIS_RTOS/cmsis_os.o
                0x08002f2c                osMessagePut
 .text.osMessageGet
                0x08002f7c       0x88 Middlewares/Third_Party/FreeRTOS/Source/CMSIS_RTOS/cmsis_os.o
                0x08002f7c                osMessageGet
 .text.osSystickHandler
                0x08003004       0x14 Middlewares/Third_Party/FreeRTOS/Source/CMSIS_RTOS/cmsis_os.o
                0x08003004                osSystickHandler
 .text.vListInitialise
                0x08003018       0x18 Middlewares/Third_Party/FreeRTOS/Source/list.o
                0x08003018                vListInitialise
 .text.vListInitialiseItem
                0x08003030        0x8 Middlewares/Third_Party/FreeRTOS/Source/list.o
                0x08003030                vListInitialiseItem
 .text.vListInsertEnd
                0x08003038       0x1c Middlewares/Third_Party/FreeRTOS/Source/list.o
                0x08003038                vListInsertEnd
 .text.vListInsert
                0x08003054       0x34 Middlewares/Third_Party/FreeRTOS/Source/list.o
                0x08003054                vListInsert
 .text.uxListRemove
                0x08003088       0x28 Middlewares/Third_Party/FreeRTOS/Source/list.o
                0x08003088                uxListRemove
 .text.prvCopyDataToQueue
                0x080030b0       0x7c Middlewares/Third_Party/FreeRTOS/Source/queue.o
 .text.unlikely.prvCopyDataFromQueue
                0x0800312c       0x24 Middlewares/Third_Party/FreeRTOS/Source/queue.o
 .text.prvUnlockQueue
                0x08003150       0x84 Middlewares/Third_Party/FreeRTOS/Source/queue.o
 .text.xQueueGenericReset
                0x080031d4       0x6c Middlewares/Third_Party/FreeRTOS/Source/queue.o
                0x080031d4                xQueueGenericReset
 .text.xQueueGenericCreate
                0x08003240       0x48 Middlewares/Third_Party/FreeRTOS/Source/queue.o
                0x08003240                xQueueGenericCreate
 .text.xQueueGenericSend
                0x08003288      0x128 Middlewares/Third_Party/FreeRTOS/Source/queue.o
                0x08003288                xQueueGenericSend
 .text.xQueueGenericSendFromISR
                0x080033b0       0xb0 Middlewares/Third_Party/FreeRTOS/Source/queue.o
                0x080033b0                xQueueGenericSendFromISR
 .text.xQueueGenericReceive
                0x08003460      0x140 Middlewares/Third_Party/FreeRTOS/Source/queue.o
                0x08003460                xQueueGenericReceive
 .text.xQueueReceiveFromISR
                0x080035a0       0x98 Middlewares/Third_Party/FreeRTOS/Source/queue.o
                0x080035a0                xQueueReceiveFromISR
 .text.prvResetNextTaskUnblockTime.part.0
                0x08003638       0x14 Middlewares/Third_Party/FreeRTOS/Source/tasks.o
 .text.prvAddCurrentTaskToDelayedList
                0x0800364c       0x38 Middlewares/Third_Party/FreeRTOS/Source/tasks.o
 .text.xTaskIncrementTick.part.4
                0x08003684       0xbc Middlewares/Third_Party/FreeRTOS/Source/tasks.o
 .text.xTaskGenericCreate
                0x08003740      0x198 Middlewares/Third_Party/FreeRTOS/Source/tasks.o
                0x08003740                xTaskGenericCreate
 .text.vTaskStartScheduler
                0x080038d8       0x54 Middlewares/Third_Party/FreeRTOS/Source/tasks.o
                0x080038d8                vTaskStartScheduler
 .text.vTaskSuspendAll
                0x0800392c       0x14 Middlewares/Third_Party/FreeRTOS/Source/tasks.o
                0x0800392c                vTaskSuspendAll
 .text.xTaskResumeAll
                0x08003940       0xdc Middlewares/Third_Party/FreeRTOS/Source/tasks.o
                0x08003940                xTaskResumeAll
 .text.vTaskDelay
                0x08003a1c       0x5c Middlewares/Third_Party/FreeRTOS/Source/tasks.o
                0x08003a1c                vTaskDelay
 .text.prvIdleTask
                0x08003a78       0x68 Middlewares/Third_Party/FreeRTOS/Source/tasks.o
 .text.xTaskIncrementTick
                0x08003ae0       0x24 Middlewares/Third_Party/FreeRTOS/Source/tasks.o
                0x08003ae0                xTaskIncrementTick
 .text.vTaskSwitchContext
                0x08003b04       0x6c Middlewares/Third_Party/FreeRTOS/Source/tasks.o
                0x08003b04                vTaskSwitchContext
 .text.vTaskPlaceOnEventList
                0x08003b70       0x58 Middlewares/Third_Party/FreeRTOS/Source/tasks.o
                0x08003b70                vTaskPlaceOnEventList
 .text.xTaskRemoveFromEventList
                0x08003bc8       0x6c Middlewares/Third_Party/FreeRTOS/Source/tasks.o
                0x08003bc8                xTaskRemoveFromEventList
 .text.vTaskSetTimeOutState
                0x08003c34       0x1c Middlewares/Third_Party/FreeRTOS/Source/tasks.o
                0x08003c34                vTaskSetTimeOutState
 .text.xTaskCheckForTimeOut
                0x08003c50       0x68 Middlewares/Third_Party/FreeRTOS/Source/tasks.o
                0x08003c50                xTaskCheckForTimeOut
 .text.vTaskMissedYield
                0x08003cb8       0x10 Middlewares/Third_Party/FreeRTOS/Source/tasks.o
                0x08003cb8                vTaskMissedYield
 .text.xTaskGetSchedulerState
                0x08003cc8       0x20 Middlewares/Third_Party/FreeRTOS/Source/tasks.o
                0x08003cc8                xTaskGetSchedulerState
 .text.vTaskPriorityInherit
                0x08003ce8       0x98 Middlewares/Third_Party/FreeRTOS/Source/tasks.o
                0x08003ce8                vTaskPriorityInherit
 .text.xTaskPriorityDisinherit
                0x08003d80       0x8c Middlewares/Third_Party/FreeRTOS/Source/tasks.o
                0x08003d80                xTaskPriorityDisinherit
 .text.pvTaskIncrementMutexHeldCount
                0x08003e0c       0x18 Middlewares/Third_Party/FreeRTOS/Source/tasks.o
                0x08003e0c                pvTaskIncrementMutexHeldCount
 .text.prvPortStartFirstTask
                0x08003e24       0x20 Middlewares/Third_Party/FreeRTOS/Source/portable/GCC/ARM_CM3/port.o
 .text.pxPortInitialiseStack
                0x08003e44       0x24 Middlewares/Third_Party/FreeRTOS/Source/portable/GCC/ARM_CM3/port.o
                0x08003e44                pxPortInitialiseStack
 .text.SVC_Handler
                0x08003e68       0x24 Middlewares/Third_Party/FreeRTOS/Source/portable/GCC/ARM_CM3/port.o
                0x08003e68                SVC_Handler
 .text.vPortYield
                0x08003e8c       0x18 Middlewares/Third_Party/FreeRTOS/Source/portable/GCC/ARM_CM3/port.o
                0x08003e8c                vPortYield
 .text.ulPortSetInterruptMask
                0x08003ea4       0x10 Middlewares/Third_Party/FreeRTOS/Source/portable/GCC/ARM_CM3/port.o
                0x08003ea4                ulPortSetInterruptMask
 .text.prvTaskExitError
                0x08003eb4       0x1c Middlewares/Third_Party/FreeRTOS/Source/portable/GCC/ARM_CM3/port.o
 .text.vPortEnterCritical
                0x08003ed0       0x34 Middlewares/Third_Party/FreeRTOS/Source/portable/GCC/ARM_CM3/port.o
                0x08003ed0                vPortEnterCritical
 .text.vPortClearInterruptMask
                0x08003f04        0x8 Middlewares/Third_Party/FreeRTOS/Source/portable/GCC/ARM_CM3/port.o
                0x08003f04                vPortClearInterruptMask
 .text.vPortExitCritical
                0x08003f0c       0x24 Middlewares/Third_Party/FreeRTOS/Source/portable/GCC/ARM_CM3/port.o
                0x08003f0c                vPortExitCritical
 .text.PendSV_Handler
                0x08003f30       0x44 Middlewares/Third_Party/FreeRTOS/Source/portable/GCC/ARM_CM3/port.o
                0x08003f30                PendSV_Handler
 .text.xPortSysTickHandler
                0x08003f74       0x24 Middlewares/Third_Party/FreeRTOS/Source/portable/GCC/ARM_CM3/port.o
                0x08003f74                xPortSysTickHandler
 .text.vPortSetupTimerInterrupt
                0x08003f98       0x2c Middlewares/Third_Party/FreeRTOS/Source/portable/GCC/ARM_CM3/port.o
                0x08003f98                vPortSetupTimerInterrupt
 .text.xPortStartScheduler
                0x08003fc4       0x90 Middlewares/Third_Party/FreeRTOS/Source/portable/GCC/ARM_CM3/port.o
                0x08003fc4                xPortStartScheduler
 .text.vPortValidateInterruptPriority
                0x08004054       0x40 Middlewares/Third_Party/FreeRTOS/Source/portable/GCC/ARM_CM3/port.o
                0x08004054                vPortValidateInterruptPriority
 .text.prvInsertBlockIntoFreeList
                0x08004094       0x54 Middlewares/Third_Party/FreeRTOS/Source/portable/MemMang/heap_4.o
 .text.pvPortMalloc
                0x080040e8      0x114 Middlewares/Third_Party/FreeRTOS/Source/portable/MemMang/heap_4.o
                0x080040e8                pvPortMalloc
 .text.vPortFree
                0x080041fc       0x5c Middlewares/Third_Party/FreeRTOS/Source/portable/MemMang/heap_4.o
                0x080041fc                vPortFree
 .text.MX_ADC1_Init
                0x08004258       0x54 Src/adc.o
                0x08004258                MX_ADC1_Init
 .text.HAL_ADC_MspInit
                0x080042ac       0x40 Src/adc.o
                0x080042ac                HAL_ADC_MspInit
 .text.initAnalogMeasurement
                0x080042ec       0x38 Src/analog.o
                0x080042ec                initAnalogMeasurement
 .text.getAnalogValue
                0x08004324       0xd0 Src/analog.o
                0x08004324                getAnalogValue
 .text.DHT22_SetPinOUT
                0x080043f4       0x2c Src/dht22.o
                0x080043f4                DHT22_SetPinOUT
 .text.DHT22_Init
                0x08004420       0x3c Src/dht22.o
                0x08004420                DHT22_Init
 .text.DHT22_InitiateTransfer
                0x0800445c       0x70 Src/dht22.o
                0x0800445c                DHT22_InitiateTransfer
 .text.DHT22_InterruptHandler
                0x080044cc      0x138 Src/dht22.o
                0x080044cc                DHT22_InterruptHandler
 .text.DHT22_ReadData
                0x08004604       0x30 Src/dht22.o
                0x08004604                DHT22_ReadData
 .text.getDHT22_Humidity
                0x08004634       0x20 Src/dht22.o
                0x08004634                getDHT22_Humidity
 .text.StartDefaultTask
                0x08004654        0xc Src/freertos.o
                0x08004654                StartDefaultTask
 .text.vApplicationStackOverflowHook
                0x08004660       0x40 Src/freertos.o
                0x08004660                vApplicationStackOverflowHook
 .text.MX_FREERTOS_Init
                0x080046a0      0x100 Src/freertos.o
                0x080046a0                MX_FREERTOS_Init
 .text.MX_GPIO_Init
                0x080047a0       0xf8 Src/gpio.o
                0x080047a0                MX_GPIO_Init
 .text.getFrequencyOfChannel
                0x08004898        0xc Src/isr_moisture.o
                0x08004898                getFrequencyOfChannel
 .text.resetFrequencyOfChannel
                0x080048a4       0x10 Src/isr_moisture.o
                0x080048a4                resetFrequencyOfChannel
 .text.moisture_TIM3_IC_CaptureCallback
                0x080048b4       0x88 Src/isr_moisture.o
                0x080048b4                moisture_TIM3_IC_CaptureCallback
 .text.setPulseStepDown
                0x0800493c        0xc Src/isr_motor.o
                0x0800493c                setPulseStepDown
 .text.setPulseStepUp
                0x08004948        0xc Src/isr_motor.o
                0x08004948                setPulseStepUp
 .text.setPulse
                0x08004954       0x20 Src/isr_motor.o
                0x08004954                setPulse
 .text.setState
                0x08004974        0xc Src/isr_motor.o
                0x08004974                setState
 .text.getState
                0x08004980        0xc Src/isr_motor.o
                0x08004980                getState
 .text.motor_TIM2_PeriodElapsedCallback
                0x0800498c       0x70 Src/isr_motor.o
                0x0800498c                motor_TIM2_PeriodElapsedCallback
 .text.MX_IWDG_Init
                0x080049fc       0x2c Src/iwdg.o
                0x080049fc                MX_IWDG_Init
 .text.SystemClock_Config
                0x08004a28       0x8c Src/main.o
                0x08004a28                SystemClock_Config
 .text.startup.main
                0x08004ab4       0x60 Src/main.o
                0x08004ab4                main
 .text.HAL_TIM_IC_CaptureCallback
                0x08004b14       0x1c Src/main.o
                0x08004b14                HAL_TIM_IC_CaptureCallback
 .text.HAL_TIM_PeriodElapsedCallback
                0x08004b30       0x1c Src/main.o
                0x08004b30                HAL_TIM_PeriodElapsedCallback
 .text.Error_Handler
                0x08004b4c        0x4 Src/main.o
                0x08004b4c                Error_Handler
 .text.initMoistureMeasure
                0x08004b50       0x44 Src/moistureMeasure.o
                0x08004b50                initMoistureMeasure
 .text.StartTimer
                0x08004b94       0x3c Src/moistureMeasure.o
                0x08004b94                StartTimer
 .text.StopTimer
                0x08004bd0       0x3c Src/moistureMeasure.o
                0x08004bd0                StopTimer
 .text.stopSensorCapture
                0x08004c0c       0x38 Src/moistureMeasure.o
                0x08004c0c                stopSensorCapture
 .text.startSensorCapture
                0x08004c44       0x58 Src/moistureMeasure.o
                0x08004c44                startSensorCapture
 .text.getSensorFrequency
                0x08004c9c       0x2c Src/moistureMeasure.o
                0x08004c9c                getSensorFrequency
 .text.MoistureTask
                0x08004cc8       0x14 Src/moistureMeasure.o
                0x08004cc8                MoistureTask
 .text.motTask100ms.part.0
                0x08004cdc       0xcc Src/motors.o
 .text.motControlStart
                0x08004da8      0x148 Src/motors.o
                0x08004da8                motControlStart
 .text.initMotorControl
                0x08004ef0       0x5c Src/motors.o
                0x08004ef0                initMotorControl
 .text.procMotor
                0x08004f4c       0xe4 Src/motors.o
                0x08004f4c                procMotor
 .text.long_itoa
                0x08005030       0xd4 Src/printf.o
                0x08005030                long_itoa
 .text.vfprintf_
                0x08005104      0x11c Src/printf.o
 .text.printf_  0x08005220       0x28 Src/printf.o
                0x08005220                printf_
 .text.InitRelais
                0x08005248       0x20 Src/relais.o
                0x08005248                InitRelais
 .text.SetRelais
                0x08005268       0x40 Src/relais.o
                0x08005268                SetRelais
 .text.ClearRelais
                0x080052a8       0x40 Src/relais.o
                0x080052a8                ClearRelais
 .text.IsRelaisSet
                0x080052e8       0x30 Src/relais.o
                0x080052e8                IsRelaisSet
 .text.procSensor
                0x08005318      0x118 Src/sensor.o
                0x08005318                procSensor
 .text.SetSensorChannel
                0x08005430       0xec Src/sensor.o
                0x08005430                SetSensorChannel
 .text.ClearSensorChannel
                0x0800551c       0x10 Src/sensor.o
                0x0800551c                ClearSensorChannel
 .text.InitSensors
                0x0800552c       0x54 Src/sensor.o
                0x0800552c                InitSensors
 .text.MX_SPI1_Init
                0x08005580       0x44 Src/spi.o
                0x08005580                MX_SPI1_Init
 .text.HAL_SPI_MspInit
                0x080055c4       0x68 Src/spi.o
                0x080055c4                HAL_SPI_MspInit
 .text.HAL_SPI_MspDeInit
                0x0800562c       0x34 Src/spi.o
                0x0800562c                HAL_SPI_MspDeInit
 .text.initSpi  0x08005660       0x58 Src/spicomm.o
                0x08005660                initSpi
 .text.SpiSend  0x080056b8       0x68 Src/spicomm.o
                0x080056b8                SpiSend
 .text.procSpiBroker
                0x08005720      0x1e8 Src/spicomm.o
                0x08005720                procSpiBroker
 .text.HAL_SPI_ErrorCallback
                0x08005908       0xc4 Src/spicomm.o
                0x08005908                HAL_SPI_ErrorCallback
 .text.HAL_SPI_RxCpltCallback
                0x080059cc       0x88 Src/spicomm.o
                0x080059cc                HAL_SPI_RxCpltCallback
 .text.HAL_SPI_TxCpltCallback
                0x08005a54       0x4c Src/spicomm.o
                0x08005a54                HAL_SPI_TxCpltCallback
 .text.HAL_SPI_TxRxCpltCallback
                0x08005aa0       0x20 Src/spicomm.o
                0x08005aa0                HAL_SPI_TxRxCpltCallback
 .text.Reset_Handler
                0x08005ac0       0x44 Src/startup_stm32f103xb.o
                0x08005ac0                Reset_Handler
 .text.Default_Handler
                0x08005b04        0x2 Src/startup_stm32f103xb.o
                0x08005b04                RTC_Alarm_IRQHandler
                0x08005b04                EXTI2_IRQHandler
                0x08005b04                TIM1_CC_IRQHandler
                0x08005b04                PVD_IRQHandler
                0x08005b04                EXTI3_IRQHandler
                0x08005b04                EXTI0_IRQHandler
                0x08005b04                I2C2_EV_IRQHandler
                0x08005b04                TAMPER_IRQHandler
                0x08005b04                DMA1_Channel4_IRQHandler
                0x08005b04                USART3_IRQHandler
                0x08005b04                RTC_IRQHandler
                0x08005b04                DMA1_Channel7_IRQHandler
                0x08005b04                CAN1_RX1_IRQHandler
                0x08005b04                TIM4_IRQHandler
                0x08005b04                I2C1_EV_IRQHandler
                0x08005b04                DMA1_Channel6_IRQHandler
                0x08005b04                RCC_IRQHandler
                0x08005b04                TIM1_TRG_COM_IRQHandler
                0x08005b04                DMA1_Channel1_IRQHandler
                0x08005b04                Default_Handler
                0x08005b04                EXTI15_10_IRQHandler
                0x08005b04                EXTI9_5_IRQHandler
                0x08005b04                SPI2_IRQHandler
                0x08005b04                DMA1_Channel5_IRQHandler
                0x08005b04                EXTI4_IRQHandler
                0x08005b04                USB_LP_CAN1_RX0_IRQHandler
                0x08005b04                USB_HP_CAN1_TX_IRQHandler
                0x08005b04                DMA1_Channel3_IRQHandler
                0x08005b04                WWDG_IRQHandler
                0x08005b04                TIM1_BRK_IRQHandler
                0x08005b04                EXTI1_IRQHandler
                0x08005b04                USART2_IRQHandler
                0x08005b04                I2C2_ER_IRQHandler
                0x08005b04                DMA1_Channel2_IRQHandler
                0x08005b04                CAN1_SCE_IRQHandler
                0x08005b04                FLASH_IRQHandler
                0x08005b04                I2C1_ER_IRQHandler
                0x08005b04                USBWakeUp_IRQHandler
 *fill*         0x08005b06        0x2 
 .text.HAL_MspInit
                0x08005b08       0x90 Src/stm32f1xx_hal_msp.o
                0x08005b08                HAL_MspInit
 .text.HAL_InitTick
                0x08005b98       0x7c Src/stm32f1xx_hal_timebase_TIM.o
                0x08005b98                HAL_InitTick
 .text.NMI_Handler
                0x08005c14        0x4 Src/stm32f1xx_it.o
                0x08005c14                NMI_Handler
 .text.HardFault_Handler
                0x08005c18       0x3c Src/stm32f1xx_it.o
                0x08005c18                HardFault_Handler
 .text.MemManage_Handler
                0x08005c54        0x4 Src/stm32f1xx_it.o
                0x08005c54                MemManage_Handler
 .text.BusFault_Handler
                0x08005c58        0x4 Src/stm32f1xx_it.o
                0x08005c58                BusFault_Handler
 .text.UsageFault_Handler
                0x08005c5c        0x4 Src/stm32f1xx_it.o
                0x08005c5c                UsageFault_Handler
 .text.DebugMon_Handler
                0x08005c60        0x4 Src/stm32f1xx_it.o
                0x08005c60                DebugMon_Handler
 .text.SysTick_Handler
                0x08005c64        0x4 Src/stm32f1xx_it.o
                0x08005c64                SysTick_Handler
 .text.ADC1_2_IRQHandler
                0x08005c68        0xc Src/stm32f1xx_it.o
                0x08005c68                ADC1_2_IRQHandler
 .text.TIM1_UP_IRQHandler
                0x08005c74        0xc Src/stm32f1xx_it.o
                0x08005c74                TIM1_UP_IRQHandler
 .text.TIM2_IRQHandler
                0x08005c80        0xc Src/stm32f1xx_it.o
                0x08005c80                TIM2_IRQHandler
 .text.TIM3_IRQHandler
                0x08005c8c        0xc Src/stm32f1xx_it.o
                0x08005c8c                TIM3_IRQHandler
 .text.SPI1_IRQHandler
                0x08005c98        0xc Src/stm32f1xx_it.o
                0x08005c98                SPI1_IRQHandler
 .text.USART1_IRQHandler
                0x08005ca4        0xc Src/stm32f1xx_it.o
                0x08005ca4                USART1_IRQHandler
 .text.putc_    0x08005cb0       0x20 Src/stuff.o
                0x08005cb0                putc_
 .text.SystemInit
                0x08005cd0       0x50 Src/system_stm32f1xx.o
                0x08005cd0                SystemInit
 .text.HAL_TIM_MspPostInit.part.0
                0x08005d20       0x20 Src/tim.o
 .text.MX_TIM2_Init
                0x08005d40       0xd8 Src/tim.o
                0x08005d40                MX_TIM2_Init
 .text.MX_TIM3_Init
                0x08005e18       0x6c Src/tim.o
                0x08005e18                MX_TIM3_Init
 .text.HAL_TIM_Base_MspInit
                0x08005e84       0x40 Src/tim.o
                0x08005e84                HAL_TIM_Base_MspInit
 .text.HAL_TIM_IC_MspInit
                0x08005ec4       0x44 Src/tim.o
                0x08005ec4                HAL_TIM_IC_MspInit
 .text.MX_USART1_UART_Init
                0x08005f08       0x38 Src/usart.o
                0x08005f08                MX_USART1_UART_Init
 .text.HAL_UART_MspInit
                0x08005f40       0x6c Src/usart.o
                0x08005f40                HAL_UART_MspInit
 .text.memcpy   0x08005fac       0x16 /home/micha/Ac6/SystemWorkbench/plugins/fr.ac6.mcu.externaltools.arm-none.linux64_1.11.0.201610101240/tools/gcc-arm-none-eabi-5_4-2016q2/bin/../lib/gcc/arm-none-eabi/5.4.1/../../../../arm-none-eabi/lib/armv7-m/libc_nano.a(lib_a-memcpy-stub.o)
                0x08005fac                memcpy
 *(.glue_7)
 .glue_7        0x08005fc2        0x0 linker stubs
 *(.glue_7t)
 .glue_7t       0x08005fc2        0x0 linker stubs
 *(.eh_frame)
 *fill*         0x08005fc2        0x2 
 .eh_frame      0x08005fc4        0x0 /home/micha/Ac6/SystemWorkbench/plugins/fr.ac6.mcu.externaltools.arm-none.linux64_1.11.0.201610101240/tools/gcc-arm-none-eabi-5_4-2016q2/bin/../lib/gcc/arm-none-eabi/5.4.1/armv7-m/crtbegin.o
 *(.init)
 .init          0x08005fc4        0x4 /home/micha/Ac6/SystemWorkbench/plugins/fr.ac6.mcu.externaltools.arm-none.linux64_1.11.0.201610101240/tools/gcc-arm-none-eabi-5_4-2016q2/bin/../lib/gcc/arm-none-eabi/5.4.1/armv7-m/crti.o
                0x08005fc4                _init
 .init          0x08005fc8        0x8 /home/micha/Ac6/SystemWorkbench/plugins/fr.ac6.mcu.externaltools.arm-none.linux64_1.11.0.201610101240/tools/gcc-arm-none-eabi-5_4-2016q2/bin/../lib/gcc/arm-none-eabi/5.4.1/armv7-m/crtn.o
 *(.fini)
 .fini          0x08005fd0        0x4 /home/micha/Ac6/SystemWorkbench/plugins/fr.ac6.mcu.externaltools.arm-none.linux64_1.11.0.201610101240/tools/gcc-arm-none-eabi-5_4-2016q2/bin/../lib/gcc/arm-none-eabi/5.4.1/armv7-m/crti.o
                0x08005fd0                _fini
 .fini          0x08005fd4        0x8 /home/micha/Ac6/SystemWorkbench/plugins/fr.ac6.mcu.externaltools.arm-none.linux64_1.11.0.201610101240/tools/gcc-arm-none-eabi-5_4-2016q2/bin/../lib/gcc/arm-none-eabi/5.4.1/armv7-m/crtn.o
                0x08005fdc                . = ALIGN (0x4)
                0x08005fdc                _etext = .

.vfp11_veneer   0x08005fdc        0x0
 .vfp11_veneer  0x08005fdc        0x0 linker stubs

.v4_bx          0x08005fdc        0x0
 .v4_bx         0x08005fdc        0x0 linker stubs

.iplt           0x08005fdc        0x0
 .iplt          0x08005fdc        0x0 /home/micha/Ac6/SystemWorkbench/plugins/fr.ac6.mcu.externaltools.arm-none.linux64_1.11.0.201610101240/tools/gcc-arm-none-eabi-5_4-2016q2/bin/../lib/gcc/arm-none-eabi/5.4.1/armv7-m/crtbegin.o

.rodata         0x08005fdc      0x558
                0x08005fdc                . = ALIGN (0x4)
 *(.rodata)
 .rodata        0x08005fdc       0x12 Drivers/STM32F1xx_HAL_Driver/Src/stm32f1xx_hal_rcc.o
 *fill*         0x08005fee        0x2 
 .rodata        0x08005ff0       0x12 Drivers/STM32F1xx_HAL_Driver/Src/stm32f1xx_hal_rcc_ex.o
 *fill*         0x08006002        0x2 
 .rodata        0x08006004       0x27 Src/analog.o
 *fill*         0x0800602b        0x1 
 .rodata        0x0800602c       0x70 Src/freertos.o
 .rodata        0x0800609c       0x16 Src/moistureMeasure.o
 *fill*         0x080060b2        0x2 
 .rodata        0x080060b4       0x2e Src/motors.o
                0x080060c4                os_messageQ_def_motorCtrlQueue
                0x080060cc                os_pool_def_motorCtrlPool
 *fill*         0x080060e2        0x2 
 .rodata        0x080060e4        0xa Src/relais.o
                0x080060e4                _pinList
 *fill*         0x080060ee        0x2 
 .rodata        0x080060f0       0x20 Src/sensor.o
                0x080060fc                os_messageQ_def__sensorQueue
                0x08006104                os_pool_def__sensorPool
 .rodata        0x08006110       0x7f Src/spicomm.o
                0x08006110                os_messageQ_def__spiSendQueue
                0x08006118                os_messageQ_def__spiRecvQueue
                0x08006120                os_pool_def__spiSendPool
                0x0800612c                os_pool_def__spiRecvPool
 *fill*         0x0800618f        0x1 
 .rodata        0x08006190       0x12 Src/stm32f1xx_it.o
 *fill*         0x080061a2        0x2 
 .rodata        0x080061a4       0x18 Src/system_stm32f1xx.o
                0x080061a4                AHBPrescTable
                0x080061b4                APBPrescTable
 *(.rodata*)
 .rodata.str1.4
                0x080061bc        0x5 Middlewares/Third_Party/FreeRTOS/Source/tasks.o
 *fill*         0x080061c1        0x3 
 .rodata.str1.4
                0x080061c4       0x4c Src/analog.o
 .rodata.str1.4
                0x08006210       0x2a Src/dht22.o
 *fill*         0x0800623a        0x2 
 .rodata.str1.4
                0x0800623c       0xb4 Src/freertos.o
                                 0xc0 (size before relaxing)
 .rodata.str1.4
                0x080062f0       0x49 Src/moistureMeasure.o
                                 0x79 (size before relaxing)
 *fill*         0x08006339        0x3 
 .rodata.str1.4
                0x0800633c      0x10c Src/motors.o
                                0x144 (size before relaxing)
 .rodata.str1.4
                0x08006448        0x7 Src/relais.o
                                 0x2a (size before relaxing)
 *fill*         0x0800644f        0x1 
 .rodata.str1.4
                0x08006450       0x1c Src/sensor.o
                                 0x5e (size before relaxing)
 .rodata.str1.4
                0x0800646c       0xbc Src/spicomm.o
                                0x114 (size before relaxing)
 .rodata.str1.4
                0x08006528        0xc Src/stm32f1xx_it.o
                                 0x17 (size before relaxing)
                0x08006534                . = ALIGN (0x4)

.rel.dyn        0x08006534        0x0
 .rel.iplt      0x08006534        0x0 /home/micha/Ac6/SystemWorkbench/plugins/fr.ac6.mcu.externaltools.arm-none.linux64_1.11.0.201610101240/tools/gcc-arm-none-eabi-5_4-2016q2/bin/../lib/gcc/arm-none-eabi/5.4.1/armv7-m/crtbegin.o

.ARM.extab
 *(.ARM.extab* .gnu.linkonce.armextab.*)

.ARM            0x08006534        0x0
                0x08006534                __exidx_start = .
 *(.ARM.exidx*)
                0x08006534                __exidx_end = .

.preinit_array  0x08006534        0x0
                0x08006534                PROVIDE (__preinit_array_start, .)
 *(.preinit_array*)
                0x08006534                PROVIDE (__preinit_array_end, .)

.init_array     0x08006534        0x4
                0x08006534                PROVIDE (__init_array_start, .)
 *(SORT(.init_array.*))
 *(.init_array*)
 .init_array    0x08006534        0x4 /home/micha/Ac6/SystemWorkbench/plugins/fr.ac6.mcu.externaltools.arm-none.linux64_1.11.0.201610101240/tools/gcc-arm-none-eabi-5_4-2016q2/bin/../lib/gcc/arm-none-eabi/5.4.1/armv7-m/crtbegin.o
                0x08006538                PROVIDE (__init_array_end, .)

.fini_array     0x08006538        0x4
                [!provide]                PROVIDE (__fini_array_start, .)
 *(SORT(.fini_array.*))
 *(.fini_array*)
 .fini_array    0x08006538        0x4 /home/micha/Ac6/SystemWorkbench/plugins/fr.ac6.mcu.externaltools.arm-none.linux64_1.11.0.201610101240/tools/gcc-arm-none-eabi-5_4-2016q2/bin/../lib/gcc/arm-none-eabi/5.4.1/armv7-m/crtbegin.o
                [!provide]                PROVIDE (__fini_array_end, .)
                0x0800653c                _sidata = LOADADDR (.data)

.data           0x20000000       0x2c load address 0x0800653c
                0x20000000                . = ALIGN (0x4)
                0x20000000                _sdata = .
 *(.data)
 .data          0x20000000        0x4 Middlewares/Third_Party/FreeRTOS/Source/portable/GCC/ARM_CM3/port.o
 .data          0x20000004        0x4 Src/moistureMeasure.o
                0x20000004                TimerChannel
 .data          0x20000008        0x9 Src/motors.o
 *fill*         0x20000011        0x3 
 .data          0x20000014       0x14 Src/relais.o
                0x20000014                _portList
 .data          0x20000028        0x4 Src/system_stm32f1xx.o
                0x20000028                SystemCoreClock
 *(.data*)
                0x2000002c                . = ALIGN (0x4)
                0x2000002c                _edata = .

.jcr            0x2000002c        0x0 load address 0x08006568
 .jcr           0x2000002c        0x0 /home/micha/Ac6/SystemWorkbench/plugins/fr.ac6.mcu.externaltools.arm-none.linux64_1.11.0.201610101240/tools/gcc-arm-none-eabi-5_4-2016q2/bin/../lib/gcc/arm-none-eabi/5.4.1/armv7-m/crtbegin.o

.igot.plt       0x2000002c        0x0 load address 0x08006568
 .igot.plt      0x2000002c        0x0 /home/micha/Ac6/SystemWorkbench/plugins/fr.ac6.mcu.externaltools.arm-none.linux64_1.11.0.201610101240/tools/gcc-arm-none-eabi-5_4-2016q2/bin/../lib/gcc/arm-none-eabi/5.4.1/armv7-m/crtbegin.o
                0x2000002c                . = ALIGN (0x4)

.bss            0x2000002c     0x23d8 load address 0x08006568
                0x2000002c                _sbss = .
                0x2000002c                __bss_start__ = _sbss
 *(.bss)
 .bss           0x2000002c       0x1c /home/micha/Ac6/SystemWorkbench/plugins/fr.ac6.mcu.externaltools.arm-none.linux64_1.11.0.201610101240/tools/gcc-arm-none-eabi-5_4-2016q2/bin/../lib/gcc/arm-none-eabi/5.4.1/armv7-m/crtbegin.o
 .bss           0x20000048        0x4 Drivers/STM32F1xx_HAL_Driver/Src/stm32f1xx_hal.o
 .bss           0x2000004c        0x1 Drivers/STM32F1xx_HAL_Driver/Src/stm32f1xx_hal_spi_ex.o
                0x2000004c                uCRCErrorWorkaroundCheck
 *fill*         0x2000004d        0x3 
 .bss           0x20000050      0x128 Middlewares/Third_Party/FreeRTOS/Source/tasks.o
                0x20000080                pxCurrentTCB
 .bss           0x20000178        0x8 Middlewares/Third_Party/FreeRTOS/Source/portable/GCC/ARM_CM3/port.o
 .bss           0x20000180     0x2018 Middlewares/Third_Party/FreeRTOS/Source/portable/MemMang/heap_4.o
 .bss           0x20002198       0x14 Src/isr_moisture.o
                0x20002198                TIM1Freq
                0x2000219c                Capture
                0x200021a0                CaptureNumber
                0x200021a4                IC3ReadValue1
                0x200021a8                IC3ReadValue2
 .bss           0x200021ac        0x8 Src/moistureMeasure.o
                0x200021ac                stateRegister
                0x200021b0                activeChannel
 .bss           0x200021b4        0xc Src/motors.o
 .bss           0x200021c0       0x18 Src/spicomm.o
                0x200021d0                recv
                0x200021d4                send
 *(.bss*)
 *(COMMON)
 COMMON         0x200021d8       0x30 Src/adc.o
                0x200021d8                hadc1
 COMMON         0x20002208        0x4 Src/analog.o
                0x20002208                _adc
 COMMON         0x2000220c       0x40 Src/dht22.o
                0x2000220c                dht
 COMMON         0x2000224c       0x18 Src/freertos.o
                0x2000224c                defaultTaskHandle
                0x20002250                AliveTickerHandle
                0x20002254                MotorHandle
                0x20002258                WatchdogHandle
                0x2000225c                SpiBrokerHandle
                0x20002260                SensorHandle
 COMMON         0x20002264       0x14 Src/isr_motor.o
                0x20002264                isrState
                0x20002268                newPulseLength
                0x2000226c                stepPulseDown
                0x20002270                maxPulseLength
                0x20002274                stepPulseUp
 COMMON         0x20002278       0x10 Src/iwdg.o
                0x20002278                hiwdg
 COMMON         0x20002288       0x18 Src/moistureMeasure.o
                0x20002288                frequency
                0x2000229c                ptrTimer3Ref
 COMMON         0x200022a0        0x8 Src/motors.o
                0x200022a0                motorCtrlQueue
                0x200022a4                motorCtrlPool
 COMMON         0x200022a8       0x10 Src/sensor.o
                0x200022a8                sensorPool
                0x200022ac                sensorConfig
                0x200022b4                sensorQueue
 COMMON         0x200022b8       0x58 Src/spi.o
                0x200022b8                hspi1
 COMMON         0x20002310       0x3c Src/stm32f1xx_hal_timebase_TIM.o
                0x20002310                htim1
 COMMON         0x2000234c       0x78 Src/tim.o
                0x2000234c                htim3
                0x20002388                htim2
 COMMON         0x200023c4       0x40 Src/usart.o
                0x200023c4                huart1
                0x20002404                . = ALIGN (0x4)
                0x20002404                _ebss = .
                0x20002404                __bss_end__ = _ebss

._user_heap_stack
                0x20002404     0x2404 load address 0x08006568
                0x20002408                . = ALIGN (0x8)
 *fill*         0x20002404        0x4 
                [!provide]                PROVIDE (end, .)
                0x20002408                PROVIDE (_end, .)
                0x20004408                . = (. + _Min_Heap_Size)
 *fill*         0x20002408     0x2000 
                0x20004808                . = (. + _Min_Stack_Size)
 *fill*         0x20004408      0x400 
                0x20004808                . = ALIGN (0x8)

/DISCARD/
 libc.a(*)
 libm.a(*)
 libgcc.a(*)

.ARM.attributes
                0x00000000       0x29
 *(.ARM.attributes)
 .ARM.attributes
                0x00000000       0x1d /home/micha/Ac6/SystemWorkbench/plugins/fr.ac6.mcu.externaltools.arm-none.linux64_1.11.0.201610101240/tools/gcc-arm-none-eabi-5_4-2016q2/bin/../lib/gcc/arm-none-eabi/5.4.1/armv7-m/crti.o
 .ARM.attributes
                0x0000001d       0x2d /home/micha/Ac6/SystemWorkbench/plugins/fr.ac6.mcu.externaltools.arm-none.linux64_1.11.0.201610101240/tools/gcc-arm-none-eabi-5_4-2016q2/bin/../lib/gcc/arm-none-eabi/5.4.1/armv7-m/crtbegin.o
 .ARM.attributes
                0x0000004a       0x33 Drivers/STM32F1xx_HAL_Driver/Src/stm32f1xx_hal.o
 .ARM.attributes
                0x0000007d       0x33 Drivers/STM32F1xx_HAL_Driver/Src/stm32f1xx_hal_adc.o
 .ARM.attributes
                0x000000b0       0x33 Drivers/STM32F1xx_HAL_Driver/Src/stm32f1xx_hal_adc_ex.o
 .ARM.attributes
                0x000000e3       0x33 Drivers/STM32F1xx_HAL_Driver/Src/stm32f1xx_hal_cortex.o
 .ARM.attributes
                0x00000116       0x33 Drivers/STM32F1xx_HAL_Driver/Src/stm32f1xx_hal_gpio.o
 .ARM.attributes
                0x00000149       0x33 Drivers/STM32F1xx_HAL_Driver/Src/stm32f1xx_hal_iwdg.o
 .ARM.attributes
                0x0000017c       0x33 Drivers/STM32F1xx_HAL_Driver/Src/stm32f1xx_hal_rcc.o
 .ARM.attributes
                0x000001af       0x33 Drivers/STM32F1xx_HAL_Driver/Src/stm32f1xx_hal_rcc_ex.o
 .ARM.attributes
                0x000001e2       0x33 Drivers/STM32F1xx_HAL_Driver/Src/stm32f1xx_hal_spi.o
 .ARM.attributes
                0x00000215       0x33 Drivers/STM32F1xx_HAL_Driver/Src/stm32f1xx_hal_spi_ex.o
 .ARM.attributes
                0x00000248       0x33 Drivers/STM32F1xx_HAL_Driver/Src/stm32f1xx_hal_tim.o
 .ARM.attributes
                0x0000027b       0x33 Drivers/STM32F1xx_HAL_Driver/Src/stm32f1xx_hal_tim_ex.o
 .ARM.attributes
                0x000002ae       0x33 Drivers/STM32F1xx_HAL_Driver/Src/stm32f1xx_hal_uart.o
 .ARM.attributes
                0x000002e1       0x33 Middlewares/Third_Party/FreeRTOS/Source/CMSIS_RTOS/cmsis_os.o
 .ARM.attributes
                0x00000314       0x33 Middlewares/Third_Party/FreeRTOS/Source/list.o
 .ARM.attributes
                0x00000347       0x33 Middlewares/Third_Party/FreeRTOS/Source/queue.o
 .ARM.attributes
                0x0000037a       0x33 Middlewares/Third_Party/FreeRTOS/Source/tasks.o
 .ARM.attributes
                0x000003ad       0x33 Middlewares/Third_Party/FreeRTOS/Source/portable/GCC/ARM_CM3/port.o
 .ARM.attributes
                0x000003e0       0x33 Middlewares/Third_Party/FreeRTOS/Source/portable/MemMang/heap_4.o
 .ARM.attributes
                0x00000413       0x33 Src/adc.o
 .ARM.attributes
                0x00000446       0x33 Src/analog.o
 .ARM.attributes
                0x00000479       0x33 Src/dht22.o
 .ARM.attributes
                0x000004ac       0x33 Src/freertos.o
 .ARM.attributes
                0x000004df       0x33 Src/gpio.o
 .ARM.attributes
                0x00000512       0x33 Src/isr_moisture.o
 .ARM.attributes
                0x00000545       0x33 Src/isr_motor.o
 .ARM.attributes
                0x00000578       0x33 Src/iwdg.o
 .ARM.attributes
                0x000005ab       0x33 Src/main.o
 .ARM.attributes
                0x000005de       0x33 Src/moistureMeasure.o
 .ARM.attributes
                0x00000611       0x33 Src/motors.o
 .ARM.attributes
                0x00000644       0x33 Src/printf.o
 .ARM.attributes
                0x00000677       0x33 Src/relais.o
 .ARM.attributes
                0x000006aa       0x33 Src/sensor.o
 .ARM.attributes
                0x000006dd       0x33 Src/spi.o
 .ARM.attributes
                0x00000710       0x33 Src/spicomm.o
 .ARM.attributes
                0x00000743       0x21 Src/startup_stm32f103xb.o
 .ARM.attributes
                0x00000764       0x33 Src/stm32f1xx_hal_msp.o
 .ARM.attributes
                0x00000797       0x33 Src/stm32f1xx_hal_timebase_TIM.o
 .ARM.attributes
                0x000007ca       0x33 Src/stm32f1xx_it.o
 .ARM.attributes
                0x000007fd       0x33 Src/stuff.o
 .ARM.attributes
                0x00000830       0x33 Src/system_stm32f1xx.o
 .ARM.attributes
                0x00000863       0x33 Src/tim.o
 .ARM.attributes
                0x00000896       0x33 Src/usart.o
 .ARM.attributes
                0x000008c9       0x2d /home/micha/Ac6/SystemWorkbench/plugins/fr.ac6.mcu.externaltools.arm-none.linux64_1.11.0.201610101240/tools/gcc-arm-none-eabi-5_4-2016q2/bin/../lib/gcc/arm-none-eabi/5.4.1/../../../../arm-none-eabi/lib/armv7-m/libc_nano.a(lib_a-memcpy-stub.o)
 .ARM.attributes
                0x000008f6       0x1d /home/micha/Ac6/SystemWorkbench/plugins/fr.ac6.mcu.externaltools.arm-none.linux64_1.11.0.201610101240/tools/gcc-arm-none-eabi-5_4-2016q2/bin/../lib/gcc/arm-none-eabi/5.4.1/armv7-m/crtn.o
OUTPUT(WaterCtrl_v1.elf elf32-littlearm)

.debug_info     0x00000000    0x1e23d
 .debug_info    0x00000000      0x686 Drivers/STM32F1xx_HAL_Driver/Src/stm32f1xx_hal.o
 .debug_info    0x00000686      0xf9c Drivers/STM32F1xx_HAL_Driver/Src/stm32f1xx_hal_adc.o
 .debug_info    0x00001622      0xc4b Drivers/STM32F1xx_HAL_Driver/Src/stm32f1xx_hal_adc_ex.o
 .debug_info    0x0000226d      0xc2b Drivers/STM32F1xx_HAL_Driver/Src/stm32f1xx_hal_cortex.o
 .debug_info    0x00002e98      0x60f Drivers/STM32F1xx_HAL_Driver/Src/stm32f1xx_hal_gpio.o
 .debug_info    0x000034a7      0x33b Drivers/STM32F1xx_HAL_Driver/Src/stm32f1xx_hal_iwdg.o
 .debug_info    0x000037e2     0x1219 Drivers/STM32F1xx_HAL_Driver/Src/stm32f1xx_hal_rcc.o
 .debug_info    0x000049fb      0x577 Drivers/STM32F1xx_HAL_Driver/Src/stm32f1xx_hal_rcc_ex.o
 .debug_info    0x00004f72     0x1458 Drivers/STM32F1xx_HAL_Driver/Src/stm32f1xx_hal_spi.o
 .debug_info    0x000063ca      0x5a6 Drivers/STM32F1xx_HAL_Driver/Src/stm32f1xx_hal_spi_ex.o
 .debug_info    0x00006970     0x30a9 Drivers/STM32F1xx_HAL_Driver/Src/stm32f1xx_hal_tim.o
 .debug_info    0x00009a19     0x1051 Drivers/STM32F1xx_HAL_Driver/Src/stm32f1xx_hal_tim_ex.o
 .debug_info    0x0000aa6a      0xff9 Drivers/STM32F1xx_HAL_Driver/Src/stm32f1xx_hal_uart.o
 .debug_info    0x0000ba63     0x1bd6 Middlewares/Third_Party/FreeRTOS/Source/CMSIS_RTOS/cmsis_os.o
 .debug_info    0x0000d639      0x2a3 Middlewares/Third_Party/FreeRTOS/Source/list.o
 .debug_info    0x0000d8dc     0x1345 Middlewares/Third_Party/FreeRTOS/Source/queue.o
 .debug_info    0x0000ec21     0x2069 Middlewares/Third_Party/FreeRTOS/Source/tasks.o
 .debug_info    0x00010c8a      0x3e3 Middlewares/Third_Party/FreeRTOS/Source/portable/GCC/ARM_CM3/port.o
 .debug_info    0x0001106d      0x41b Middlewares/Third_Party/FreeRTOS/Source/portable/MemMang/heap_4.o
 .debug_info    0x00011488      0x8e7 Src/adc.o
 .debug_info    0x00011d6f      0x8a9 Src/analog.o
 .debug_info    0x00012618      0xdb0 Src/dht22.o
 .debug_info    0x000133c8      0xb69 Src/freertos.o
 .debug_info    0x00013f31      0x3da Src/gpio.o
 .debug_info    0x0001430b      0x5ac Src/isr_moisture.o
 .debug_info    0x000148b7      0x668 Src/isr_motor.o
 .debug_info    0x00014f1f      0x27b Src/iwdg.o
 .debug_info    0x0001519a      0xb1a Src/main.o
 .debug_info    0x00015cb4      0xa87 Src/moistureMeasure.o
 .debug_info    0x0001673b     0x1014 Src/motors.o
 .debug_info    0x0001774f      0x2ca Src/printf.o
 .debug_info    0x00017a19      0x3f6 Src/relais.o
 .debug_info    0x00017e0f      0x86d Src/sensor.o
 .debug_info    0x0001867c      0x954 Src/spi.o
 .debug_info    0x00018fd0     0x125c Src/spicomm.o
 .debug_info    0x0001a22c       0x79 Src/startup_stm32f103xb.o
 .debug_info    0x0001a2a5      0x436 Src/stm32f1xx_hal_msp.o
 .debug_info    0x0001a6db      0x8c7 Src/stm32f1xx_hal_timebase_TIM.o
 .debug_info    0x0001afa2      0xd96 Src/stm32f1xx_it.o
 .debug_info    0x0001bd38      0xa91 Src/stuff.o
 .debug_info    0x0001c7c9      0x3eb Src/system_stm32f1xx.o
 .debug_info    0x0001cbb4      0xd9e Src/tim.o
 .debug_info    0x0001d952      0x8eb Src/usart.o

.debug_abbrev   0x00000000     0x5b6b
 .debug_abbrev  0x00000000      0x22f Drivers/STM32F1xx_HAL_Driver/Src/stm32f1xx_hal.o
 .debug_abbrev  0x0000022f      0x2cb Drivers/STM32F1xx_HAL_Driver/Src/stm32f1xx_hal_adc.o
 .debug_abbrev  0x000004fa      0x28f Drivers/STM32F1xx_HAL_Driver/Src/stm32f1xx_hal_adc_ex.o
 .debug_abbrev  0x00000789      0x2e2 Drivers/STM32F1xx_HAL_Driver/Src/stm32f1xx_hal_cortex.o
 .debug_abbrev  0x00000a6b      0x1cb Drivers/STM32F1xx_HAL_Driver/Src/stm32f1xx_hal_gpio.o
 .debug_abbrev  0x00000c36      0x182 Drivers/STM32F1xx_HAL_Driver/Src/stm32f1xx_hal_iwdg.o
 .debug_abbrev  0x00000db8      0x2cd Drivers/STM32F1xx_HAL_Driver/Src/stm32f1xx_hal_rcc.o
 .debug_abbrev  0x00001085      0x23e Drivers/STM32F1xx_HAL_Driver/Src/stm32f1xx_hal_rcc_ex.o
 .debug_abbrev  0x000012c3      0x2e4 Drivers/STM32F1xx_HAL_Driver/Src/stm32f1xx_hal_spi.o
 .debug_abbrev  0x000015a7      0x154 Drivers/STM32F1xx_HAL_Driver/Src/stm32f1xx_hal_spi_ex.o
 .debug_abbrev  0x000016fb      0x345 Drivers/STM32F1xx_HAL_Driver/Src/stm32f1xx_hal_tim.o
 .debug_abbrev  0x00001a40      0x29d Drivers/STM32F1xx_HAL_Driver/Src/stm32f1xx_hal_tim_ex.o
 .debug_abbrev  0x00001cdd      0x2c6 Drivers/STM32F1xx_HAL_Driver/Src/stm32f1xx_hal_uart.o
 .debug_abbrev  0x00001fa3      0x37a Middlewares/Third_Party/FreeRTOS/Source/CMSIS_RTOS/cmsis_os.o
 .debug_abbrev  0x0000231d       0xdf Middlewares/Third_Party/FreeRTOS/Source/list.o
 .debug_abbrev  0x000023fc      0x29d Middlewares/Third_Party/FreeRTOS/Source/queue.o
 .debug_abbrev  0x00002699      0x382 Middlewares/Third_Party/FreeRTOS/Source/tasks.o
 .debug_abbrev  0x00002a1b      0x20e Middlewares/Third_Party/FreeRTOS/Source/portable/GCC/ARM_CM3/port.o
 .debug_abbrev  0x00002c29      0x20e Middlewares/Third_Party/FreeRTOS/Source/portable/MemMang/heap_4.o
 .debug_abbrev  0x00002e37      0x1b6 Src/adc.o
 .debug_abbrev  0x00002fed      0x20f Src/analog.o
 .debug_abbrev  0x000031fc      0x29b Src/dht22.o
 .debug_abbrev  0x00003497      0x232 Src/freertos.o
 .debug_abbrev  0x000036c9      0x134 Src/gpio.o
 .debug_abbrev  0x000037fd      0x187 Src/isr_moisture.o
 .debug_abbrev  0x00003984      0x180 Src/isr_motor.o
 .debug_abbrev  0x00003b04      0x11b Src/iwdg.o
 .debug_abbrev  0x00003c1f      0x23a Src/main.o
 .debug_abbrev  0x00003e59      0x29b Src/moistureMeasure.o
 .debug_abbrev  0x000040f4      0x312 Src/motors.o
 .debug_abbrev  0x00004406      0x171 Src/printf.o
 .debug_abbrev  0x00004577      0x19a Src/relais.o
 .debug_abbrev  0x00004711      0x2c3 Src/sensor.o
 .debug_abbrev  0x000049d4      0x1b9 Src/spi.o
 .debug_abbrev  0x00004b8d      0x339 Src/spicomm.o
 .debug_abbrev  0x00004ec6       0x12 Src/startup_stm32f103xb.o
 .debug_abbrev  0x00004ed8      0x124 Src/stm32f1xx_hal_msp.o
 .debug_abbrev  0x00004ffc      0x1d2 Src/stm32f1xx_hal_timebase_TIM.o
 .debug_abbrev  0x000051ce      0x218 Src/stm32f1xx_it.o
 .debug_abbrev  0x000053e6      0x24b Src/stuff.o
 .debug_abbrev  0x00005631      0x125 Src/system_stm32f1xx.o
 .debug_abbrev  0x00005756      0x25c Src/tim.o
 .debug_abbrev  0x000059b2      0x1b9 Src/usart.o

.debug_loc      0x00000000    0x104a6
 .debug_loc     0x00000000       0x81 Drivers/STM32F1xx_HAL_Driver/Src/stm32f1xx_hal.o
 .debug_loc     0x00000081      0xb26 Drivers/STM32F1xx_HAL_Driver/Src/stm32f1xx_hal_adc.o
 .debug_loc     0x00000ba7      0x8bf Drivers/STM32F1xx_HAL_Driver/Src/stm32f1xx_hal_adc_ex.o
 .debug_loc     0x00001466      0x5c9 Drivers/STM32F1xx_HAL_Driver/Src/stm32f1xx_hal_cortex.o
 .debug_loc     0x00001a2f      0x3e1 Drivers/STM32F1xx_HAL_Driver/Src/stm32f1xx_hal_gpio.o
 .debug_loc     0x00001e10      0x106 Drivers/STM32F1xx_HAL_Driver/Src/stm32f1xx_hal_iwdg.o
 .debug_loc     0x00001f16      0x863 Drivers/STM32F1xx_HAL_Driver/Src/stm32f1xx_hal_rcc.o
 .debug_loc     0x00002779      0x393 Drivers/STM32F1xx_HAL_Driver/Src/stm32f1xx_hal_rcc_ex.o
 .debug_loc     0x00002b0c     0x17f2 Drivers/STM32F1xx_HAL_Driver/Src/stm32f1xx_hal_spi.o
 .debug_loc     0x000042fe       0x6e Drivers/STM32F1xx_HAL_Driver/Src/stm32f1xx_hal_spi_ex.o
 .debug_loc     0x0000436c     0x3fa0 Drivers/STM32F1xx_HAL_Driver/Src/stm32f1xx_hal_tim.o
 .debug_loc     0x0000830c      0xd4b Drivers/STM32F1xx_HAL_Driver/Src/stm32f1xx_hal_tim_ex.o
 .debug_loc     0x00009057     0x10b9 Drivers/STM32F1xx_HAL_Driver/Src/stm32f1xx_hal_uart.o
 .debug_loc     0x0000a110     0x1397 Middlewares/Third_Party/FreeRTOS/Source/CMSIS_RTOS/cmsis_os.o
 .debug_loc     0x0000b4a7       0x69 Middlewares/Third_Party/FreeRTOS/Source/list.o
 .debug_loc     0x0000b510     0x1559 Middlewares/Third_Party/FreeRTOS/Source/queue.o
 .debug_loc     0x0000ca69     0x1bd0 Middlewares/Third_Party/FreeRTOS/Source/tasks.o
 .debug_loc     0x0000e639       0x97 Middlewares/Third_Party/FreeRTOS/Source/portable/GCC/ARM_CM3/port.o
 .debug_loc     0x0000e6d0      0x467 Middlewares/Third_Party/FreeRTOS/Source/portable/MemMang/heap_4.o
 .debug_loc     0x0000eb37       0x42 Src/adc.o
 .debug_loc     0x0000eb79       0xe0 Src/analog.o
 .debug_loc     0x0000ec59      0x47b Src/dht22.o
 .debug_loc     0x0000f0d4       0x63 Src/freertos.o
 .debug_loc     0x0000f137       0x3a Src/isr_moisture.o
 .debug_loc     0x0000f171       0x21 Src/isr_motor.o
 .debug_loc     0x0000f192       0x74 Src/main.o
 .debug_loc     0x0000f206      0x234 Src/moistureMeasure.o
 .debug_loc     0x0000f43a      0x27c Src/motors.o
 .debug_loc     0x0000f6b6      0x598 Src/printf.o
 .debug_loc     0x0000fc4e      0x1d3 Src/relais.o
 .debug_loc     0x0000fe21       0xc7 Src/sensor.o
 .debug_loc     0x0000fee8       0x42 Src/spi.o
 .debug_loc     0x0000ff2a      0x234 Src/spicomm.o
 .debug_loc     0x0001015e       0x7a Src/stm32f1xx_hal_timebase_TIM.o
 .debug_loc     0x000101d8       0xf2 Src/stuff.o
 .debug_loc     0x000102ca       0xcd Src/system_stm32f1xx.o
 .debug_loc     0x00010397       0xcd Src/tim.o
 .debug_loc     0x00010464       0x42 Src/usart.o

.debug_aranges  0x00000000     0x13b8
 .debug_aranges
                0x00000000       0xa8 Drivers/STM32F1xx_HAL_Driver/Src/stm32f1xx_hal.o
 .debug_aranges
                0x000000a8       0xc8 Drivers/STM32F1xx_HAL_Driver/Src/stm32f1xx_hal_adc.o
 .debug_aranges
                0x00000170       0x80 Drivers/STM32F1xx_HAL_Driver/Src/stm32f1xx_hal_adc_ex.o
 .debug_aranges
                0x000001f0       0x90 Drivers/STM32F1xx_HAL_Driver/Src/stm32f1xx_hal_cortex.o
 .debug_aranges
                0x00000280       0x58 Drivers/STM32F1xx_HAL_Driver/Src/stm32f1xx_hal_gpio.o
 .debug_aranges
                0x000002d8       0x40 Drivers/STM32F1xx_HAL_Driver/Src/stm32f1xx_hal_iwdg.o
 .debug_aranges
                0x00000318       0x88 Drivers/STM32F1xx_HAL_Driver/Src/stm32f1xx_hal_rcc.o
 .debug_aranges
                0x000003a0       0x30 Drivers/STM32F1xx_HAL_Driver/Src/stm32f1xx_hal_rcc_ex.o
 .debug_aranges
                0x000003d0      0x110 Drivers/STM32F1xx_HAL_Driver/Src/stm32f1xx_hal_spi.o
 .debug_aranges
                0x000004e0       0x28 Drivers/STM32F1xx_HAL_Driver/Src/stm32f1xx_hal_spi_ex.o
 .debug_aranges
                0x00000508      0x250 Drivers/STM32F1xx_HAL_Driver/Src/stm32f1xx_hal_tim.o
 .debug_aranges
                0x00000758       0xe0 Drivers/STM32F1xx_HAL_Driver/Src/stm32f1xx_hal_tim_ex.o
 .debug_aranges
                0x00000838      0x108 Drivers/STM32F1xx_HAL_Driver/Src/stm32f1xx_hal_uart.o
 .debug_aranges
                0x00000940      0x180 Middlewares/Third_Party/FreeRTOS/Source/CMSIS_RTOS/cmsis_os.o
 .debug_aranges
                0x00000ac0       0x40 Middlewares/Third_Party/FreeRTOS/Source/list.o
 .debug_aranges
                0x00000b00       0xb8 Middlewares/Third_Party/FreeRTOS/Source/queue.o
 .debug_aranges
                0x00000bb8      0x170 Middlewares/Third_Party/FreeRTOS/Source/tasks.o
 .debug_aranges
                0x00000d28       0x90 Middlewares/Third_Party/FreeRTOS/Source/portable/GCC/ARM_CM3/port.o
 .debug_aranges
                0x00000db8       0x48 Middlewares/Third_Party/FreeRTOS/Source/portable/MemMang/heap_4.o
 .debug_aranges
                0x00000e00       0x30 Src/adc.o
 .debug_aranges
                0x00000e30       0x28 Src/analog.o
 .debug_aranges
                0x00000e58       0x60 Src/dht22.o
 .debug_aranges
                0x00000eb8       0x30 Src/freertos.o
 .debug_aranges
                0x00000ee8       0x20 Src/gpio.o
 .debug_aranges
                0x00000f08       0x38 Src/isr_moisture.o
 .debug_aranges
                0x00000f40       0x50 Src/isr_motor.o
 .debug_aranges
                0x00000f90       0x20 Src/iwdg.o
 .debug_aranges
                0x00000fb0       0x40 Src/main.o
 .debug_aranges
                0x00000ff0       0x60 Src/moistureMeasure.o
 .debug_aranges
                0x00001050       0x50 Src/motors.o
 .debug_aranges
                0x000010a0       0x40 Src/printf.o
 .debug_aranges
                0x000010e0       0x40 Src/relais.o
 .debug_aranges
                0x00001120       0x40 Src/sensor.o
 .debug_aranges
                0x00001160       0x30 Src/spi.o
 .debug_aranges
                0x00001190       0x50 Src/spicomm.o
 .debug_aranges
                0x000011e0       0x28 Src/startup_stm32f103xb.o
 .debug_aranges
                0x00001208       0x20 Src/stm32f1xx_hal_msp.o
 .debug_aranges
                0x00001228       0x30 Src/stm32f1xx_hal_timebase_TIM.o
 .debug_aranges
                0x00001258       0x78 Src/stm32f1xx_it.o
 .debug_aranges
                0x000012d0       0x38 Src/stuff.o
 .debug_aranges
                0x00001308       0x28 Src/system_stm32f1xx.o
 .debug_aranges
                0x00001330       0x58 Src/tim.o
 .debug_aranges
                0x00001388       0x30 Src/usart.o

.debug_ranges   0x00000000     0x1e90
 .debug_ranges  0x00000000       0xb0 Drivers/STM32F1xx_HAL_Driver/Src/stm32f1xx_hal.o
 .debug_ranges  0x000000b0       0xd0 Drivers/STM32F1xx_HAL_Driver/Src/stm32f1xx_hal_adc.o
 .debug_ranges  0x00000180       0xa0 Drivers/STM32F1xx_HAL_Driver/Src/stm32f1xx_hal_adc_ex.o
 .debug_ranges  0x00000220      0x150 Drivers/STM32F1xx_HAL_Driver/Src/stm32f1xx_hal_cortex.o
 .debug_ranges  0x00000370       0x68 Drivers/STM32F1xx_HAL_Driver/Src/stm32f1xx_hal_gpio.o
 .debug_ranges  0x000003d8       0x30 Drivers/STM32F1xx_HAL_Driver/Src/stm32f1xx_hal_iwdg.o
 .debug_ranges  0x00000408      0x278 Drivers/STM32F1xx_HAL_Driver/Src/stm32f1xx_hal_rcc.o
 .debug_ranges  0x00000680       0x88 Drivers/STM32F1xx_HAL_Driver/Src/stm32f1xx_hal_rcc_ex.o
 .debug_ranges  0x00000708      0x188 Drivers/STM32F1xx_HAL_Driver/Src/stm32f1xx_hal_spi.o
 .debug_ranges  0x00000890       0x18 Drivers/STM32F1xx_HAL_Driver/Src/stm32f1xx_hal_spi_ex.o
 .debug_ranges  0x000008a8      0x4e8 Drivers/STM32F1xx_HAL_Driver/Src/stm32f1xx_hal_tim.o
 .debug_ranges  0x00000d90      0x178 Drivers/STM32F1xx_HAL_Driver/Src/stm32f1xx_hal_tim_ex.o
 .debug_ranges  0x00000f08      0x150 Drivers/STM32F1xx_HAL_Driver/Src/stm32f1xx_hal_uart.o
 .debug_ranges  0x00001058      0x220 Middlewares/Third_Party/FreeRTOS/Source/CMSIS_RTOS/cmsis_os.o
 .debug_ranges  0x00001278       0x30 Middlewares/Third_Party/FreeRTOS/Source/list.o
 .debug_ranges  0x000012a8       0xf0 Middlewares/Third_Party/FreeRTOS/Source/queue.o
 .debug_ranges  0x00001398      0x2f0 Middlewares/Third_Party/FreeRTOS/Source/tasks.o
 .debug_ranges  0x00001688       0xb8 Middlewares/Third_Party/FreeRTOS/Source/portable/GCC/ARM_CM3/port.o
 .debug_ranges  0x00001740       0x38 Middlewares/Third_Party/FreeRTOS/Source/portable/MemMang/heap_4.o
 .debug_ranges  0x00001778       0x48 Src/adc.o
 .debug_ranges  0x000017c0       0x18 Src/analog.o
 .debug_ranges  0x000017d8       0xc0 Src/dht22.o
 .debug_ranges  0x00001898       0x20 Src/freertos.o
 .debug_ranges  0x000018b8       0x98 Src/gpio.o
 .debug_ranges  0x00001950       0x28 Src/isr_moisture.o
 .debug_ranges  0x00001978       0x40 Src/isr_motor.o
 .debug_ranges  0x000019b8       0x10 Src/iwdg.o
 .debug_ranges  0x000019c8       0x30 Src/main.o
 .debug_ranges  0x000019f8       0x50 Src/moistureMeasure.o
 .debug_ranges  0x00001a48       0x58 Src/motors.o
 .debug_ranges  0x00001aa0       0x30 Src/printf.o
 .debug_ranges  0x00001ad0       0x30 Src/relais.o
 .debug_ranges  0x00001b00       0x98 Src/sensor.o
 .debug_ranges  0x00001b98       0x50 Src/spi.o
 .debug_ranges  0x00001be8       0x58 Src/spicomm.o
 .debug_ranges  0x00001c40       0x20 Src/startup_stm32f103xb.o
 .debug_ranges  0x00001c60       0x38 Src/stm32f1xx_hal_msp.o
 .debug_ranges  0x00001c98       0x48 Src/stm32f1xx_hal_timebase_TIM.o
 .debug_ranges  0x00001ce0       0x68 Src/stm32f1xx_it.o
 .debug_ranges  0x00001d48       0x28 Src/stuff.o
 .debug_ranges  0x00001d70       0x18 Src/system_stm32f1xx.o
 .debug_ranges  0x00001d88       0xc0 Src/tim.o
 .debug_ranges  0x00001e48       0x48 Src/usart.o

.debug_macro    0x00000000    0x20ab9
 .debug_macro   0x00000000      0x320 Drivers/STM32F1xx_HAL_Driver/Src/stm32f1xx_hal.o
 .debug_macro   0x00000320      0x880 Drivers/STM32F1xx_HAL_Driver/Src/stm32f1xx_hal.o
 .debug_macro   0x00000ba0      0x1ea Drivers/STM32F1xx_HAL_Driver/Src/stm32f1xx_hal.o
 .debug_macro   0x00000d8a      0x173 Drivers/STM32F1xx_HAL_Driver/Src/stm32f1xx_hal.o
 .debug_macro   0x00000efd       0x2e Drivers/STM32F1xx_HAL_Driver/Src/stm32f1xx_hal.o
 .debug_macro   0x00000f2b       0x22 Drivers/STM32F1xx_HAL_Driver/Src/stm32f1xx_hal.o
 .debug_macro   0x00000f4d       0x22 Drivers/STM32F1xx_HAL_Driver/Src/stm32f1xx_hal.o
 .debug_macro   0x00000f6f       0x87 Drivers/STM32F1xx_HAL_Driver/Src/stm32f1xx_hal.o
 .debug_macro   0x00000ff6       0x44 Drivers/STM32F1xx_HAL_Driver/Src/stm32f1xx_hal.o
 .debug_macro   0x0000103a       0xfd Drivers/STM32F1xx_HAL_Driver/Src/stm32f1xx_hal.o
 .debug_macro   0x00001137       0x5e Drivers/STM32F1xx_HAL_Driver/Src/stm32f1xx_hal.o
 .debug_macro   0x00001195      0x1df Drivers/STM32F1xx_HAL_Driver/Src/stm32f1xx_hal.o
 .debug_macro   0x00001374       0x34 Drivers/STM32F1xx_HAL_Driver/Src/stm32f1xx_hal.o
 .debug_macro   0x000013a8       0x34 Drivers/STM32F1xx_HAL_Driver/Src/stm32f1xx_hal.o
 .debug_macro   0x000013dc      0xb8e Drivers/STM32F1xx_HAL_Driver/Src/stm32f1xx_hal.o
 .debug_macro   0x00001f6a     0xf2f7 Drivers/STM32F1xx_HAL_Driver/Src/stm32f1xx_hal.o
 .debug_macro   0x00011261       0x43 Drivers/STM32F1xx_HAL_Driver/Src/stm32f1xx_hal.o
 .debug_macro   0x000112a4     0x3383 Drivers/STM32F1xx_HAL_Driver/Src/stm32f1xx_hal.o
 .debug_macro   0x00014627       0x52 Drivers/STM32F1xx_HAL_Driver/Src/stm32f1xx_hal.o
 .debug_macro   0x00014679       0x35 Drivers/STM32F1xx_HAL_Driver/Src/stm32f1xx_hal.o
 .debug_macro   0x000146ae       0x9c Drivers/STM32F1xx_HAL_Driver/Src/stm32f1xx_hal.o
 .debug_macro   0x0001474a       0x16 Drivers/STM32F1xx_HAL_Driver/Src/stm32f1xx_hal.o
 .debug_macro   0x00014760       0x97 Drivers/STM32F1xx_HAL_Driver/Src/stm32f1xx_hal.o
 .debug_macro   0x000147f7      0x30d Drivers/STM32F1xx_HAL_Driver/Src/stm32f1xx_hal.o
 .debug_macro   0x00014b04       0xfd Drivers/STM32F1xx_HAL_Driver/Src/stm32f1xx_hal.o
 .debug_macro   0x00014c01       0x10 Drivers/STM32F1xx_HAL_Driver/Src/stm32f1xx_hal.o
 .debug_macro   0x00014c11       0x52 Drivers/STM32F1xx_HAL_Driver/Src/stm32f1xx_hal.o
 .debug_macro   0x00014c63       0x1f Drivers/STM32F1xx_HAL_Driver/Src/stm32f1xx_hal.o
 .debug_macro   0x00014c82       0x43 Drivers/STM32F1xx_HAL_Driver/Src/stm32f1xx_hal.o
 .debug_macro   0x00014cc5       0x20 Drivers/STM32F1xx_HAL_Driver/Src/stm32f1xx_hal.o
 .debug_macro   0x00014ce5      0x187 Drivers/STM32F1xx_HAL_Driver/Src/stm32f1xx_hal.o
 .debug_macro   0x00014e6c       0x10 Drivers/STM32F1xx_HAL_Driver/Src/stm32f1xx_hal.o
 .debug_macro   0x00014e7c       0x1c Drivers/STM32F1xx_HAL_Driver/Src/stm32f1xx_hal.o
 .debug_macro   0x00014e98       0x52 Drivers/STM32F1xx_HAL_Driver/Src/stm32f1xx_hal.o
 .debug_macro   0x00014eea       0x40 Drivers/STM32F1xx_HAL_Driver/Src/stm32f1xx_hal.o
 .debug_macro   0x00014f2a       0x10 Drivers/STM32F1xx_HAL_Driver/Src/stm32f1xx_hal.o
 .debug_macro   0x00014f3a       0x40 Drivers/STM32F1xx_HAL_Driver/Src/stm32f1xx_hal.o
 .debug_macro   0x00014f7a       0xd7 Drivers/STM32F1xx_HAL_Driver/Src/stm32f1xx_hal.o
 .debug_macro   0x00015051       0x16 Drivers/STM32F1xx_HAL_Driver/Src/stm32f1xx_hal.o
 .debug_macro   0x00015067      0x189 Drivers/STM32F1xx_HAL_Driver/Src/stm32f1xx_hal.o
 .debug_macro   0x000151f0       0x50 Drivers/STM32F1xx_HAL_Driver/Src/stm32f1xx_hal.o
 .debug_macro   0x00015240      0x778 Drivers/STM32F1xx_HAL_Driver/Src/stm32f1xx_hal.o
 .debug_macro   0x000159b8      0x28b Drivers/STM32F1xx_HAL_Driver/Src/stm32f1xx_hal.o
 .debug_macro   0x00015c43      0x141 Drivers/STM32F1xx_HAL_Driver/Src/stm32f1xx_hal.o
 .debug_macro   0x00015d84      0x197 Drivers/STM32F1xx_HAL_Driver/Src/stm32f1xx_hal.o
 .debug_macro   0x00015f1b      0x1ae Drivers/STM32F1xx_HAL_Driver/Src/stm32f1xx_hal.o
 .debug_macro   0x000160c9       0x2d Drivers/STM32F1xx_HAL_Driver/Src/stm32f1xx_hal.o
 .debug_macro   0x000160f6       0x3c Drivers/STM32F1xx_HAL_Driver/Src/stm32f1xx_hal.o
 .debug_macro   0x00016132       0x57 Drivers/STM32F1xx_HAL_Driver/Src/stm32f1xx_hal.o
 .debug_macro   0x00016189      0x46a Drivers/STM32F1xx_HAL_Driver/Src/stm32f1xx_hal.o
 .debug_macro   0x000165f3      0x1b5 Drivers/STM32F1xx_HAL_Driver/Src/stm32f1xx_hal.o
 .debug_macro   0x000167a8       0x8c Drivers/STM32F1xx_HAL_Driver/Src/stm32f1xx_hal.o
 .debug_macro   0x00016834      0x242 Drivers/STM32F1xx_HAL_Driver/Src/stm32f1xx_hal.o
 .debug_macro   0x00016a76       0x99 Drivers/STM32F1xx_HAL_Driver/Src/stm32f1xx_hal.o
 .debug_macro   0x00016b0f      0x143 Drivers/STM32F1xx_HAL_Driver/Src/stm32f1xx_hal.o
 .debug_macro   0x00016c52      0x1f4 Drivers/STM32F1xx_HAL_Driver/Src/stm32f1xx_hal.o
 .debug_macro   0x00016e46      0x83e Drivers/STM32F1xx_HAL_Driver/Src/stm32f1xx_hal.o
 .debug_macro   0x00017684       0x11 Drivers/STM32F1xx_HAL_Driver/Src/stm32f1xx_hal.o
 .debug_macro   0x00017695      0x256 Drivers/STM32F1xx_HAL_Driver/Src/stm32f1xx_hal.o
 .debug_macro   0x000178eb       0x7c Drivers/STM32F1xx_HAL_Driver/Src/stm32f1xx_hal.o
 .debug_macro   0x00017967      0x319 Drivers/STM32F1xx_HAL_Driver/Src/stm32f1xx_hal_adc.o
 .debug_macro   0x00017c80      0x30e Drivers/STM32F1xx_HAL_Driver/Src/stm32f1xx_hal_adc_ex.o
 .debug_macro   0x00017f8e      0x2fc Drivers/STM32F1xx_HAL_Driver/Src/stm32f1xx_hal_cortex.o
 .debug_macro   0x0001828a      0x36c Drivers/STM32F1xx_HAL_Driver/Src/stm32f1xx_hal_gpio.o
 .debug_macro   0x000185f6      0x302 Drivers/STM32F1xx_HAL_Driver/Src/stm32f1xx_hal_iwdg.o
 .debug_macro   0x000188f8      0x320 Drivers/STM32F1xx_HAL_Driver/Src/stm32f1xx_hal_rcc.o
 .debug_macro   0x00018c18      0x2fc Drivers/STM32F1xx_HAL_Driver/Src/stm32f1xx_hal_rcc_ex.o
 .debug_macro   0x00018f14      0x304 Drivers/STM32F1xx_HAL_Driver/Src/stm32f1xx_hal_spi.o
 .debug_macro   0x00019218      0x2fc Drivers/STM32F1xx_HAL_Driver/Src/stm32f1xx_hal_spi_ex.o
 .debug_macro   0x00019514      0x2fd Drivers/STM32F1xx_HAL_Driver/Src/stm32f1xx_hal_tim.o
 .debug_macro   0x00019811      0x2fc Drivers/STM32F1xx_HAL_Driver/Src/stm32f1xx_hal_tim_ex.o
 .debug_macro   0x00019b0d      0x2fd Drivers/STM32F1xx_HAL_Driver/Src/stm32f1xx_hal_uart.o
 .debug_macro   0x00019e0a      0x1ea Middlewares/Third_Party/FreeRTOS/Source/CMSIS_RTOS/cmsis_os.o
 .debug_macro   0x00019ff4       0x4c Middlewares/Third_Party/FreeRTOS/Source/CMSIS_RTOS/cmsis_os.o
 .debug_macro   0x0001a040       0x8d Middlewares/Third_Party/FreeRTOS/Source/CMSIS_RTOS/cmsis_os.o
 .debug_macro   0x0001a0cd      0x174 Middlewares/Third_Party/FreeRTOS/Source/CMSIS_RTOS/cmsis_os.o
 .debug_macro   0x0001a241       0x4a Middlewares/Third_Party/FreeRTOS/Source/CMSIS_RTOS/cmsis_os.o
 .debug_macro   0x0001a28b       0x10 Middlewares/Third_Party/FreeRTOS/Source/CMSIS_RTOS/cmsis_os.o
 .debug_macro   0x0001a29b       0x35 Middlewares/Third_Party/FreeRTOS/Source/CMSIS_RTOS/cmsis_os.o
 .debug_macro   0x0001a2d0       0x16 Middlewares/Third_Party/FreeRTOS/Source/CMSIS_RTOS/cmsis_os.o
 .debug_macro   0x0001a2e6       0x26 Middlewares/Third_Party/FreeRTOS/Source/CMSIS_RTOS/cmsis_os.o
 .debug_macro   0x0001a30c       0xcc Middlewares/Third_Party/FreeRTOS/Source/CMSIS_RTOS/cmsis_os.o
 .debug_macro   0x0001a3d8      0x15d Middlewares/Third_Party/FreeRTOS/Source/CMSIS_RTOS/cmsis_os.o
 .debug_macro   0x0001a535       0xd9 Middlewares/Third_Party/FreeRTOS/Source/CMSIS_RTOS/cmsis_os.o
 .debug_macro   0x0001a60e       0x10 Middlewares/Third_Party/FreeRTOS/Source/CMSIS_RTOS/cmsis_os.o
 .debug_macro   0x0001a61e       0x1f Middlewares/Third_Party/FreeRTOS/Source/CMSIS_RTOS/cmsis_os.o
 .debug_macro   0x0001a63d      0x3ed Middlewares/Third_Party/FreeRTOS/Source/CMSIS_RTOS/cmsis_os.o
 .debug_macro   0x0001aa2a       0xc0 Middlewares/Third_Party/FreeRTOS/Source/CMSIS_RTOS/cmsis_os.o
 .debug_macro   0x0001aaea       0x9a Middlewares/Third_Party/FreeRTOS/Source/CMSIS_RTOS/cmsis_os.o
 .debug_macro   0x0001ab84       0x91 Middlewares/Third_Party/FreeRTOS/Source/CMSIS_RTOS/cmsis_os.o
 .debug_macro   0x0001ac15       0xb0 Middlewares/Third_Party/FreeRTOS/Source/CMSIS_RTOS/cmsis_os.o
 .debug_macro   0x0001acc5       0x7f Middlewares/Third_Party/FreeRTOS/Source/CMSIS_RTOS/cmsis_os.o
 .debug_macro   0x0001ad44       0x19 Middlewares/Third_Party/FreeRTOS/Source/CMSIS_RTOS/cmsis_os.o
 .debug_macro   0x0001ad5d       0xcf Middlewares/Third_Party/FreeRTOS/Source/CMSIS_RTOS/cmsis_os.o
 .debug_macro   0x0001ae2c      0x18b Middlewares/Third_Party/FreeRTOS/Source/list.o
 .debug_macro   0x0001afb7      0x1fd Middlewares/Third_Party/FreeRTOS/Source/queue.o
 .debug_macro   0x0001b1b4       0x16 Middlewares/Third_Party/FreeRTOS/Source/queue.o
 .debug_macro   0x0001b1ca      0x239 Middlewares/Third_Party/FreeRTOS/Source/tasks.o
 .debug_macro   0x0001b403       0x10 Middlewares/Third_Party/FreeRTOS/Source/tasks.o
 .debug_macro   0x0001b413      0x17e Middlewares/Third_Party/FreeRTOS/Source/portable/GCC/ARM_CM3/port.o
 .debug_macro   0x0001b591      0x1b2 Middlewares/Third_Party/FreeRTOS/Source/portable/MemMang/heap_4.o
 .debug_macro   0x0001b743      0x310 Src/adc.o
 .debug_macro   0x0001ba53      0x409 Src/analog.o
 .debug_macro   0x0001be5c       0x22 Src/analog.o
 .debug_macro   0x0001be7e      0x179 Src/analog.o
 .debug_macro   0x0001bff7       0x3a Src/analog.o
 .debug_macro   0x0001c031       0x1c Src/analog.o
 .debug_macro   0x0001c04d       0x3a Src/analog.o
 .debug_macro   0x0001c087      0x3e0 Src/dht22.o
 .debug_macro   0x0001c467      0x49d Src/freertos.o
 .debug_macro   0x0001c904       0x3a Src/freertos.o
 .debug_macro   0x0001c93e      0x306 Src/gpio.o
 .debug_macro   0x0001cc44      0x322 Src/isr_moisture.o
 .debug_macro   0x0001cf66      0x3cc Src/isr_motor.o
 .debug_macro   0x0001d332       0xd2 Src/isr_motor.o
 .debug_macro   0x0001d404      0x306 Src/iwdg.o
 .debug_macro   0x0001d70a      0x482 Src/main.o
 .debug_macro   0x0001db8c       0x4c Src/main.o
 .debug_macro   0x0001dbd8      0x43a Src/moistureMeasure.o
 .debug_macro   0x0001e012      0x419 Src/motors.o
 .debug_macro   0x0001e42b       0x1a Src/printf.o
 .debug_macro   0x0001e445       0x58 Src/printf.o
 .debug_macro   0x0001e49d      0x34d Src/relais.o
 .debug_macro   0x0001e7ea      0x43b Src/sensor.o
 .debug_macro   0x0001ec25      0x310 Src/spi.o
 .debug_macro   0x0001ef35      0x492 Src/spicomm.o
 .debug_macro   0x0001f3c7      0x2fc Src/stm32f1xx_hal_msp.o
 .debug_macro   0x0001f6c3      0x2fc Src/stm32f1xx_hal_timebase_TIM.o
 .debug_macro   0x0001f9bf      0x3fa Src/stm32f1xx_it.o
 .debug_macro   0x0001fdb9      0x3de Src/stuff.o
 .debug_macro   0x00020197      0x302 Src/system_stm32f1xx.o
 .debug_macro   0x00020499      0x310 Src/tim.o
 .debug_macro   0x000207a9      0x310 Src/usart.o

.debug_line     0x00000000    0x1cc62
 .debug_line    0x00000000      0x9c0 Drivers/STM32F1xx_HAL_Driver/Src/stm32f1xx_hal.o
 .debug_line    0x000009c0      0xf14 Drivers/STM32F1xx_HAL_Driver/Src/stm32f1xx_hal_adc.o
 .debug_line    0x000018d4      0xd7a Drivers/STM32F1xx_HAL_Driver/Src/stm32f1xx_hal_adc_ex.o
 .debug_line    0x0000264e      0xa52 Drivers/STM32F1xx_HAL_Driver/Src/stm32f1xx_hal_cortex.o
 .debug_line    0x000030a0      0xa99 Drivers/STM32F1xx_HAL_Driver/Src/stm32f1xx_hal_gpio.o
 .debug_line    0x00003b39      0x956 Drivers/STM32F1xx_HAL_Driver/Src/stm32f1xx_hal_iwdg.o
 .debug_line    0x0000448f      0xea9 Drivers/STM32F1xx_HAL_Driver/Src/stm32f1xx_hal_rcc.o
 .debug_line    0x00005338      0x9c6 Drivers/STM32F1xx_HAL_Driver/Src/stm32f1xx_hal_rcc_ex.o
 .debug_line    0x00005cfe     0x1376 Drivers/STM32F1xx_HAL_Driver/Src/stm32f1xx_hal_spi.o
 .debug_line    0x00007074      0x8b6 Drivers/STM32F1xx_HAL_Driver/Src/stm32f1xx_hal_spi_ex.o
 .debug_line    0x0000792a     0x1b27 Drivers/STM32F1xx_HAL_Driver/Src/stm32f1xx_hal_tim.o
 .debug_line    0x00009451      0xdee Drivers/STM32F1xx_HAL_Driver/Src/stm32f1xx_hal_tim_ex.o
 .debug_line    0x0000a23f     0x1171 Drivers/STM32F1xx_HAL_Driver/Src/stm32f1xx_hal_uart.o
 .debug_line    0x0000b3b0      0xc43 Middlewares/Third_Party/FreeRTOS/Source/CMSIS_RTOS/cmsis_os.o
 .debug_line    0x0000bff3      0x622 Middlewares/Third_Party/FreeRTOS/Source/list.o
 .debug_line    0x0000c615      0xa5d Middlewares/Third_Party/FreeRTOS/Source/queue.o
 .debug_line    0x0000d072      0xeea Middlewares/Third_Party/FreeRTOS/Source/tasks.o
 .debug_line    0x0000df5c      0x6a4 Middlewares/Third_Party/FreeRTOS/Source/portable/GCC/ARM_CM3/port.o
 .debug_line    0x0000e600      0x6d2 Middlewares/Third_Party/FreeRTOS/Source/portable/MemMang/heap_4.o
 .debug_line    0x0000ecd2      0x8b5 Src/adc.o
 .debug_line    0x0000f587      0xadd Src/analog.o
 .debug_line    0x00010064      0xba3 Src/dht22.o
 .debug_line    0x00010c07      0xb7d Src/freertos.o
 .debug_line    0x00011784      0x892 Src/gpio.o
 .debug_line    0x00012016      0x8bc Src/isr_moisture.o
 .debug_line    0x000128d2      0xacc Src/isr_motor.o
 .debug_line    0x0001339e      0x84f Src/iwdg.o
 .debug_line    0x00013bed      0xb85 Src/main.o
 .debug_line    0x00014772      0xb81 Src/moistureMeasure.o
 .debug_line    0x000152f3      0xba1 Src/motors.o
 .debug_line    0x00015e94      0x219 Src/printf.o
 .debug_line    0x000160ad      0x8fb Src/relais.o
 .debug_line    0x000169a8      0xb85 Src/sensor.o
 .debug_line    0x0001752d      0x8c5 Src/spi.o
 .debug_line    0x00017df2      0xbf1 Src/spicomm.o
 .debug_line    0x000189e3       0x78 Src/startup_stm32f103xb.o
 .debug_line    0x00018a5b      0x85b Src/stm32f1xx_hal_msp.o
 .debug_line    0x000192b6      0x8a2 Src/stm32f1xx_hal_timebase_TIM.o
 .debug_line    0x00019b58      0xb4c Src/stm32f1xx_it.o
 .debug_line    0x0001a6a4      0xada Src/stuff.o
 .debug_line    0x0001b17e      0x899 Src/system_stm32f1xx.o
 .debug_line    0x0001ba17      0x98f Src/tim.o
 .debug_line    0x0001c3a6      0x8bc Src/usart.o

.debug_str      0x00000000    0x9d55f
 .debug_str     0x00000000    0x90e82 Drivers/STM32F1xx_HAL_Driver/Src/stm32f1xx_hal.o
                              0x91324 (size before relaxing)
 .debug_str     0x00090e82      0x623 Drivers/STM32F1xx_HAL_Driver/Src/stm32f1xx_hal_adc.o
                              0x91349 (size before relaxing)
 .debug_str     0x000914a5      0x2f0 Drivers/STM32F1xx_HAL_Driver/Src/stm32f1xx_hal_adc_ex.o
                              0x9135c (size before relaxing)
 .debug_str     0x00091795      0x2bc Drivers/STM32F1xx_HAL_Driver/Src/stm32f1xx_hal_cortex.o
                              0x9132e (size before relaxing)
 .debug_str     0x00091a51      0x459 Drivers/STM32F1xx_HAL_Driver/Src/stm32f1xx_hal_gpio.o
                              0x91113 (size before relaxing)
 .debug_str     0x00091eaa      0x16c Drivers/STM32F1xx_HAL_Driver/Src/stm32f1xx_hal_iwdg.o
                              0x90e0d (size before relaxing)
 .debug_str     0x00092016      0x3d2 Drivers/STM32F1xx_HAL_Driver/Src/stm32f1xx_hal_rcc.o
                              0x9117e (size before relaxing)
 .debug_str     0x000923e8      0x110 Drivers/STM32F1xx_HAL_Driver/Src/stm32f1xx_hal_rcc_ex.o
                              0x90e51 (size before relaxing)
 .debug_str     0x000924f8      0x487 Drivers/STM32F1xx_HAL_Driver/Src/stm32f1xx_hal_spi.o